Initialized native services in: /opt/gradle/.gradle/native
Initialized jansi services in: /opt/gradle/.gradle/native
The client will now receive all logging from the daemon (pid: 3019). The daemon log file: /opt/gradle/.gradle/daemon/9.3.1/daemon-3019.out.log
Starting 6th build in daemon [uptime: 7 mins 46.717 secs, performance: 99%, GC rate: 0.00/s, heap usage: 0% of 4 GiB]
Using 4 worker leases.
Operational build model parameters: {requiresToolingModels=false, parallelProjectExecution=true, configureOnDemand=false, configurationCache=true, configurationCacheParallelStore=false, configurationCacheParallelLoad=true, isolatedProjects=false, parallelProjectConfiguration=false, intermediateModelCache=false, parallelToolingApiActions=true, invalidateCoupledProjects=false, modelAsProjectDependency=false, resilientModelBuilding=false}
Encryption key source: default Gradle keystore (pkcs12)
Reusing configuration cache.
Watching the file system is configured to be enabled if available
Unable to list file systems to check whether they can be watched. Disabling watching. Reason: Could not query file systems: could not open mount file (errno 2: No such file or directory)
File system watching is inactive
Using local directory build cache for the root build (location = /opt/gradle/.gradle/caches/build-cache-1, remove unused entries = after 7 days).
Tasks to be executed: [task ':app:preBuild', task ':app:preDebugBuild', task ':app:generateDebugBuildConfig', task ':app:generateDebugResources', task ':app:processDebugGoogleServices', task ':app:packageDebugResources', task ':app:processDebugNavigationResources', task ':app:parseDebugLocalResources', task ':app:generateDebugRFile', task ':app:kspDebugKotlin', task ':app:compileDebugKotlin', task ':app:javaPreCompileDebug', task ':app:compileDebugJavaWithJavac', task ':app:checkDebugAarMetadata', task ':app:mapDebugSourceSetPaths', task ':app:compileDebugNavigationResources', task ':app:mergeDebugResources', task ':app:createDebugCompatibleScreenManifests', task ':app:extractDeepLinksDebug', task ':app:processDebugMainManifest', task ':app:processDebugManifest', task ':app:processDebugManifestForPackage', task ':app:processDebugResources', task ':app:bundleDebugClassesToRuntimeJar', task ':app:bundleDebugClassesToCompileJar', task ':app:kspDebugUnitTestKotlin', task ':app:preDebugUnitTestBuild', task ':app:compileDebugUnitTestKotlin', task ':app:javaPreCompileDebugUnitTest', task ':app:compileDebugUnitTestJavaWithJavac', task ':app:generateDebugAssets', task ':app:mergeDebugAssets', task ':app:packageDebugUnitTestForUnitTest', task ':app:processDebugUnitTestManifest', task ':app:generateDebugUnitTestConfig', task ':app:processDebugJavaRes', task ':app:processDebugUnitTestJavaRes', task ':app:testDebugUnitTest', task ':app:finalizeTestRoborazziDebug']
Tasks that were excluded: []
Resolve mutations for :app:preBuild (Thread[#350,Execution worker,5,main]) started.
Resolve mutations for :app:processDebugGoogleServices (Thread[#351,Execution worker Thread 2,5,main]) started.
Resolve mutations for :app:generateDebugAssets (Thread[#349,included builds,5,main]) started.
:app:preBuild (Thread[#350,Execution worker,5,main]) started.
:app:processDebugGoogleServices (Thread[#349,included builds,5,main]) started.
:app:generateDebugAssets (Thread[#351,Execution worker Thread 2,5,main]) started.

> Task :app:generateDebugAssets UP-TO-DATE
Skipping task ':app:generateDebugAssets' as it has no actions.

> Task :app:preBuild UP-TO-DATE
Skipping task ':app:preBuild' as it has no actions.
Build 6255702f-f6f3-4b7d-9450-371676265554 is started
Resolve mutations for :app:preDebugBuild (Thread[#350,Execution worker,5,main]) started.
Resolve mutations for :app:preDebugUnitTestBuild (Thread[#351,Execution worker Thread 2,5,main]) started.
:app:preDebugBuild (Thread[#350,Execution worker,5,main]) started.
:app:preDebugUnitTestBuild (Thread[#352,Execution worker Thread 3,5,main]) started.

> Task :app:preDebugBuild UP-TO-DATE
Skipping task ':app:preDebugBuild' as it has no actions.

> Task :app:preDebugUnitTestBuild UP-TO-DATE
Skipping task ':app:preDebugUnitTestBuild' as it has no actions.
Resolve mutations for :app:generateDebugBuildConfig (Thread[#352,Execution worker Thread 3,5,main]) started.
Resolve mutations for :app:generateDebugResources (Thread[#351,Execution worker Thread 2,5,main]) started.
Resolve mutations for :app:processDebugNavigationResources (Thread[#350,Execution worker,5,main]) started.
:app:generateDebugBuildConfig (Thread[#352,Execution worker Thread 3,5,main]) started.
:app:processDebugNavigationResources (Thread[#350,Execution worker,5,main]) started.
:app:generateDebugResources (Thread[#351,Execution worker Thread 2,5,main]) started.

> Task :app:processDebugGoogleServices UP-TO-DATE
Build cache key for task ':app:processDebugGoogleServices' is 2a27b14eda1ee893f0a718dffe52b5f8
Skipping task ':app:processDebugGoogleServices' as it is up-to-date.
Resolve mutations for :app:javaPreCompileDebug (Thread[#349,included builds,5,main]) started.
:app:javaPreCompileDebug (Thread[#349,included builds,5,main]) started.

> Task :app:generateDebugBuildConfig UP-TO-DATE
Build cache key for task ':app:generateDebugBuildConfig' is 0d3bc7c6055bfc275f4ace3cf43e8cd5
Skipping task ':app:generateDebugBuildConfig' as it is up-to-date.
Resolve mutations for :app:kspDebugKotlin (Thread[#352,Execution worker Thread 3,5,main]) started.
:app:kspDebugKotlin (Thread[#352,Execution worker Thread 3,5,main]) started.

> Task :app:generateDebugResources UP-TO-DATE
Build cache key for task ':app:generateDebugResources' is e03847a402d153fbce3b6f152b2be2cb
Skipping task ':app:generateDebugResources' as it is up-to-date.
Resolve mutations for :app:packageDebugResources (Thread[#351,Execution worker Thread 2,5,main]) started.
:app:packageDebugResources (Thread[#351,Execution worker Thread 2,5,main]) started.

> Task :app:packageDebugResources UP-TO-DATE
Build cache key for task ':app:packageDebugResources' is 4a82bd8d19f8e54de674500faf88348d
Skipping task ':app:packageDebugResources' as it is up-to-date.

> Task :app:javaPreCompileDebug UP-TO-DATE
Build cache key for task ':app:javaPreCompileDebug' is 79adfca6349b860eb0d1f97dfeae04b1
Skipping task ':app:javaPreCompileDebug' as it is up-to-date.
Resolve mutations for :app:checkDebugAarMetadata (Thread[#351,Execution worker Thread 2,5,main]) started.
Resolve mutations for :app:mapDebugSourceSetPaths (Thread[#349,included builds,5,main]) started.
:app:checkDebugAarMetadata (Thread[#351,Execution worker Thread 2,5,main]) started.
:app:mapDebugSourceSetPaths (Thread[#349,included builds,5,main]) started.

> Task :app:mapDebugSourceSetPaths UP-TO-DATE
Caching disabled for task ':app:mapDebugSourceSetPaths' because:
  Caching has been disabled for the task
Skipping task ':app:mapDebugSourceSetPaths' as it is up-to-date.
Resolve mutations for :app:mergeDebugResources (Thread[#349,included builds,5,main]) started.
:app:mergeDebugResources (Thread[#349,included builds,5,main]) started.

> Task :app:kspDebugKotlin UP-TO-DATE
Build cache key for task ':app:kspDebugKotlin' is e07ea753f860785c444d24e14ebfbef8
Skipping task ':app:kspDebugKotlin' as it is up-to-date.
Resolve mutations for :app:createDebugCompatibleScreenManifests (Thread[#352,Execution worker Thread 3,5,main]) started.
:app:createDebugCompatibleScreenManifests (Thread[#352,Execution worker Thread 3,5,main]) started.

> Task :app:createDebugCompatibleScreenManifests UP-TO-DATE
Caching disabled for task ':app:createDebugCompatibleScreenManifests' because:
  Caching has been disabled for the task
Skipping task ':app:createDebugCompatibleScreenManifests' as it is up-to-date.
Resolve mutations for :app:extractDeepLinksDebug (Thread[#352,Execution worker Thread 3,5,main]) started.
:app:extractDeepLinksDebug (Thread[#352,Execution worker Thread 3,5,main]) started.

> Task :app:extractDeepLinksDebug UP-TO-DATE
Build cache key for task ':app:extractDeepLinksDebug' is 2b99c9dcf0162b6ac852b4f5c090c1fb
Skipping task ':app:extractDeepLinksDebug' as it is up-to-date.
Resolve mutations for :app:processDebugMainManifest (Thread[#352,Execution worker Thread 3,5,main]) started.
:app:processDebugMainManifest (Thread[#352,Execution worker Thread 3,5,main]) started.

> Task :app:checkDebugAarMetadata UP-TO-DATE
Caching disabled for task ':app:checkDebugAarMetadata' because:
  Caching has been disabled for the task
Skipping task ':app:checkDebugAarMetadata' as it is up-to-date.
Resolve mutations for :app:javaPreCompileDebugUnitTest (Thread[#351,Execution worker Thread 2,5,main]) started.
:app:javaPreCompileDebugUnitTest (Thread[#351,Execution worker Thread 2,5,main]) started.

> Task :app:processDebugMainManifest UP-TO-DATE
Build cache key for task ':app:processDebugMainManifest' is 94e790b7f50366bc96ca13808083dc42
Skipping task ':app:processDebugMainManifest' as it is up-to-date.

> Task :app:javaPreCompileDebugUnitTest UP-TO-DATE
Build cache key for task ':app:javaPreCompileDebugUnitTest' is b8486e224dfc4b99227ca1dd301f5307
Skipping task ':app:javaPreCompileDebugUnitTest' as it is up-to-date.

> Task :app:mergeDebugResources UP-TO-DATE
Build cache key for task ':app:mergeDebugResources' is c6fc79d708006d0b4eb2293279b67e2b
Skipping task ':app:mergeDebugResources' as it is up-to-date.
Resolve mutations for :app:processDebugManifest (Thread[#351,Execution worker Thread 2,5,main]) started.
Resolve mutations for :app:mergeDebugAssets (Thread[#349,included builds,5,main]) started.
work action resolve navigation.json (project :app) (Thread[#352,Execution worker Thread 3,5,main]) started.
:app:processDebugManifest (Thread[#351,Execution worker Thread 2,5,main]) started.
Resolve mutations for :app:processDebugUnitTestManifest (Thread[#352,Execution worker Thread 3,5,main]) started.
:app:mergeDebugAssets (Thread[#349,included builds,5,main]) started.
:app:processDebugUnitTestManifest (Thread[#352,Execution worker Thread 3,5,main]) started.

> Task :app:processDebugManifest UP-TO-DATE
Build cache key for task ':app:processDebugManifest' is d25a41555f1cfaaf7aaafcf77c5c9d0e
Skipping task ':app:processDebugManifest' as it is up-to-date.
Resolve mutations for :app:processDebugManifestForPackage (Thread[#351,Execution worker Thread 2,5,main]) started.
:app:processDebugManifestForPackage (Thread[#351,Execution worker Thread 2,5,main]) started.

> Task :app:processDebugManifestForPackage UP-TO-DATE
Build cache key for task ':app:processDebugManifestForPackage' is a24221a3e96200309be0a0af0af6e981
Skipping task ':app:processDebugManifestForPackage' as it is up-to-date.

> Task :app:mergeDebugAssets UP-TO-DATE
Caching disabled for task ':app:mergeDebugAssets' because:
  Simple merging task
Skipping task ':app:mergeDebugAssets' as it is up-to-date.

> Task :app:processDebugNavigationResources UP-TO-DATE
Build cache key for task ':app:processDebugNavigationResources' is 732050a9378e7f1930b8dcb6d508d854
Skipping task ':app:processDebugNavigationResources' as it is up-to-date.
Resolve mutations for :app:parseDebugLocalResources (Thread[#350,Execution worker,5,main]) started.
Resolve mutations for :app:compileDebugNavigationResources (Thread[#349,included builds,5,main]) started.
:app:parseDebugLocalResources (Thread[#350,Execution worker,5,main]) started.
:app:compileDebugNavigationResources (Thread[#349,included builds,5,main]) started.

> Task :app:parseDebugLocalResources UP-TO-DATE
Build cache key for task ':app:parseDebugLocalResources' is 1a4544a6b68f80e8dc0307598b832d5f
Skipping task ':app:parseDebugLocalResources' as it is up-to-date.
Resolve mutations for :app:generateDebugRFile (Thread[#350,Execution worker,5,main]) started.
:app:generateDebugRFile (Thread[#350,Execution worker,5,main]) started.

> Task :app:processDebugUnitTestManifest UP-TO-DATE
Caching disabled for task ':app:processDebugUnitTestManifest' because:
  Caching has been disabled for the task
Skipping task ':app:processDebugUnitTestManifest' as it is up-to-date.

> Task :app:compileDebugNavigationResources UP-TO-DATE
Build cache key for task ':app:compileDebugNavigationResources' is a5b7af7fea59d8b45020054df087a0ea
Skipping task ':app:compileDebugNavigationResources' as it is up-to-date.
Resolve mutations for :app:processDebugResources (Thread[#349,included builds,5,main]) started.
:app:processDebugResources (Thread[#349,included builds,5,main]) started.

> Task :app:generateDebugRFile UP-TO-DATE
Build cache key for task ':app:generateDebugRFile' is 6b939d4ff80c0e4ccda6a5623ab073dd
Skipping task ':app:generateDebugRFile' as it is up-to-date.
Resolve mutations for :app:compileDebugKotlin (Thread[#350,Execution worker,5,main]) started.
:app:compileDebugKotlin (Thread[#350,Execution worker,5,main]) started.

> Task :app:compileDebugKotlin UP-TO-DATE
file or directory '/app/applet/app/src/main/kotlin', not found
file or directory '/app/applet/app/src/debug/java', not found
file or directory '/app/applet/app/src/debug/kotlin', not found
file or directory '/app/applet/app/src/debug/java', not found
file or directory '/app/applet/app/src/main/kotlin', not found
file or directory '/app/applet/app/src/debug/java', not found
file or directory '/app/applet/app/src/debug/kotlin', not found
file or directory '/app/applet/app/src/debug/java', not found
file or directory '/app/applet/app/src/main/kotlin', not found
file or directory '/app/applet/app/src/debug/java', not found
file or directory '/app/applet/app/src/debug/kotlin', not found
file or directory '/app/applet/app/src/debug/java', not found
Build cache key for task ':app:compileDebugKotlin' is b459a83565c169ad984b6d2e0995618b
Skipping task ':app:compileDebugKotlin' as it is up-to-date.
Resolve mutations for :app:compileDebugJavaWithJavac (Thread[#350,Execution worker,5,main]) started.
Resolve mutations for :app:processDebugJavaRes (Thread[#351,Execution worker Thread 2,5,main]) started.
:app:processDebugJavaRes (Thread[#351,Execution worker Thread 2,5,main]) started.
:app:compileDebugJavaWithJavac (Thread[#350,Execution worker,5,main]) started.

> Task :app:processDebugJavaRes UP-TO-DATE
file or directory '/app/applet/app/src/main/resources', not found
file or directory '/app/applet/app/src/debug/resources', not found
Caching disabled for task ':app:processDebugJavaRes' because:
  Caching has been disabled for the task
Skipping task ':app:processDebugJavaRes' as it is up-to-date.
work action resolve out (project :app) (Thread[#351,Execution worker Thread 2,5,main]) started.

> Task :app:compileDebugJavaWithJavac UP-TO-DATE
Build cache key for task ':app:compileDebugJavaWithJavac' is 8052a63a7b6f7a51e6b94de416ff2624
Skipping task ':app:compileDebugJavaWithJavac' as it is up-to-date.
No compile result for :app:compileDebugJavaWithJavac

> Task :app:processDebugResources UP-TO-DATE
Build cache key for task ':app:processDebugResources' is e443e1a9c1f5e2256cdf753686b2c156
Skipping task ':app:processDebugResources' as it is up-to-date.
Resolve mutations for :app:bundleDebugClassesToRuntimeJar (Thread[#349,included builds,5,main]) started.
:app:bundleDebugClassesToRuntimeJar (Thread[#349,included builds,5,main]) started.
Resolve mutations for :app:bundleDebugClassesToCompileJar (Thread[#350,Execution worker,5,main]) started.
Resolve mutations for :app:packageDebugUnitTestForUnitTest (Thread[#352,Execution worker Thread 3,5,main]) started.
:app:bundleDebugClassesToCompileJar (Thread[#351,Execution worker Thread 2,5,main]) started.
:app:packageDebugUnitTestForUnitTest (Thread[#352,Execution worker Thread 3,5,main]) started.

> Task :app:packageDebugUnitTestForUnitTest UP-TO-DATE
Caching disabled for task ':app:packageDebugUnitTestForUnitTest' because:
  Simple merging task
Skipping task ':app:packageDebugUnitTestForUnitTest' as it is up-to-date.

> Task :app:bundleDebugClassesToCompileJar UP-TO-DATE
Caching disabled for task ':app:bundleDebugClassesToCompileJar' because:
  Caching has been disabled for the task
Skipping task ':app:bundleDebugClassesToCompileJar' as it is up-to-date.

> Task :app:bundleDebugClassesToRuntimeJar UP-TO-DATE
Caching disabled for task ':app:bundleDebugClassesToRuntimeJar' because:
  Caching has been disabled for the task
Skipping task ':app:bundleDebugClassesToRuntimeJar' as it is up-to-date.
Resolve mutations for :app:generateDebugUnitTestConfig (Thread[#352,Execution worker Thread 3,5,main]) started.
work action resolve classes.jar (project :app) (Thread[#351,Execution worker Thread 2,5,main]) started.
work action resolve classes.jar (project :app) (Thread[#349,included builds,5,main]) started.
:app:generateDebugUnitTestConfig (Thread[#352,Execution worker Thread 3,5,main]) started.
Resolve mutations for :app:kspDebugUnitTestKotlin (Thread[#351,Execution worker Thread 2,5,main]) started.
:app:kspDebugUnitTestKotlin (Thread[#351,Execution worker Thread 2,5,main]) started.

> Task :app:generateDebugUnitTestConfig UP-TO-DATE
Caching disabled for task ':app:generateDebugUnitTestConfig' because:
  Caching has been disabled for the task
Skipping task ':app:generateDebugUnitTestConfig' as it is up-to-date.

> Task :app:kspDebugUnitTestKotlin UP-TO-DATE
Build cache key for task ':app:kspDebugUnitTestKotlin' is 9bd1c142eca918e4e0c3b232337c83dc
Skipping task ':app:kspDebugUnitTestKotlin' as it is up-to-date.
Resolve mutations for :app:compileDebugUnitTestKotlin (Thread[#351,Execution worker Thread 2,5,main]) started.
:app:compileDebugUnitTestKotlin (Thread[#352,Execution worker Thread 3,5,main]) started.

> Task :app:compileDebugUnitTestKotlin UP-TO-DATE
file or directory '/app/applet/app/src/test/kotlin', not found
file or directory '/app/applet/app/src/testDebug/java', not found
file or directory '/app/applet/app/src/testDebug/kotlin', not found
file or directory '/app/applet/app/src/testDebug/java', not found
file or directory '/app/applet/app/src/test/kotlin', not found
file or directory '/app/applet/app/src/testDebug/java', not found
file or directory '/app/applet/app/src/testDebug/kotlin', not found
file or directory '/app/applet/app/src/testDebug/java', not found
file or directory '/app/applet/app/src/test/kotlin', not found
file or directory '/app/applet/app/src/testDebug/java', not found
file or directory '/app/applet/app/src/testDebug/kotlin', not found
file or directory '/app/applet/app/src/testDebug/java', not found
Build cache key for task ':app:compileDebugUnitTestKotlin' is 18d7897ef86cd9954bfd1bc8e161dde8
Skipping task ':app:compileDebugUnitTestKotlin' as it is up-to-date.
Resolve mutations for :app:compileDebugUnitTestJavaWithJavac (Thread[#352,Execution worker Thread 3,5,main]) started.
Resolve mutations for :app:processDebugUnitTestJavaRes (Thread[#351,Execution worker Thread 2,5,main]) started.
:app:processDebugUnitTestJavaRes (Thread[#351,Execution worker Thread 2,5,main]) started.
:app:compileDebugUnitTestJavaWithJavac (Thread[#352,Execution worker Thread 3,5,main]) started.

> Task :app:compileDebugUnitTestJavaWithJavac NO-SOURCE
Skipping task ':app:compileDebugUnitTestJavaWithJavac' as it has no source files and no previous output files.

> Task :app:processDebugUnitTestJavaRes UP-TO-DATE
file or directory '/app/applet/app/src/test/resources', not found
file or directory '/app/applet/app/src/testDebug/resources', not found
Caching disabled for task ':app:processDebugUnitTestJavaRes' because:
  Caching has been disabled for the task
Skipping task ':app:processDebugUnitTestJavaRes' as it is up-to-date.
Resolve mutations for :app:testDebugUnitTest (Thread[#351,Execution worker Thread 2,5,main]) started.
:app:testDebugUnitTest (Thread[#351,Execution worker Thread 2,5,main]) started.
Gradle Test Executor 3 started executing tests.

> Task :app:testDebugUnitTest
Build cache key for task ':app:testDebugUnitTest' is 1fba256a816a45f9de6c5c2d460281bf
Task ':app:testDebugUnitTest' is not up-to-date because:
  Task has failed previously.
file or directory '/app/applet/app/build/generated/ksp/debugUnitTest/resources', not found
file or directory '/app/applet/app/build/generated/ksp/debugUnitTest/classes', not found
file or directory '/app/applet/app/build/intermediates/javac/debugUnitTest/compileDebugUnitTestJavaWithJavac/classes', not found
Starting process 'Gradle Test Executor 3'. Working directory: /app/applet/app Command: /usr/lib/jvm/temurin-21-jdk-amd64/bin/java -Djava.awt.headless=true -Djava.library.path=/usr/java/packages/lib:/usr/lib64:/lib64:/lib:/usr/lib:/app/applet/app/src/testDebug/jniLibs:/app/applet/app/src/test/jniLibs -Dmaven.repo.local=/app/applet/.robolectric-cache -Dorg.gradle.internal.worker.tmpdir=/app/applet/app/build/tmp/testDebugUnitTest/work --add-opens=java.base/java.io=ALL-UNNAMED @/opt/gradle/.gradle/.tmp/gradle-worker-classpath12897567744868565239txt -Xmx512m -Dfile.encoding=UTF-8 -Duser.country=US -Duser.language=en -Duser.variant -ea worker.org.gradle.process.internal.worker.GradleWorkerMain 'Gradle Test Executor 3'
Successfully started process 'Gradle Test Executor 3'

NavigationAndIndicatorRegressionTest > testNavigation_authenticationLifecycle FAILED
    androidx.compose.ui.res.ResourceResolutionException: Error attempting to load resource: res/drawable-nodpi-v4/hv1_banner.png
        at androidx.compose.ui.res.PainterResources_androidKt.loadImageBitmapResource(PainterResources.android.kt:116)
        at androidx.compose.ui.res.PainterResources_androidKt.painterResource(PainterResources.android.kt:75)
        at com.example.ui.screens.WelcomeScreenKt.WelcomeScreen(WelcomeScreen.kt:93)
        at com.example.MainActivityKt.MainAppScreen$lambda$81$lambda$80$lambda$79$lambda$78$lambda$31(MainActivity.kt:317)
        at androidx.compose.runtime.internal.ComposableLambdaImpl.invoke(ComposableLambda.jvm.kt:139)
        at androidx.compose.runtime.internal.ComposableLambdaImpl.invoke(ComposableLambda.jvm.kt:35)
        at androidx.navigation.compose.NavHostKt$NavHost$32$1.invoke(NavHost.kt:704)
        at androidx.navigation.compose.NavHostKt$NavHost$32$1.invoke(NavHost.kt:703)
        at androidx.compose.runtime.internal.ComposableLambdaImpl.invoke(ComposableLambda.jvm.kt:109)
        at androidx.compose.runtime.internal.ComposableLambdaImpl.invoke(ComposableLambda.jvm.kt:35)
        at androidx.compose.runtime.CompositionLocalKt.CompositionLocalProvider(CompositionLocal.kt:401)
        at androidx.compose.runtime.saveable.SaveableStateHolderImpl.SaveableStateProvider(SaveableStateHolder.kt:85)
        at androidx.navigation.compose.NavBackStackEntryProviderKt.SaveableStateProvider(NavBackStackEntryProvider.kt:65)
        at androidx.navigation.compose.NavBackStackEntryProviderKt.access$SaveableStateProvider(NavBackStackEntryProvider.kt:1)
        at androidx.navigation.compose.NavBackStackEntryProviderKt$LocalOwnersProvider$1.invoke(NavBackStackEntryProvider.kt:52)
        at androidx.navigation.compose.NavBackStackEntryProviderKt$LocalOwnersProvider$1.invoke(NavBackStackEntryProvider.kt:51)
        at androidx.compose.runtime.internal.ComposableLambdaImpl.invoke(ComposableLambda.jvm.kt:109)
        at androidx.compose.runtime.internal.ComposableLambdaImpl.invoke(ComposableLambda.jvm.kt:35)
        at androidx.compose.runtime.CompositionLocalKt.CompositionLocalProvider(CompositionLocal.kt:380)
        at androidx.navigation.compose.NavBackStackEntryProviderKt.LocalOwnersProvider(NavBackStackEntryProvider.kt:47)
        at androidx.navigation.compose.NavHostKt$NavHost$32.invoke(NavHost.kt:703)
        at androidx.navigation.compose.NavHostKt$NavHost$32.invoke(NavHost.kt:683)
        at androidx.compose.runtime.internal.ComposableLambdaImpl.invoke(ComposableLambda.jvm.kt:139)
        at androidx.compose.runtime.internal.ComposableLambdaImpl.invoke(ComposableLambda.jvm.kt:35)
        at androidx.compose.animation.AnimatedContentKt$AnimatedContent$6$1$5.invoke(AnimatedContent.kt:803)
        at androidx.compose.animation.AnimatedContentKt$AnimatedContent$6$1$5.invoke(AnimatedContent.kt:792)
        at androidx.compose.runtime.internal.ComposableLambdaImpl.invoke(ComposableLambda.jvm.kt:118)
        at androidx.compose.runtime.internal.ComposableLambdaImpl.invoke(ComposableLambda.jvm.kt:35)
        at androidx.compose.animation.AnimatedVisibilityKt.AnimatedEnterExitImpl(AnimatedVisibility.kt:771)
        at androidx.compose.animation.AnimatedContentKt$AnimatedContent$6$1.invoke(AnimatedContent.kt:774)
        at androidx.compose.animation.AnimatedContentKt$AnimatedContent$6$1.invoke(AnimatedContent.kt:757)
        at androidx.compose.runtime.internal.ComposableLambdaImpl.invoke(ComposableLambda.jvm.kt:109)
        at androidx.compose.runtime.internal.ComposableLambdaImpl.invoke(ComposableLambda.jvm.kt:35)
        at androidx.compose.animation.AnimatedContentKt.AnimatedContent(AnimatedContent.kt:816)
        at androidx.navigation.compose.NavHostKt.NavHost(NavHost.kt:655)
        at androidx.navigation.compose.NavHostKt.NavHost(NavHost.kt:212)
        at com.example.MainActivityKt.MainAppScreen$lambda$81$lambda$80(MainActivity.kt:311)
        at androidx.compose.runtime.internal.ComposableLambdaImpl.invoke(ComposableLambda.jvm.kt:118)
        at androidx.compose.runtime.internal.ComposableLambdaImpl.invoke(ComposableLambda.jvm.kt:35)
        at androidx.compose.material3.ScaffoldKt$ScaffoldLayout$1$1$bodyContentPlaceables$1.invoke(Scaffold.kt:261)
        at androidx.compose.material3.ScaffoldKt$ScaffoldLayout$1$1$bodyContentPlaceables$1.invoke(Scaffold.kt:238)
        at androidx.compose.runtime.internal.ComposableLambdaImpl.invoke(ComposableLambda.jvm.kt:109)
        at androidx.compose.runtime.internal.ComposableLambdaImpl.invoke(ComposableLambda.jvm.kt:35)
        at androidx.compose.ui.layout.LayoutNodeSubcompositionsState$subcompose$3$1$1.invoke(SubcomposeLayout.kt:1017)
        at androidx.compose.ui.layout.LayoutNodeSubcompositionsState$subcompose$3$1$1.invoke(SubcomposeLayout.kt:493)
        at androidx.compose.runtime.internal.ComposableLambdaImpl.invoke(ComposableLambda.jvm.kt:109)
        at androidx.compose.runtime.internal.ComposableLambdaImpl.invoke(ComposableLambda.jvm.kt:35)
        at androidx.compose.runtime.ActualJvm_jvmKt.invokeComposable(ActualJvm.jvm.kt:97)
        at androidx.compose.runtime.ComposerImpl.doCompose(Composer.kt:3595)
        at androidx.compose.runtime.ComposerImpl.composeContent$runtime_release(Composer.kt:3522)
        at androidx.compose.runtime.CompositionImpl.composeContent(Composition.kt:743)
        at androidx.compose.runtime.Recomposer.composeInitial$runtime_release(Recomposer.kt:1122)
        at androidx.compose.runtime.ComposerImpl$CompositionContextImpl.composeInitial$runtime_release(Composer.kt:3876)
        at androidx.compose.runtime.CompositionImpl.composeInitial(Composition.kt:649)
        at androidx.compose.runtime.CompositionImpl.setContent(Composition.kt:635)
        at androidx.compose.ui.layout.LayoutNodeSubcompositionsState.subcomposeInto(SubcomposeLayout.kt:516)
        at androidx.compose.ui.layout.LayoutNodeSubcompositionsState.subcompose(SubcomposeLayout.kt:488)
        at androidx.compose.ui.layout.LayoutNodeSubcompositionsState.subcompose(SubcomposeLayout.kt:479)
        at androidx.compose.ui.layout.LayoutNodeSubcompositionsState.subcompose(SubcomposeLayout.kt:463)
        at androidx.compose.ui.layout.LayoutNodeSubcompositionsState$Scope.subcompose(SubcomposeLayout.kt:895)
        at androidx.compose.material3.ScaffoldKt$ScaffoldLayout$1$1.invoke-0kLqBqw(Scaffold.kt:238)
        at androidx.compose.material3.ScaffoldKt$ScaffoldLayout$1$1.invoke(Scaffold.kt:140)
        at androidx.compose.ui.layout.LayoutNodeSubcompositionsState$createMeasurePolicy$1.measure-3p2s80s(SubcomposeLayout.kt:725)
        at androidx.compose.ui.node.InnerNodeCoordinator.measure-BRTryo0(InnerNodeCoordinator.kt:135)
        at androidx.compose.ui.node.LayoutNodeLayoutDelegate$performMeasureBlock$1.invoke(LayoutNodeLayoutDelegate.kt:316)
        at androidx.compose.ui.node.LayoutNodeLayoutDelegate$performMeasureBlock$1.invoke(LayoutNodeLayoutDelegate.kt:315)
        at androidx.compose.runtime.snapshots.Snapshot$Companion.observe(Snapshot.kt:503)
        at androidx.compose.runtime.snapshots.SnapshotStateObserver$ObservedScopeMap.observe(SnapshotStateObserver.kt:502)
        at androidx.compose.runtime.snapshots.SnapshotStateObserver.observeReads(SnapshotStateObserver.kt:258)
        at androidx.compose.ui.node.OwnerSnapshotObserver.observeReads$ui_release(OwnerSnapshotObserver.kt:133)
        at androidx.compose.ui.node.OwnerSnapshotObserver.observeMeasureSnapshotReads$ui_release(OwnerSnapshotObserver.kt:113)
        at androidx.compose.ui.node.LayoutNodeLayoutDelegate.performMeasure-BRTryo0(LayoutNodeLayoutDelegate.kt:1775)
        at androidx.compose.ui.node.LayoutNodeLayoutDelegate.access$performMeasure-BRTryo0(LayoutNodeLayoutDelegate.kt:40)
        at androidx.compose.ui.node.LayoutNodeLayoutDelegate$MeasurePassDelegate.remeasure-BRTryo0(LayoutNodeLayoutDelegate.kt:696)
        at androidx.compose.ui.node.LayoutNodeLayoutDelegate$MeasurePassDelegate.measure-BRTryo0(LayoutNodeLayoutDelegate.kt:672)
        at androidx.compose.foundation.layout.BoxMeasurePolicy.measure-3p2s80s(Box.kt:151)
        at androidx.compose.ui.node.InnerNodeCoordinator.measure-BRTryo0(InnerNodeCoordinator.kt:135)
        at androidx.compose.ui.graphics.SimpleGraphicsLayerModifier.measure-3p2s80s(GraphicsLayerModifier.kt:646)
        at androidx.compose.ui.node.LayoutModifierNodeCoordinator.measure-BRTryo0(LayoutModifierNodeCoordinator.kt:188)
        at androidx.compose.foundation.layout.FillNode.measure-3p2s80s(Size.kt:699)
        at androidx.compose.ui.node.LayoutModifierNodeCoordinator.measure-BRTryo0(LayoutModifierNodeCoordinator.kt:188)
        at androidx.compose.ui.node.LayoutNodeLayoutDelegate$performMeasureBlock$1.invoke(LayoutNodeLayoutDelegate.kt:316)
        at androidx.compose.ui.node.LayoutNodeLayoutDelegate$performMeasureBlock$1.invoke(LayoutNodeLayoutDelegate.kt:315)
        at androidx.compose.runtime.snapshots.Snapshot$Companion.observe(Snapshot.kt:503)
        at androidx.compose.runtime.snapshots.SnapshotStateObserver$ObservedScopeMap.observe(SnapshotStateObserver.kt:502)
        at androidx.compose.runtime.snapshots.SnapshotStateObserver.observeReads(SnapshotStateObserver.kt:258)
        at androidx.compose.ui.node.OwnerSnapshotObserver.observeReads$ui_release(OwnerSnapshotObserver.kt:133)
        at androidx.compose.ui.node.OwnerSnapshotObserver.observeMeasureSnapshotReads$ui_release(OwnerSnapshotObserver.kt:113)
        at androidx.compose.ui.node.LayoutNodeLayoutDelegate.performMeasure-BRTryo0(LayoutNodeLayoutDelegate.kt:1775)
        at androidx.compose.ui.node.LayoutNodeLayoutDelegate.access$performMeasure-BRTryo0(LayoutNodeLayoutDelegate.kt:40)
        at androidx.compose.ui.node.LayoutNodeLayoutDelegate$MeasurePassDelegate.remeasure-BRTryo0(LayoutNodeLayoutDelegate.kt:696)
        at androidx.compose.ui.node.LayoutNodeLayoutDelegate$MeasurePassDelegate.measure-BRTryo0(LayoutNodeLayoutDelegate.kt:672)
        at androidx.compose.ui.layout.RootMeasurePolicy.measure-3p2s80s(RootMeasurePolicy.kt:38)
        at androidx.compose.ui.node.InnerNodeCoordinator.measure-BRTryo0(InnerNodeCoordinator.kt:135)
        at androidx.compose.ui.node.LayoutNodeLayoutDelegate$performMeasureBlock$1.invoke(LayoutNodeLayoutDelegate.kt:316)
        at androidx.compose.ui.node.LayoutNodeLayoutDelegate$performMeasureBlock$1.invoke(LayoutNodeLayoutDelegate.kt:315)
        at androidx.compose.runtime.snapshots.Snapshot$Companion.observe(Snapshot.kt:2441)
        at androidx.compose.runtime.snapshots.SnapshotStateObserver$ObservedScopeMap.observe(SnapshotStateObserver.kt:502)
        at androidx.compose.runtime.snapshots.SnapshotStateObserver.observeReads(SnapshotStateObserver.kt:258)
        at androidx.compose.ui.node.OwnerSnapshotObserver.observeReads$ui_release(OwnerSnapshotObserver.kt:133)
        at androidx.compose.ui.node.OwnerSnapshotObserver.observeMeasureSnapshotReads$ui_release(OwnerSnapshotObserver.kt:113)
        at androidx.compose.ui.node.LayoutNodeLayoutDelegate.performMeasure-BRTryo0(LayoutNodeLayoutDelegate.kt:1775)
        at androidx.compose.ui.node.LayoutNodeLayoutDelegate.access$performMeasure-BRTryo0(LayoutNodeLayoutDelegate.kt:40)
        at androidx.compose.ui.node.LayoutNodeLayoutDelegate$MeasurePassDelegate.remeasure-BRTryo0(LayoutNodeLayoutDelegate.kt:696)
        at androidx.compose.ui.node.LayoutNode.remeasure-_Sx5XlM$ui_release(LayoutNode.kt:1222)
        at androidx.compose.ui.node.MeasureAndLayoutDelegate.doRemeasure-sdFAvZA(MeasureAndLayoutDelegate.kt:367)
        at androidx.compose.ui.node.MeasureAndLayoutDelegate.remeasureOnly(MeasureAndLayoutDelegate.kt:622)
        at androidx.compose.ui.node.MeasureAndLayoutDelegate.measureOnly(MeasureAndLayoutDelegate.kt:420)
        at androidx.compose.ui.platform.AndroidComposeView.onMeasure(AndroidComposeView.android.kt:1375)
        at android.view.View.measure(View.java:28407)
        at androidx.compose.ui.platform.AbstractComposeView.internalOnMeasure$ui_release(ComposeView.android.kt:309)
        at androidx.compose.ui.platform.AbstractComposeView.onMeasure(ComposeView.android.kt:296)
        at android.view.View.measure(View.java:28407)
        at android.view.ViewGroup.measureChildWithMargins(ViewGroup.java:7028)
        at android.widget.FrameLayout.onMeasure(FrameLayout.java:194)
        at android.view.View.measure(View.java:28407)
        at android.view.ViewGroup.measureChildWithMargins(ViewGroup.java:7028)
        at android.widget.LinearLayout.measureChildBeforeLayout(LinearLayout.java:1608)
        at android.widget.LinearLayout.measureVertical(LinearLayout.java:878)
        at android.widget.LinearLayout.onMeasure(LinearLayout.java:721)
        at android.view.View.measure(View.java:28407)
        at android.view.ViewGroup.measureChildWithMargins(ViewGroup.java:7028)
        at android.widget.FrameLayout.onMeasure(FrameLayout.java:194)
        at com.android.internal.policy.DecorView.onMeasure(DecorView.java:736)
        at android.view.View.measure(View.java:28407)
        at android.view.ViewRootImpl.performMeasure(ViewRootImpl.java:4998)
        at android.view.ViewRootImpl.measureHierarchy(ViewRootImpl.java:3391)
        at android.view.ViewRootImpl.performTraversals(ViewRootImpl.java:3699)
        at android.view.ViewRootImpl.doTraversal(ViewRootImpl.java:3076)
        at android.view.ViewRootImpl$TraversalRunnable.run(ViewRootImpl.java:10643)
        at android.view.Choreographer$CallbackRecord.run(Choreographer.java:1570)
        at android.view.Choreographer$CallbackRecord.run(Choreographer.java:1579)
        at android.view.Choreographer.doCallbacks(Choreographer.java:1179)
        at android.view.Choreographer.doFrame(Choreographer.java:1108)
        at java.base@21.0.11/jdk.internal.reflect.DirectMethodHandleAccessor.invoke(DirectMethodHandleAccessor.java:103)
        at org.robolectric.shadows.ShadowChoreographer$ChoreographerReflector$$Reflector35.doFrame(Unknown Source)
        at org.robolectric.shadows.ShadowChoreographer.lambda$doFrame$1(ShadowChoreographer.java:208)
        at app//org.robolectric.util.PerfStatsCollector.measure(PerfStatsCollector.java:83)
        at org.robolectric.shadows.ShadowChoreographer.doFrame(ShadowChoreographer.java:208)
        at android.view.Choreographer.doFrame(Choreographer.java)
        at android.view.Choreographer$FrameDisplayEventReceiver.run(Choreographer.java:1553)
        at android.os.Handler.handleCallback(Handler.java:995)
        at android.os.Handler.dispatchMessage(Handler.java:103)
        at org.robolectric.shadows.ShadowPausedLooper$IdlingRunnable.doRun(ShadowPausedLooper.java:677)
        at org.robolectric.shadows.ShadowPausedLooper$ControlRunnable.run(ShadowPausedLooper.java:599)
        at org.robolectric.shadows.ShadowPausedLooper$HandlerExecutor.execute(ShadowPausedLooper.java:849)
        at org.robolectric.shadows.ShadowPausedLooper.executeOnLooper(ShadowPausedLooper.java:765)
        at org.robolectric.shadows.ShadowPausedLooper.idle(ShadowPausedLooper.java:109)
        at org.robolectric.android.internal.LocalControlledLooper.drainMainThreadUntilIdle(LocalControlledLooper.java:19)
        at androidx.test.espresso.Espresso.onIdle(Espresso.java:11)
        at androidx.test.espresso.Espresso.onIdle(Espresso.java:1)
        at androidx.compose.ui.test.EspressoLink_androidKt.runEspressoOnIdle(EspressoLink.android.kt:92)
        at androidx.compose.ui.test.RobolectricIdlingStrategy$runUntilIdle$1.invoke(RobolectricIdlingStrategy.android.kt:66)
        at androidx.compose.ui.test.RobolectricIdlingStrategy$runUntilIdle$1.invoke(RobolectricIdlingStrategy.android.kt:48)
        at androidx.compose.ui.test.AndroidSynchronization_androidKt.runOnUiThread(AndroidSynchronization.android.kt:33)
        at androidx.compose.ui.test.RobolectricIdlingStrategy.runUntilIdle(RobolectricIdlingStrategy.android.kt:48)
        at androidx.compose.ui.test.AndroidComposeUiTestEnvironment.waitForIdle(ComposeUiTest.android.kt:346)
        at androidx.compose.ui.test.AndroidComposeUiTestEnvironment.access$waitForIdle(ComposeUiTest.android.kt:219)
        at androidx.compose.ui.test.AndroidComposeUiTestEnvironment$AndroidComposeUiTestImpl.waitForIdle(ComposeUiTest.android.kt:416)
        at androidx.compose.ui.test.AndroidComposeUiTestEnvironment$AndroidComposeUiTestImpl.setContent(ComposeUiTest.android.kt:499)
        at androidx.compose.ui.test.junit4.AndroidComposeTestRule.setContent(AndroidComposeTestRule.android.kt:348)
        at com.example.NavigationAndIndicatorRegressionTest.testNavigation_authenticationLifecycle(NavigationAndIndicatorRegressionTest.kt:327)

        Caused by:
        java.lang.NullPointerException: null cannot be cast to non-null type android.graphics.drawable.BitmapDrawable
            at androidx.compose.ui.res.ImageResources_androidKt.imageResource(ImageResources.android.kt:39)
            at androidx.compose.ui.res.PainterResources_androidKt.loadImageBitmapResource(PainterResources.android.kt:114)
            at androidx.compose.ui.res.PainterResources_androidKt.painterResource(PainterResources.android.kt:75)
            at com.example.ui.screens.WelcomeScreenKt.WelcomeScreen(WelcomeScreen.kt:93)
            at com.example.MainActivityKt.MainAppScreen$lambda$81$lambda$80$lambda$79$lambda$78$lambda$31(MainActivity.kt:317)
            at androidx.compose.runtime.internal.ComposableLambdaImpl.invoke(ComposableLambda.jvm.kt:139)
            at androidx.compose.runtime.internal.ComposableLambdaImpl.invoke(ComposableLambda.jvm.kt:35)
            at androidx.navigation.compose.NavHostKt$NavHost$32$1.invoke(NavHost.kt:704)
            at androidx.navigation.compose.NavHostKt$NavHost$32$1.invoke(NavHost.kt:703)
            at androidx.compose.runtime.internal.ComposableLambdaImpl.invoke(ComposableLambda.jvm.kt:109)
            at androidx.compose.runtime.internal.ComposableLambdaImpl.invoke(ComposableLambda.jvm.kt:35)
            at androidx.compose.runtime.CompositionLocalKt.CompositionLocalProvider(CompositionLocal.kt:401)
            at androidx.compose.runtime.saveable.SaveableStateHolderImpl.SaveableStateProvider(SaveableStateHolder.kt:85)
            at androidx.navigation.compose.NavBackStackEntryProviderKt.SaveableStateProvider(NavBackStackEntryProvider.kt:65)
            at androidx.navigation.compose.NavBackStackEntryProviderKt.access$SaveableStateProvider(NavBackStackEntryProvider.kt:1)
            at androidx.navigation.compose.NavBackStackEntryProviderKt$LocalOwnersProvider$1.invoke(NavBackStackEntryProvider.kt:52)
            at androidx.navigation.compose.NavBackStackEntryProviderKt$LocalOwnersProvider$1.invoke(NavBackStackEntryProvider.kt:51)
            at androidx.compose.runtime.internal.ComposableLambdaImpl.invoke(ComposableLambda.jvm.kt:109)
            at androidx.compose.runtime.internal.ComposableLambdaImpl.invoke(ComposableLambda.jvm.kt:35)
            at androidx.compose.runtime.CompositionLocalKt.CompositionLocalProvider(CompositionLocal.kt:380)
            at androidx.navigation.compose.NavBackStackEntryProviderKt.LocalOwnersProvider(NavBackStackEntryProvider.kt:47)
            at androidx.navigation.compose.NavHostKt$NavHost$32.invoke(NavHost.kt:703)
            at androidx.navigation.compose.NavHostKt$NavHost$32.invoke(NavHost.kt:683)
            at androidx.compose.runtime.internal.ComposableLambdaImpl.invoke(ComposableLambda.jvm.kt:139)
            at androidx.compose.runtime.internal.ComposableLambdaImpl.invoke(ComposableLambda.jvm.kt:35)
            at androidx.compose.animation.AnimatedContentKt$AnimatedContent$6$1$5.invoke(AnimatedContent.kt:803)
            at androidx.compose.animation.AnimatedContentKt$AnimatedContent$6$1$5.invoke(AnimatedContent.kt:792)
            at androidx.compose.runtime.internal.ComposableLambdaImpl.invoke(ComposableLambda.jvm.kt:118)
            at androidx.compose.runtime.internal.ComposableLambdaImpl.invoke(ComposableLambda.jvm.kt:35)
            at androidx.compose.animation.AnimatedVisibilityKt.AnimatedEnterExitImpl(AnimatedVisibility.kt:771)
            at androidx.compose.animation.AnimatedContentKt$AnimatedContent$6$1.invoke(AnimatedContent.kt:774)
            at androidx.compose.animation.AnimatedContentKt$AnimatedContent$6$1.invoke(AnimatedContent.kt:757)
            at androidx.compose.runtime.internal.ComposableLambdaImpl.invoke(ComposableLambda.jvm.kt:109)
            at androidx.compose.runtime.internal.ComposableLambdaImpl.invoke(ComposableLambda.jvm.kt:35)
            at androidx.compose.animation.AnimatedContentKt.AnimatedContent(AnimatedContent.kt:816)
            at androidx.navigation.compose.NavHostKt.NavHost(NavHost.kt:655)
            at androidx.navigation.compose.NavHostKt.NavHost(NavHost.kt:212)
            at com.example.MainActivityKt.MainAppScreen$lambda$81$lambda$80(MainActivity.kt:311)
            at androidx.compose.runtime.internal.ComposableLambdaImpl.invoke(ComposableLambda.jvm.kt:118)
            at androidx.compose.runtime.internal.ComposableLambdaImpl.invoke(ComposableLambda.jvm.kt:35)
            at androidx.compose.material3.ScaffoldKt$ScaffoldLayout$1$1$bodyContentPlaceables$1.invoke(Scaffold.kt:261)
            at androidx.compose.material3.ScaffoldKt$ScaffoldLayout$1$1$bodyContentPlaceables$1.invoke(Scaffold.kt:238)
            at androidx.compose.runtime.internal.ComposableLambdaImpl.invoke(ComposableLambda.jvm.kt:109)
            at androidx.compose.runtime.internal.ComposableLambdaImpl.invoke(ComposableLambda.jvm.kt:35)
            at androidx.compose.ui.layout.LayoutNodeSubcompositionsState$subcompose$3$1$1.invoke(SubcomposeLayout.kt:1017)
            at androidx.compose.ui.layout.LayoutNodeSubcompositionsState$subcompose$3$1$1.invoke(SubcomposeLayout.kt:493)
            at androidx.compose.runtime.internal.ComposableLambdaImpl.invoke(ComposableLambda.jvm.kt:109)
            at androidx.compose.runtime.internal.ComposableLambdaImpl.invoke(ComposableLambda.jvm.kt:35)
            at androidx.compose.runtime.ActualJvm_jvmKt.invokeComposable(ActualJvm.jvm.kt:97)
            at androidx.compose.runtime.ComposerImpl.doCompose(Composer.kt:3595)
            at androidx.compose.runtime.ComposerImpl.composeContent$runtime_release(Composer.kt:3522)
            at androidx.compose.runtime.CompositionImpl.composeContent(Composition.kt:743)
            at androidx.compose.runtime.Recomposer.composeInitial$runtime_release(Recomposer.kt:1122)
            at androidx.compose.runtime.ComposerImpl$CompositionContextImpl.composeInitial$runtime_release(Composer.kt:3876)
            at androidx.compose.runtime.CompositionImpl.composeInitial(Composition.kt:649)
            at androidx.compose.runtime.CompositionImpl.setContent(Composition.kt:635)
            at androidx.compose.ui.layout.LayoutNodeSubcompositionsState.subcomposeInto(SubcomposeLayout.kt:516)
            at androidx.compose.ui.layout.LayoutNodeSubcompositionsState.subcompose(SubcomposeLayout.kt:488)
            at androidx.compose.ui.layout.LayoutNodeSubcompositionsState.subcompose(SubcomposeLayout.kt:479)
            at androidx.compose.ui.layout.LayoutNodeSubcompositionsState.subcompose(SubcomposeLayout.kt:463)
            at androidx.compose.ui.layout.LayoutNodeSubcompositionsState$Scope.subcompose(SubcomposeLayout.kt:895)
            at androidx.compose.material3.ScaffoldKt$ScaffoldLayout$1$1.invoke-0kLqBqw(Scaffold.kt:238)
            at androidx.compose.material3.ScaffoldKt$ScaffoldLayout$1$1.invoke(Scaffold.kt:140)
            at androidx.compose.ui.layout.LayoutNodeSubcompositionsState$createMeasurePolicy$1.measure-3p2s80s(SubcomposeLayout.kt:725)
            at androidx.compose.ui.node.InnerNodeCoordinator.measure-BRTryo0(InnerNodeCoordinator.kt:135)
            at androidx.compose.ui.node.LayoutNodeLayoutDelegate$performMeasureBlock$1.invoke(LayoutNodeLayoutDelegate.kt:316)
            at androidx.compose.ui.node.LayoutNodeLayoutDelegate$performMeasureBlock$1.invoke(LayoutNodeLayoutDelegate.kt:315)
            at androidx.compose.runtime.snapshots.Snapshot$Companion.observe(Snapshot.kt:503)
            at androidx.compose.runtime.snapshots.SnapshotStateObserver$ObservedScopeMap.observe(SnapshotStateObserver.kt:502)
            at androidx.compose.runtime.snapshots.SnapshotStateObserver.observeReads(SnapshotStateObserver.kt:258)
            at androidx.compose.ui.node.OwnerSnapshotObserver.observeReads$ui_release(OwnerSnapshotObserver.kt:133)
            at androidx.compose.ui.node.OwnerSnapshotObserver.observeMeasureSnapshotReads$ui_release(OwnerSnapshotObserver.kt:113)
            at androidx.compose.ui.node.LayoutNodeLayoutDelegate.performMeasure-BRTryo0(LayoutNodeLayoutDelegate.kt:1775)
            at androidx.compose.ui.node.LayoutNodeLayoutDelegate.access$performMeasure-BRTryo0(LayoutNodeLayoutDelegate.kt:40)
            at androidx.compose.ui.node.LayoutNodeLayoutDelegate$MeasurePassDelegate.remeasure-BRTryo0(LayoutNodeLayoutDelegate.kt:696)
            at androidx.compose.ui.node.LayoutNodeLayoutDelegate$MeasurePassDelegate.measure-BRTryo0(LayoutNodeLayoutDelegate.kt:672)
            at androidx.compose.foundation.layout.BoxMeasurePolicy.measure-3p2s80s(Box.kt:151)
            at androidx.compose.ui.node.InnerNodeCoordinator.measure-BRTryo0(InnerNodeCoordinator.kt:135)
            at androidx.compose.ui.graphics.SimpleGraphicsLayerModifier.measure-3p2s80s(GraphicsLayerModifier.kt:646)
            at androidx.compose.ui.node.LayoutModifierNodeCoordinator.measure-BRTryo0(LayoutModifierNodeCoordinator.kt:188)
            at androidx.compose.foundation.layout.FillNode.measure-3p2s80s(Size.kt:699)
            at androidx.compose.ui.node.LayoutModifierNodeCoordinator.measure-BRTryo0(LayoutModifierNodeCoordinator.kt:188)
            at androidx.compose.ui.node.LayoutNodeLayoutDelegate$performMeasureBlock$1.invoke(LayoutNodeLayoutDelegate.kt:316)
            at androidx.compose.ui.node.LayoutNodeLayoutDelegate$performMeasureBlock$1.invoke(LayoutNodeLayoutDelegate.kt:315)
            at androidx.compose.runtime.snapshots.Snapshot$Companion.observe(Snapshot.kt:503)
            at androidx.compose.runtime.snapshots.SnapshotStateObserver$ObservedScopeMap.observe(SnapshotStateObserver.kt:502)
            at androidx.compose.runtime.snapshots.SnapshotStateObserver.observeReads(SnapshotStateObserver.kt:258)
            at androidx.compose.ui.node.OwnerSnapshotObserver.observeReads$ui_release(OwnerSnapshotObserver.kt:133)
            at androidx.compose.ui.node.OwnerSnapshotObserver.observeMeasureSnapshotReads$ui_release(OwnerSnapshotObserver.kt:113)
            at androidx.compose.ui.node.LayoutNodeLayoutDelegate.performMeasure-BRTryo0(LayoutNodeLayoutDelegate.kt:1775)
            at androidx.compose.ui.node.LayoutNodeLayoutDelegate.access$performMeasure-BRTryo0(LayoutNodeLayoutDelegate.kt:40)
            at androidx.compose.ui.node.LayoutNodeLayoutDelegate$MeasurePassDelegate.remeasure-BRTryo0(LayoutNodeLayoutDelegate.kt:696)
            at androidx.compose.ui.node.LayoutNodeLayoutDelegate$MeasurePassDelegate.measure-BRTryo0(LayoutNodeLayoutDelegate.kt:672)
            at androidx.compose.ui.layout.RootMeasurePolicy.measure-3p2s80s(RootMeasurePolicy.kt:38)
            at androidx.compose.ui.node.InnerNodeCoordinator.measure-BRTryo0(InnerNodeCoordinator.kt:135)
            at androidx.compose.ui.node.LayoutNodeLayoutDelegate$performMeasureBlock$1.invoke(LayoutNodeLayoutDelegate.kt:316)
            at androidx.compose.ui.node.LayoutNodeLayoutDelegate$performMeasureBlock$1.invoke(LayoutNodeLayoutDelegate.kt:315)
            at androidx.compose.runtime.snapshots.Snapshot$Companion.observe(Snapshot.kt:2441)
            at androidx.compose.runtime.snapshots.SnapshotStateObserver$ObservedScopeMap.observe(SnapshotStateObserver.kt:502)
            at androidx.compose.runtime.snapshots.SnapshotStateObserver.observeReads(SnapshotStateObserver.kt:258)
            at androidx.compose.ui.node.OwnerSnapshotObserver.observeReads$ui_release(OwnerSnapshotObserver.kt:133)
            at androidx.compose.ui.node.OwnerSnapshotObserver.observeMeasureSnapshotReads$ui_release(OwnerSnapshotObserver.kt:113)
            at androidx.compose.ui.node.LayoutNodeLayoutDelegate.performMeasure-BRTryo0(LayoutNodeLayoutDelegate.kt:1775)
            at androidx.compose.ui.node.LayoutNodeLayoutDelegate.access$performMeasure-BRTryo0(LayoutNodeLayoutDelegate.kt:40)
            at androidx.compose.ui.node.LayoutNodeLayoutDelegate$MeasurePassDelegate.remeasure-BRTryo0(LayoutNodeLayoutDelegate.kt:696)
            at androidx.compose.ui.node.LayoutNode.remeasure-_Sx5XlM$ui_release(LayoutNode.kt:1222)
            at androidx.compose.ui.node.MeasureAndLayoutDelegate.doRemeasure-sdFAvZA(MeasureAndLayoutDelegate.kt:367)
            at androidx.compose.ui.node.MeasureAndLayoutDelegate.remeasureOnly(MeasureAndLayoutDelegate.kt:622)
            at androidx.compose.ui.node.MeasureAndLayoutDelegate.measureOnly(MeasureAndLayoutDelegate.kt:420)
            at androidx.compose.ui.platform.AndroidComposeView.onMeasure(AndroidComposeView.android.kt:1375)
            at android.view.View.$$robo$$android_view_View$measure(View.java:28407)
            at android.view.View.measure(View.java)
            at androidx.compose.ui.platform.AbstractComposeView.internalOnMeasure$ui_release(ComposeView.android.kt:309)
            at androidx.compose.ui.platform.AbstractComposeView.onMeasure(ComposeView.android.kt:296)
            at android.view.View.$$robo$$android_view_View$measure(View.java:28407)
            at android.view.View.measure(View.java)
            at android.view.ViewGroup.$$robo$$android_view_ViewGroup$measureChildWithMargins(ViewGroup.java:7028)
            at android.view.ViewGroup.measureChildWithMargins(ViewGroup.java)
            at android.widget.FrameLayout.$$robo$$android_widget_FrameLayout$onMeasure(FrameLayout.java:194)
            at android.widget.FrameLayout.onMeasure(FrameLayout.java)
            at android.view.View.$$robo$$android_view_View$measure(View.java:28407)
            at android.view.View.measure(View.java)
            at android.view.ViewGroup.$$robo$$android_view_ViewGroup$measureChildWithMargins(ViewGroup.java:7028)
            at android.view.ViewGroup.measureChildWithMargins(ViewGroup.java)
            at android.widget.LinearLayout.$$robo$$android_widget_LinearLayout$measureChildBeforeLayout(LinearLayout.java:1608)
            at android.widget.LinearLayout.measureChildBeforeLayout(LinearLayout.java)
            at android.widget.LinearLayout.$$robo$$android_widget_LinearLayout$measureVertical(LinearLayout.java:878)
            at android.widget.LinearLayout.measureVertical(LinearLayout.java)
            at android.widget.LinearLayout.$$robo$$android_widget_LinearLayout$onMeasure(LinearLayout.java:721)
            at android.widget.LinearLayout.onMeasure(LinearLayout.java)
            at android.view.View.$$robo$$android_view_View$measure(View.java:28407)
            at android.view.View.measure(View.java)
            at android.view.ViewGroup.$$robo$$android_view_ViewGroup$measureChildWithMargins(ViewGroup.java:7028)
            at android.view.ViewGroup.measureChildWithMargins(ViewGroup.java)
            at android.widget.FrameLayout.$$robo$$android_widget_FrameLayout$onMeasure(FrameLayout.java:194)
            at android.widget.FrameLayout.onMeasure(FrameLayout.java)
            at com.android.internal.policy.DecorView.$$robo$$com_android_internal_policy_DecorView$onMeasure(DecorView.java:736)
            at com.android.internal.policy.DecorView.onMeasure(DecorView.java)
            at android.view.View.$$robo$$android_view_View$measure(View.java:28407)
            at android.view.View.measure(View.java)
            at android.view.ViewRootImpl.$$robo$$android_view_ViewRootImpl$performMeasure(ViewRootImpl.java:4998)
            at android.view.ViewRootImpl.performMeasure(ViewRootImpl.java)
            at android.view.ViewRootImpl.$$robo$$android_view_ViewRootImpl$measureHierarchy(ViewRootImpl.java:3391)
            at android.view.ViewRootImpl.measureHierarchy(ViewRootImpl.java)
            at android.view.ViewRootImpl.$$robo$$android_view_ViewRootImpl$performTraversals(ViewRootImpl.java:3699)
            at android.view.ViewRootImpl.performTraversals(ViewRootImpl.java)
            at android.view.ViewRootImpl.$$robo$$android_view_ViewRootImpl$doTraversal(ViewRootImpl.java:3076)
            at android.view.ViewRootImpl.doTraversal(ViewRootImpl.java)
            at android.view.ViewRootImpl$TraversalRunnable.$$robo$$android_view_ViewRootImpl_TraversalRunnable$run(ViewRootImpl.java:10643)
            at android.view.ViewRootImpl$TraversalRunnable.run(ViewRootImpl.java)
            at android.view.Choreographer$CallbackRecord.$$robo$$android_view_Choreographer_CallbackRecord$run(Choreographer.java:1570)
            at android.view.Choreographer$CallbackRecord.run(Choreographer.java)
            at android.view.Choreographer$CallbackRecord.$$robo$$android_view_Choreographer_CallbackRecord$run(Choreographer.java:1579)
            at android.view.Choreographer$CallbackRecord.run(Choreographer.java)
            at android.view.Choreographer.$$robo$$android_view_Choreographer$doCallbacks(Choreographer.java:1179)
            at android.view.Choreographer.doCallbacks(Choreographer.java)
            at android.view.Choreographer.$$robo$$android_view_Choreographer$doFrame(Choreographer.java:1108)
            at java.base/jdk.internal.reflect.DirectMethodHandleAccessor.invoke(DirectMethodHandleAccessor.java:103)
            at java.base/java.lang.reflect.Method.invoke(Method.java:580)
            at org.robolectric.shadows.ShadowChoreographer$ChoreographerReflector$$Reflector35.doFrame(Unknown Source)
            at org.robolectric.shadows.ShadowChoreographer.lambda$doFrame$1(ShadowChoreographer.java:208)
            at org.robolectric.util.PerfStatsCollector.measure(PerfStatsCollector.java:83)
            at org.robolectric.shadows.ShadowChoreographer.doFrame(ShadowChoreographer.java:208)
            at android.view.Choreographer.doFrame(Choreographer.java)
            at android.view.Choreographer$FrameDisplayEventReceiver.$$robo$$android_view_Choreographer_FrameDisplayEventReceiver$run(Choreographer.java:1553)
            at android.view.Choreographer$FrameDisplayEventReceiver.run(Choreographer.java)
            at android.os.Handler.$$robo$$android_os_Handler$handleCallback(Handler.java:995)
            at android.os.Handler.handleCallback(Handler.java)
            at android.os.Handler.$$robo$$android_os_Handler$dispatchMessage(Handler.java:103)
            at android.os.Handler.dispatchMessage(Handler.java)
            ... 19 more

NavigationAndIndicatorRegressionTest > testExerciseCardHeader_expandedState STANDARD_ERROR
    System.logW: A resource was acquired at attached stack trace but never released. See java.io.Closeable for information on avoiding resource leaks.
    java.lang.Throwable: Explicit termination method 'close' not called
    	at dalvik.system.CloseGuard.$$robo$$dalvik_system_CloseGuard$openWithCallSite(CloseGuard.java:288)
    	at dalvik.system.CloseGuard.openWithCallSite(CloseGuard.java)
    	at dalvik.system.CloseGuard.$$robo$$dalvik_system_CloseGuard$open(CloseGuard.java:257)
    	at java.base/jdk.internal.reflect.DirectMethodHandleAccessor.invoke(DirectMethodHandleAccessor.java:103)
    	at java.base/java.lang.reflect.Method.invoke(Method.java:580)
    	at org.robolectric.shadows.ShadowCloseGuard$CloseGuardReflector$$Reflector33.open(Unknown Source)
    	at org.robolectric.shadows.ShadowCloseGuard.open(ShadowCloseGuard.java:38)
    	at dalvik.system.CloseGuard.open(CloseGuard.java)
    	at android.database.sqlite.SQLiteDatabase.$$robo$$android_database_sqlite_SQLiteDatabase$openInner(SQLiteDatabase.java:1192)
    	at android.database.sqlite.SQLiteDatabase.openInner(SQLiteDatabase.java)
    	at android.database.sqlite.SQLiteDatabase.$$robo$$android_database_sqlite_SQLiteDatabase$open(SQLiteDatabase.java:1171)
    	at android.database.sqlite.SQLiteDatabase.open(SQLiteDatabase.java)
    	at android.database.sqlite.SQLiteDatabase.$$robo$$android_database_sqlite_SQLiteDatabase$openDatabase(SQLiteDatabase.java:1035)
    	at android.database.sqlite.SQLiteDatabase.openDatabase(SQLiteDatabase.java)
    	at android.database.sqlite.SQLiteDatabase.$$robo$$android_database_sqlite_SQLiteDatabase$createInMemory(SQLiteDatabase.java:1231)
    	at android.database.sqlite.SQLiteDatabase.createInMemory(SQLiteDatabase.java)
    	at android.database.sqlite.SQLiteOpenHelper.$$robo$$android_database_sqlite_SQLiteOpenHelper$getDatabaseLocked(SQLiteOpenHelper.java:389)
    	at android.database.sqlite.SQLiteOpenHelper.getDatabaseLocked(SQLiteOpenHelper.java)
    	at android.database.sqlite.SQLiteOpenHelper.$$robo$$android_database_sqlite_SQLiteOpenHelper$getWritableDatabase(SQLiteOpenHelper.java:336)
    	at android.database.sqlite.SQLiteOpenHelper.getWritableDatabase(SQLiteOpenHelper.java)
    	at androidx.sqlite.db.framework.FrameworkSQLiteOpenHelper$OpenHelper.getWritableOrReadableDatabase(FrameworkSQLiteOpenHelper.android.kt:224)
    	at androidx.sqlite.db.framework.FrameworkSQLiteOpenHelper$OpenHelper.innerGetDatabase(FrameworkSQLiteOpenHelper.android.kt:167)
    	at androidx.sqlite.db.framework.FrameworkSQLiteOpenHelper$OpenHelper.getSupportDatabase(FrameworkSQLiteOpenHelper.android.kt:141)
    	at androidx.sqlite.db.framework.FrameworkSQLiteOpenHelper.getWritableDatabase(FrameworkSQLiteOpenHelper.android.kt:96)
    	at androidx.room.driver.SupportSQLiteDriver.open(SupportSQLiteDriver.android.kt:26)
    	at androidx.room.driver.SupportSQLiteConnectionPool.getSupportConnection(SupportSQLiteConnectionPool.android.kt:35)
    	at androidx.room.driver.SupportSQLiteConnectionPool.useConnection(SupportSQLiteConnectionPool.android.kt:42)
    	at androidx.room.RoomConnectionManager.useConnection(RoomConnectionManager.android.kt:126)
    	at androidx.room.RoomDatabase.useConnection$room_runtime_release(RoomDatabase.android.kt:588)
    	at androidx.room.util.DBUtil__DBUtil_androidKt$performSuspending$$inlined$compatCoroutineExecute$DBUtil__DBUtil_androidKt$1.invokeSuspend(DBUtil.android.kt:109)
    	at kotlin.coroutines.jvm.internal.BaseContinuationImpl.resumeWith(ContinuationImpl.kt:33)
    	at kotlinx.coroutines.DispatchedTask.run(DispatchedTask.kt:100)
    	at com.example.NavigationAndIndicatorRegressionTest.getLazyViewModel$lambda$0(NavigationAndIndicatorRegressionTest.kt:71)
    	at kotlinx.coroutines.ExecutorCoroutineDispatcherImpl.dispatch(Executors.kt:131)
    	at kotlinx.coroutines.internal.DispatchedContinuationKt.safeDispatch(DispatchedContinuation.kt:254)
    	at kotlinx.coroutines.internal.DispatchedContinuationKt.resumeCancellableWith(DispatchedContinuation.kt:318)
    	at kotlinx.coroutines.intrinsics.CancellableKt.startCoroutineCancellable(Cancellable.kt:26)
    	at kotlinx.coroutines.BuildersKt__Builders_commonKt.withContext(Builders.common.kt:170)
    	at kotlinx.coroutines.BuildersKt.withContext(Unknown Source)
    	at androidx.room.util.DBUtil__DBUtil_androidKt.performSuspending(DBUtil.android.kt:247)
    	at androidx.room.util.DBUtil.performSuspending(Unknown Source)
    	at com.example.data.StrengthDao_Impl.getUserProfile(StrengthDao_Impl.kt:837)
    	at com.example.data.StrengthRepository.getUserProfile(StrengthRepository.kt:36)
    	at com.example.data.AuthRepository$1.invokeSuspend(AuthRepository.kt:62)
    	at kotlin.coroutines.jvm.internal.BaseContinuationImpl.resumeWith(ContinuationImpl.kt:33)
    	at kotlinx.coroutines.DispatchedTask.run(DispatchedTask.kt:100)
    	at kotlinx.coroutines.internal.LimitedDispatcher$Worker.run(LimitedDispatcher.kt:124)
    	at kotlinx.coroutines.scheduling.TaskImpl.run(Tasks.kt:89)
    	at kotlinx.coroutines.scheduling.CoroutineScheduler.runSafely(CoroutineScheduler.kt:586)
    	at kotlinx.coroutines.scheduling.CoroutineScheduler$Worker.executeTask(CoroutineScheduler.kt:820)
    	at kotlinx.coroutines.scheduling.CoroutineScheduler$Worker.runWorker(CoroutineScheduler.kt:717)
    	at kotlinx.coroutines.scheduling.CoroutineScheduler$Worker.run(CoroutineScheduler.kt:704)


NavigationAndIndicatorRegressionTest > testExerciseCardHeader_narrowHandsetAndLargeFont STANDARD_ERROR
    System.logW: A resource was acquired at attached stack trace but never released. See java.io.Closeable for information on avoiding resource leaks.
    java.lang.Throwable: Explicit termination method 'close' not called
    	at dalvik.system.CloseGuard.$$robo$$dalvik_system_CloseGuard$openWithCallSite(CloseGuard.java:288)
    	at dalvik.system.CloseGuard.openWithCallSite(CloseGuard.java)
    	at dalvik.system.CloseGuard.$$robo$$dalvik_system_CloseGuard$open(CloseGuard.java:257)
    	at java.base/jdk.internal.reflect.DirectMethodHandleAccessor.invoke(DirectMethodHandleAccessor.java:103)
    	at java.base/java.lang.reflect.Method.invoke(Method.java:580)
    	at org.robolectric.shadows.ShadowCloseGuard$CloseGuardReflector$$Reflector33.open(Unknown Source)
    	at org.robolectric.shadows.ShadowCloseGuard.open(ShadowCloseGuard.java:38)
    	at dalvik.system.CloseGuard.open(CloseGuard.java)
    	at android.database.sqlite.SQLiteDatabase.$$robo$$android_database_sqlite_SQLiteDatabase$openInner(SQLiteDatabase.java:1192)
    	at android.database.sqlite.SQLiteDatabase.openInner(SQLiteDatabase.java)
    	at android.database.sqlite.SQLiteDatabase.$$robo$$android_database_sqlite_SQLiteDatabase$open(SQLiteDatabase.java:1171)
    	at android.database.sqlite.SQLiteDatabase.open(SQLiteDatabase.java)
    	at android.database.sqlite.SQLiteDatabase.$$robo$$android_database_sqlite_SQLiteDatabase$openDatabase(SQLiteDatabase.java:1035)
    	at android.database.sqlite.SQLiteDatabase.openDatabase(SQLiteDatabase.java)
    	at android.database.sqlite.SQLiteDatabase.$$robo$$android_database_sqlite_SQLiteDatabase$createInMemory(SQLiteDatabase.java:1231)
    	at android.database.sqlite.SQLiteDatabase.createInMemory(SQLiteDatabase.java)
    	at android.database.sqlite.SQLiteOpenHelper.$$robo$$android_database_sqlite_SQLiteOpenHelper$getDatabaseLocked(SQLiteOpenHelper.java:389)
    	at android.database.sqlite.SQLiteOpenHelper.getDatabaseLocked(SQLiteOpenHelper.java)
    	at android.database.sqlite.SQLiteOpenHelper.$$robo$$android_database_sqlite_SQLiteOpenHelper$getWritableDatabase(SQLiteOpenHelper.java:336)
    	at android.database.sqlite.SQLiteOpenHelper.getWritableDatabase(SQLiteOpenHelper.java)
    	at androidx.sqlite.db.framework.FrameworkSQLiteOpenHelper$OpenHelper.getWritableOrReadableDatabase(FrameworkSQLiteOpenHelper.android.kt:224)
    	at androidx.sqlite.db.framework.FrameworkSQLiteOpenHelper$OpenHelper.innerGetDatabase(FrameworkSQLiteOpenHelper.android.kt:167)
    	at androidx.sqlite.db.framework.FrameworkSQLiteOpenHelper$OpenHelper.getSupportDatabase(FrameworkSQLiteOpenHelper.android.kt:141)
    	at androidx.sqlite.db.framework.FrameworkSQLiteOpenHelper.getWritableDatabase(FrameworkSQLiteOpenHelper.android.kt:96)
    	at androidx.room.driver.SupportSQLiteDriver.open(SupportSQLiteDriver.android.kt:26)
    	at androidx.room.driver.SupportSQLiteConnectionPool.getSupportConnection(SupportSQLiteConnectionPool.android.kt:35)
    	at androidx.room.driver.SupportSQLiteConnectionPool.useConnection(SupportSQLiteConnectionPool.android.kt:42)
    	at androidx.room.RoomConnectionManager.useConnection(RoomConnectionManager.android.kt:126)
    	at androidx.room.RoomDatabase.useConnection$room_runtime_release(RoomDatabase.android.kt:588)
    	at androidx.room.util.DBUtil__DBUtil_androidKt$performSuspending$$inlined$compatCoroutineExecute$DBUtil__DBUtil_androidKt$1.invokeSuspend(DBUtil.android.kt:109)
    	at kotlin.coroutines.jvm.internal.BaseContinuationImpl.resumeWith(ContinuationImpl.kt:33)
    	at kotlinx.coroutines.DispatchedTask.run(DispatchedTask.kt:100)
    	at com.example.NavigationAndIndicatorRegressionTest.getLazyViewModel$lambda$0(NavigationAndIndicatorRegressionTest.kt:71)
    	at kotlinx.coroutines.ExecutorCoroutineDispatcherImpl.dispatch(Executors.kt:131)
    	at kotlinx.coroutines.internal.DispatchedContinuationKt.safeDispatch(DispatchedContinuation.kt:254)
    	at kotlinx.coroutines.internal.DispatchedContinuationKt.resumeCancellableWith(DispatchedContinuation.kt:318)
    	at kotlinx.coroutines.intrinsics.CancellableKt.startCoroutineCancellable(Cancellable.kt:26)
    	at kotlinx.coroutines.BuildersKt__Builders_commonKt.withContext(Builders.common.kt:170)
    	at kotlinx.coroutines.BuildersKt.withContext(Unknown Source)
    	at androidx.room.util.DBUtil__DBUtil_androidKt.performSuspending(DBUtil.android.kt:247)
    	at androidx.room.util.DBUtil.performSuspending(Unknown Source)
    	at com.example.data.StrengthDao_Impl.getUserProfile(StrengthDao_Impl.kt:837)
    	at com.example.data.StrengthRepository.getUserProfile(StrengthRepository.kt:36)
    	at com.example.data.AuthRepository$1.invokeSuspend(AuthRepository.kt:62)
    	at kotlin.coroutines.jvm.internal.BaseContinuationImpl.resumeWith(ContinuationImpl.kt:33)
    	at kotlinx.coroutines.DispatchedTask.run(DispatchedTask.kt:100)
    	at kotlinx.coroutines.internal.LimitedDispatcher$Worker.run(LimitedDispatcher.kt:124)
    	at kotlinx.coroutines.scheduling.TaskImpl.run(Tasks.kt:89)
    	at kotlinx.coroutines.scheduling.CoroutineScheduler.runSafely(CoroutineScheduler.kt:586)
    	at kotlinx.coroutines.scheduling.CoroutineScheduler$Worker.executeTask(CoroutineScheduler.kt:820)
    	at kotlinx.coroutines.scheduling.CoroutineScheduler$Worker.runWorker(CoroutineScheduler.kt:717)
    	at kotlinx.coroutines.scheduling.CoroutineScheduler$Worker.run(CoroutineScheduler.kt:704)


NavigationAndIndicatorRegressionTest > testNavigation_reproduceWorkoutSummaryToHistoryToWorkout STANDARD_ERROR
    System.logW: A resource was acquired at attached stack trace but never released. See java.io.Closeable for information on avoiding resource leaks.
    java.lang.Throwable: Explicit termination method 'close' not called
    	at dalvik.system.CloseGuard.$$robo$$dalvik_system_CloseGuard$openWithCallSite(CloseGuard.java:288)
    	at dalvik.system.CloseGuard.openWithCallSite(CloseGuard.java)
    	at dalvik.system.CloseGuard.$$robo$$dalvik_system_CloseGuard$open(CloseGuard.java:257)
    	at java.base/jdk.internal.reflect.DirectMethodHandleAccessor.invoke(DirectMethodHandleAccessor.java:103)
    	at java.base/java.lang.reflect.Method.invoke(Method.java:580)
    	at org.robolectric.shadows.ShadowCloseGuard$CloseGuardReflector$$Reflector33.open(Unknown Source)
    	at org.robolectric.shadows.ShadowCloseGuard.open(ShadowCloseGuard.java:38)
    	at dalvik.system.CloseGuard.open(CloseGuard.java)
    	at android.database.sqlite.SQLiteDatabase.$$robo$$android_database_sqlite_SQLiteDatabase$openInner(SQLiteDatabase.java:1192)
    	at android.database.sqlite.SQLiteDatabase.openInner(SQLiteDatabase.java)
    	at android.database.sqlite.SQLiteDatabase.$$robo$$android_database_sqlite_SQLiteDatabase$open(SQLiteDatabase.java:1171)
    	at android.database.sqlite.SQLiteDatabase.open(SQLiteDatabase.java)
    	at android.database.sqlite.SQLiteDatabase.$$robo$$android_database_sqlite_SQLiteDatabase$openDatabase(SQLiteDatabase.java:1035)
    	at android.database.sqlite.SQLiteDatabase.openDatabase(SQLiteDatabase.java)
    	at android.database.sqlite.SQLiteDatabase.$$robo$$android_database_sqlite_SQLiteDatabase$createInMemory(SQLiteDatabase.java:1231)
    	at android.database.sqlite.SQLiteDatabase.createInMemory(SQLiteDatabase.java)
    	at android.database.sqlite.SQLiteOpenHelper.$$robo$$android_database_sqlite_SQLiteOpenHelper$getDatabaseLocked(SQLiteOpenHelper.java:389)
    	at android.database.sqlite.SQLiteOpenHelper.getDatabaseLocked(SQLiteOpenHelper.java)
    	at android.database.sqlite.SQLiteOpenHelper.$$robo$$android_database_sqlite_SQLiteOpenHelper$getWritableDatabase(SQLiteOpenHelper.java:336)
    	at android.database.sqlite.SQLiteOpenHelper.getWritableDatabase(SQLiteOpenHelper.java)
    	at androidx.sqlite.db.framework.FrameworkSQLiteOpenHelper$OpenHelper.getWritableOrReadableDatabase(FrameworkSQLiteOpenHelper.android.kt:224)
    	at androidx.sqlite.db.framework.FrameworkSQLiteOpenHelper$OpenHelper.innerGetDatabase(FrameworkSQLiteOpenHelper.android.kt:167)
    	at androidx.sqlite.db.framework.FrameworkSQLiteOpenHelper$OpenHelper.getSupportDatabase(FrameworkSQLiteOpenHelper.android.kt:141)
    	at androidx.sqlite.db.framework.FrameworkSQLiteOpenHelper.getWritableDatabase(FrameworkSQLiteOpenHelper.android.kt:96)
    	at androidx.room.driver.SupportSQLiteDriver.open(SupportSQLiteDriver.android.kt:26)
    	at androidx.room.driver.SupportSQLiteConnectionPool.getSupportConnection(SupportSQLiteConnectionPool.android.kt:35)
    	at androidx.room.driver.SupportSQLiteConnectionPool.useConnection(SupportSQLiteConnectionPool.android.kt:42)
    	at androidx.room.RoomConnectionManager.useConnection(RoomConnectionManager.android.kt:126)
    	at androidx.room.RoomDatabase.useConnection$room_runtime_release(RoomDatabase.android.kt:588)
    	at androidx.room.util.DBUtil__DBUtil_androidKt$performSuspending$$inlined$compatCoroutineExecute$DBUtil__DBUtil_androidKt$1.invokeSuspend(DBUtil.android.kt:109)
    	at kotlin.coroutines.jvm.internal.BaseContinuationImpl.resumeWith(ContinuationImpl.kt:33)
    	at kotlinx.coroutines.DispatchedTask.run(DispatchedTask.kt:100)
    	at com.example.NavigationAndIndicatorRegressionTest.getLazyViewModel$lambda$0(NavigationAndIndicatorRegressionTest.kt:71)
    	at kotlinx.coroutines.ExecutorCoroutineDispatcherImpl.dispatch(Executors.kt:131)
    	at kotlinx.coroutines.internal.DispatchedContinuationKt.safeDispatch(DispatchedContinuation.kt:254)
    	at kotlinx.coroutines.internal.DispatchedContinuationKt.resumeCancellableWith(DispatchedContinuation.kt:318)
    	at kotlinx.coroutines.intrinsics.CancellableKt.startCoroutineCancellable(Cancellable.kt:26)
    	at kotlinx.coroutines.BuildersKt__Builders_commonKt.withContext(Builders.common.kt:170)
    	at kotlinx.coroutines.BuildersKt.withContext(Unknown Source)
    	at androidx.room.util.DBUtil__DBUtil_androidKt.performSuspending(DBUtil.android.kt:247)
    	at androidx.room.util.DBUtil.performSuspending(Unknown Source)
    	at com.example.data.StrengthDao_Impl.getUserProfile(StrengthDao_Impl.kt:837)
    	at com.example.data.StrengthRepository.getUserProfile(StrengthRepository.kt:36)
    	at com.example.data.AuthRepository$1.invokeSuspend(AuthRepository.kt:62)
    	at kotlin.coroutines.jvm.internal.BaseContinuationImpl.resumeWith(ContinuationImpl.kt:33)
    	at kotlinx.coroutines.DispatchedTask.run(DispatchedTask.kt:100)
    	at kotlinx.coroutines.internal.LimitedDispatcher$Worker.run(LimitedDispatcher.kt:124)
    	at kotlinx.coroutines.scheduling.TaskImpl.run(Tasks.kt:89)
    	at kotlinx.coroutines.scheduling.CoroutineScheduler.runSafely(CoroutineScheduler.kt:586)
    	at kotlinx.coroutines.scheduling.CoroutineScheduler$Worker.executeTask(CoroutineScheduler.kt:820)
    	at kotlinx.coroutines.scheduling.CoroutineScheduler$Worker.runWorker(CoroutineScheduler.kt:717)
    	at kotlinx.coroutines.scheduling.CoroutineScheduler$Worker.run(CoroutineScheduler.kt:704)


NavigationAndIndicatorRegressionTest > testNavigation_reproduceWorkoutSummaryToHistoryToWorkout STANDARD_OUT
    BACKSTACK BEFORE TAB CLICK: [null, workout, history]
    BACKSTACK AFTER TAB CLICK: [null, workout]

NavigationAndIndicatorRegressionTest > testNavigation_repeatedProfileClicksSingleTop STANDARD_OUT
    BACKSTACK ROUTES: [null, workout, profile]

NavigationAndIndicatorRegressionTest > testNavigation_workoutToProfile STANDARD_ERROR
    System.logW: A resource was acquired at attached stack trace but never released. See java.io.Closeable for information on avoiding resource leaks.
    java.lang.Throwable: Explicit termination method 'close' not called
    	at dalvik.system.CloseGuard.$$robo$$dalvik_system_CloseGuard$openWithCallSite(CloseGuard.java:288)
    	at dalvik.system.CloseGuard.openWithCallSite(CloseGuard.java)
    	at dalvik.system.CloseGuard.$$robo$$dalvik_system_CloseGuard$open(CloseGuard.java:257)
    	at java.base/jdk.internal.reflect.DirectMethodHandleAccessor.invoke(DirectMethodHandleAccessor.java:103)
    	at java.base/java.lang.reflect.Method.invoke(Method.java:580)
    	at org.robolectric.shadows.ShadowCloseGuard$CloseGuardReflector$$Reflector33.open(Unknown Source)
    	at org.robolectric.shadows.ShadowCloseGuard.open(ShadowCloseGuard.java:38)
    	at dalvik.system.CloseGuard.open(CloseGuard.java)
    	at android.database.sqlite.SQLiteDatabase.$$robo$$android_database_sqlite_SQLiteDatabase$openInner(SQLiteDatabase.java:1192)
    	at android.database.sqlite.SQLiteDatabase.openInner(SQLiteDatabase.java)
    	at android.database.sqlite.SQLiteDatabase.$$robo$$android_database_sqlite_SQLiteDatabase$open(SQLiteDatabase.java:1171)
    	at android.database.sqlite.SQLiteDatabase.open(SQLiteDatabase.java)
    	at android.database.sqlite.SQLiteDatabase.$$robo$$android_database_sqlite_SQLiteDatabase$openDatabase(SQLiteDatabase.java:1035)
    	at android.database.sqlite.SQLiteDatabase.openDatabase(SQLiteDatabase.java)
    	at android.database.sqlite.SQLiteDatabase.$$robo$$android_database_sqlite_SQLiteDatabase$createInMemory(SQLiteDatabase.java:1231)
    	at android.database.sqlite.SQLiteDatabase.createInMemory(SQLiteDatabase.java)
    	at android.database.sqlite.SQLiteOpenHelper.$$robo$$android_database_sqlite_SQLiteOpenHelper$getDatabaseLocked(SQLiteOpenHelper.java:389)
    	at android.database.sqlite.SQLiteOpenHelper.getDatabaseLocked(SQLiteOpenHelper.java)
    	at android.database.sqlite.SQLiteOpenHelper.$$robo$$android_database_sqlite_SQLiteOpenHelper$getWritableDatabase(SQLiteOpenHelper.java:336)
    	at android.database.sqlite.SQLiteOpenHelper.getWritableDatabase(SQLiteOpenHelper.java)
    	at androidx.sqlite.db.framework.FrameworkSQLiteOpenHelper$OpenHelper.getWritableOrReadableDatabase(FrameworkSQLiteOpenHelper.android.kt:224)
    	at androidx.sqlite.db.framework.FrameworkSQLiteOpenHelper$OpenHelper.innerGetDatabase(FrameworkSQLiteOpenHelper.android.kt:167)
    	at androidx.sqlite.db.framework.FrameworkSQLiteOpenHelper$OpenHelper.getSupportDatabase(FrameworkSQLiteOpenHelper.android.kt:141)
    	at androidx.sqlite.db.framework.FrameworkSQLiteOpenHelper.getWritableDatabase(FrameworkSQLiteOpenHelper.android.kt:96)
    	at androidx.room.driver.SupportSQLiteDriver.open(SupportSQLiteDriver.android.kt:26)
    	at androidx.room.driver.SupportSQLiteConnectionPool.getSupportConnection(SupportSQLiteConnectionPool.android.kt:35)
    	at androidx.room.driver.SupportSQLiteConnectionPool.useConnection(SupportSQLiteConnectionPool.android.kt:42)
    	at androidx.room.RoomConnectionManager.useConnection(RoomConnectionManager.android.kt:126)
    	at androidx.room.RoomDatabase.useConnection$room_runtime_release(RoomDatabase.android.kt:588)
    	at androidx.room.util.DBUtil__DBUtil_androidKt$performSuspending$$inlined$compatCoroutineExecute$DBUtil__DBUtil_androidKt$1.invokeSuspend(DBUtil.android.kt:109)
    	at kotlin.coroutines.jvm.internal.BaseContinuationImpl.resumeWith(ContinuationImpl.kt:33)
    	at kotlinx.coroutines.DispatchedTask.run(DispatchedTask.kt:100)
    	at com.example.NavigationAndIndicatorRegressionTest.getLazyViewModel$lambda$0(NavigationAndIndicatorRegressionTest.kt:71)
    	at kotlinx.coroutines.ExecutorCoroutineDispatcherImpl.dispatch(Executors.kt:131)
    	at kotlinx.coroutines.internal.DispatchedContinuationKt.safeDispatch(DispatchedContinuation.kt:254)
    	at kotlinx.coroutines.internal.DispatchedContinuationKt.resumeCancellableWith(DispatchedContinuation.kt:318)
    	at kotlinx.coroutines.intrinsics.CancellableKt.startCoroutineCancellable(Cancellable.kt:26)
    	at kotlinx.coroutines.BuildersKt__Builders_commonKt.withContext(Builders.common.kt:170)
    	at kotlinx.coroutines.BuildersKt.withContext(Unknown Source)
    	at androidx.room.util.DBUtil__DBUtil_androidKt.performSuspending(DBUtil.android.kt:247)
    	at androidx.room.util.DBUtil.performSuspending(Unknown Source)
    	at com.example.data.StrengthDao_Impl.getUserProfile(StrengthDao_Impl.kt:837)
    	at com.example.data.StrengthRepository.getUserProfile(StrengthRepository.kt:36)
    	at com.example.data.AuthRepository$1.invokeSuspend(AuthRepository.kt:62)
    	at kotlin.coroutines.jvm.internal.BaseContinuationImpl.resumeWith(ContinuationImpl.kt:33)
    	at kotlinx.coroutines.DispatchedTask.run(DispatchedTask.kt:100)
    	at kotlinx.coroutines.internal.LimitedDispatcher$Worker.run(LimitedDispatcher.kt:124)
    	at kotlinx.coroutines.scheduling.TaskImpl.run(Tasks.kt:89)
    	at kotlinx.coroutines.scheduling.CoroutineScheduler.runSafely(CoroutineScheduler.kt:586)
    	at kotlinx.coroutines.scheduling.CoroutineScheduler$Worker.executeTask(CoroutineScheduler.kt:820)
    	at kotlinx.coroutines.scheduling.CoroutineScheduler$Worker.runWorker(CoroutineScheduler.kt:717)
    	at kotlinx.coroutines.scheduling.CoroutineScheduler$Worker.run(CoroutineScheduler.kt:704)


NavigationAndIndicatorRegressionTest > testExerciseCard_reorderingDoesNotTransferExpansionState STANDARD_ERROR
    System.logW: A resource was acquired at attached stack trace but never released. See java.io.Closeable for information on avoiding resource leaks.
    java.lang.Throwable: Explicit termination method 'close' not called
    	at dalvik.system.CloseGuard.$$robo$$dalvik_system_CloseGuard$openWithCallSite(CloseGuard.java:288)
    	at dalvik.system.CloseGuard.openWithCallSite(CloseGuard.java)
    	at dalvik.system.CloseGuard.$$robo$$dalvik_system_CloseGuard$open(CloseGuard.java:257)
    	at java.base/jdk.internal.reflect.DirectMethodHandleAccessor.invoke(DirectMethodHandleAccessor.java:103)
    	at java.base/java.lang.reflect.Method.invoke(Method.java:580)
    	at org.robolectric.shadows.ShadowCloseGuard$CloseGuardReflector$$Reflector33.open(Unknown Source)
    	at org.robolectric.shadows.ShadowCloseGuard.open(ShadowCloseGuard.java:38)
    	at dalvik.system.CloseGuard.open(CloseGuard.java)
    	at android.database.sqlite.SQLiteDatabase.$$robo$$android_database_sqlite_SQLiteDatabase$openInner(SQLiteDatabase.java:1192)
    	at android.database.sqlite.SQLiteDatabase.openInner(SQLiteDatabase.java)
    	at android.database.sqlite.SQLiteDatabase.$$robo$$android_database_sqlite_SQLiteDatabase$open(SQLiteDatabase.java:1171)
    	at android.database.sqlite.SQLiteDatabase.open(SQLiteDatabase.java)
    	at android.database.sqlite.SQLiteDatabase.$$robo$$android_database_sqlite_SQLiteDatabase$openDatabase(SQLiteDatabase.java:1035)
    	at android.database.sqlite.SQLiteDatabase.openDatabase(SQLiteDatabase.java)
    	at android.database.sqlite.SQLiteDatabase.$$robo$$android_database_sqlite_SQLiteDatabase$createInMemory(SQLiteDatabase.java:1231)
    	at android.database.sqlite.SQLiteDatabase.createInMemory(SQLiteDatabase.java)
    	at android.database.sqlite.SQLiteOpenHelper.$$robo$$android_database_sqlite_SQLiteOpenHelper$getDatabaseLocked(SQLiteOpenHelper.java:389)
    	at android.database.sqlite.SQLiteOpenHelper.getDatabaseLocked(SQLiteOpenHelper.java)
    	at android.database.sqlite.SQLiteOpenHelper.$$robo$$android_database_sqlite_SQLiteOpenHelper$getWritableDatabase(SQLiteOpenHelper.java:336)
    	at android.database.sqlite.SQLiteOpenHelper.getWritableDatabase(SQLiteOpenHelper.java)
    	at androidx.sqlite.db.framework.FrameworkSQLiteOpenHelper$OpenHelper.getWritableOrReadableDatabase(FrameworkSQLiteOpenHelper.android.kt:224)
    	at androidx.sqlite.db.framework.FrameworkSQLiteOpenHelper$OpenHelper.innerGetDatabase(FrameworkSQLiteOpenHelper.android.kt:167)
    	at androidx.sqlite.db.framework.FrameworkSQLiteOpenHelper$OpenHelper.getSupportDatabase(FrameworkSQLiteOpenHelper.android.kt:141)
    	at androidx.sqlite.db.framework.FrameworkSQLiteOpenHelper.getWritableDatabase(FrameworkSQLiteOpenHelper.android.kt:96)
    	at androidx.room.driver.SupportSQLiteDriver.open(SupportSQLiteDriver.android.kt:26)
    	at androidx.room.driver.SupportSQLiteConnectionPool.getSupportConnection(SupportSQLiteConnectionPool.android.kt:35)
    	at androidx.room.driver.SupportSQLiteConnectionPool.useConnection(SupportSQLiteConnectionPool.android.kt:42)
    	at androidx.room.RoomConnectionManager.useConnection(RoomConnectionManager.android.kt:126)
    	at androidx.room.RoomDatabase.useConnection$room_runtime_release(RoomDatabase.android.kt:588)
    	at androidx.room.util.DBUtil__DBUtil_androidKt$performSuspending$$inlined$compatCoroutineExecute$DBUtil__DBUtil_androidKt$1.invokeSuspend(DBUtil.android.kt:109)
    	at kotlin.coroutines.jvm.internal.BaseContinuationImpl.resumeWith(ContinuationImpl.kt:33)
    	at kotlinx.coroutines.DispatchedTask.run(DispatchedTask.kt:100)
    	at com.example.NavigationAndIndicatorRegressionTest.getLazyViewModel$lambda$0(NavigationAndIndicatorRegressionTest.kt:71)
    	at kotlinx.coroutines.ExecutorCoroutineDispatcherImpl.dispatch(Executors.kt:131)
    	at kotlinx.coroutines.internal.DispatchedContinuationKt.safeDispatch(DispatchedContinuation.kt:254)
    	at kotlinx.coroutines.internal.DispatchedContinuationKt.resumeCancellableWith(DispatchedContinuation.kt:318)
    	at kotlinx.coroutines.intrinsics.CancellableKt.startCoroutineCancellable(Cancellable.kt:26)
    	at kotlinx.coroutines.BuildersKt__Builders_commonKt.withContext(Builders.common.kt:170)
    	at kotlinx.coroutines.BuildersKt.withContext(Unknown Source)
    	at androidx.room.util.DBUtil__DBUtil_androidKt.performSuspending(DBUtil.android.kt:247)
    	at androidx.room.util.DBUtil.performSuspending(Unknown Source)
    	at com.example.data.StrengthDao_Impl.getUserProfile(StrengthDao_Impl.kt:837)
    	at com.example.data.StrengthRepository.getUserProfile(StrengthRepository.kt:36)
    	at com.example.data.AuthRepository$1.invokeSuspend(AuthRepository.kt:62)
    	at kotlin.coroutines.jvm.internal.BaseContinuationImpl.resumeWith(ContinuationImpl.kt:33)
    	at kotlinx.coroutines.DispatchedTask.run(DispatchedTask.kt:100)
    	at kotlinx.coroutines.internal.LimitedDispatcher$Worker.run(LimitedDispatcher.kt:124)
    	at kotlinx.coroutines.scheduling.TaskImpl.run(Tasks.kt:89)
    	at kotlinx.coroutines.scheduling.CoroutineScheduler.runSafely(CoroutineScheduler.kt:586)
    	at kotlinx.coroutines.scheduling.CoroutineScheduler$Worker.executeTask(CoroutineScheduler.kt:820)
    	at kotlinx.coroutines.scheduling.CoroutineScheduler$Worker.runWorker(CoroutineScheduler.kt:717)
    	at kotlinx.coroutines.scheduling.CoroutineScheduler$Worker.run(CoroutineScheduler.kt:704)

    System.logW: A resource was acquired at attached stack trace but never released. See java.io.Closeable for information on avoiding resource leaks.
    java.lang.Throwable: Explicit termination method 'close' not called
    	at dalvik.system.CloseGuard.$$robo$$dalvik_system_CloseGuard$openWithCallSite(CloseGuard.java:288)
    	at dalvik.system.CloseGuard.openWithCallSite(CloseGuard.java)
    	at dalvik.system.CloseGuard.$$robo$$dalvik_system_CloseGuard$open(CloseGuard.java:257)
    	at java.base/jdk.internal.reflect.DirectMethodHandleAccessor.invoke(DirectMethodHandleAccessor.java:103)
    	at java.base/java.lang.reflect.Method.invoke(Method.java:580)
    	at org.robolectric.shadows.ShadowCloseGuard$CloseGuardReflector$$Reflector33.open(Unknown Source)
    	at org.robolectric.shadows.ShadowCloseGuard.open(ShadowCloseGuard.java:38)
    	at dalvik.system.CloseGuard.open(CloseGuard.java)
    	at android.database.sqlite.SQLiteDatabase.$$robo$$android_database_sqlite_SQLiteDatabase$openInner(SQLiteDatabase.java:1192)
    	at android.database.sqlite.SQLiteDatabase.openInner(SQLiteDatabase.java)
    	at android.database.sqlite.SQLiteDatabase.$$robo$$android_database_sqlite_SQLiteDatabase$open(SQLiteDatabase.java:1171)
    	at android.database.sqlite.SQLiteDatabase.open(SQLiteDatabase.java)
    	at android.database.sqlite.SQLiteDatabase.$$robo$$android_database_sqlite_SQLiteDatabase$openDatabase(SQLiteDatabase.java:1035)
    	at android.database.sqlite.SQLiteDatabase.openDatabase(SQLiteDatabase.java)
    	at android.database.sqlite.SQLiteDatabase.$$robo$$android_database_sqlite_SQLiteDatabase$createInMemory(SQLiteDatabase.java:1231)
    	at android.database.sqlite.SQLiteDatabase.createInMemory(SQLiteDatabase.java)
    	at android.database.sqlite.SQLiteOpenHelper.$$robo$$android_database_sqlite_SQLiteOpenHelper$getDatabaseLocked(SQLiteOpenHelper.java:389)
    	at android.database.sqlite.SQLiteOpenHelper.getDatabaseLocked(SQLiteOpenHelper.java)
    	at android.database.sqlite.SQLiteOpenHelper.$$robo$$android_database_sqlite_SQLiteOpenHelper$getWritableDatabase(SQLiteOpenHelper.java:336)
    	at android.database.sqlite.SQLiteOpenHelper.getWritableDatabase(SQLiteOpenHelper.java)
    	at androidx.sqlite.db.framework.FrameworkSQLiteOpenHelper$OpenHelper.getWritableOrReadableDatabase(FrameworkSQLiteOpenHelper.android.kt:224)
    	at androidx.sqlite.db.framework.FrameworkSQLiteOpenHelper$OpenHelper.innerGetDatabase(FrameworkSQLiteOpenHelper.android.kt:167)
    	at androidx.sqlite.db.framework.FrameworkSQLiteOpenHelper$OpenHelper.getSupportDatabase(FrameworkSQLiteOpenHelper.android.kt:141)
    	at androidx.sqlite.db.framework.FrameworkSQLiteOpenHelper.getWritableDatabase(FrameworkSQLiteOpenHelper.android.kt:96)
    	at androidx.room.driver.SupportSQLiteDriver.open(SupportSQLiteDriver.android.kt:26)
    	at androidx.room.driver.SupportSQLiteConnectionPool.getSupportConnection(SupportSQLiteConnectionPool.android.kt:35)
    	at androidx.room.driver.SupportSQLiteConnectionPool.useConnection(SupportSQLiteConnectionPool.android.kt:42)
    	at androidx.room.RoomConnectionManager.useConnection(RoomConnectionManager.android.kt:126)
    	at androidx.room.RoomDatabase.useConnection$room_runtime_release(RoomDatabase.android.kt:588)
    	at androidx.room.util.DBUtil__DBUtil_androidKt$performSuspending$$inlined$compatCoroutineExecute$DBUtil__DBUtil_androidKt$1.invokeSuspend(DBUtil.android.kt:109)
    	at kotlin.coroutines.jvm.internal.BaseContinuationImpl.resumeWith(ContinuationImpl.kt:33)
    	at kotlinx.coroutines.DispatchedTask.run(DispatchedTask.kt:100)
    	at com.example.NavigationAndIndicatorRegressionTest.getLazyViewModel$lambda$0(NavigationAndIndicatorRegressionTest.kt:71)
    	at kotlinx.coroutines.ExecutorCoroutineDispatcherImpl.dispatch(Executors.kt:131)
    	at kotlinx.coroutines.internal.DispatchedContinuationKt.safeDispatch(DispatchedContinuation.kt:254)
    	at kotlinx.coroutines.internal.DispatchedContinuationKt.resumeCancellableWith(DispatchedContinuation.kt:318)
    	at kotlinx.coroutines.intrinsics.CancellableKt.startCoroutineCancellable(Cancellable.kt:26)
    	at kotlinx.coroutines.BuildersKt__Builders_commonKt.withContext(Builders.common.kt:170)
    	at kotlinx.coroutines.BuildersKt.withContext(Unknown Source)
    	at androidx.room.util.DBUtil__DBUtil_androidKt.performSuspending(DBUtil.android.kt:247)
    	at androidx.room.util.DBUtil.performSuspending(Unknown Source)
    	at com.example.data.StrengthDao_Impl.getUserProfile(StrengthDao_Impl.kt:837)
    	at com.example.data.StrengthRepository.getUserProfile(StrengthRepository.kt:36)
    	at com.example.data.AuthRepository$1.invokeSuspend(AuthRepository.kt:62)
    	at kotlin.coroutines.jvm.internal.BaseContinuationImpl.resumeWith(ContinuationImpl.kt:33)
    	at kotlinx.coroutines.DispatchedTask.run(DispatchedTask.kt:100)
    	at kotlinx.coroutines.internal.LimitedDispatcher$Worker.run(LimitedDispatcher.kt:124)
    	at kotlinx.coroutines.scheduling.TaskImpl.run(Tasks.kt:89)
    	at kotlinx.coroutines.scheduling.CoroutineScheduler.runSafely(CoroutineScheduler.kt:586)
    	at kotlinx.coroutines.scheduling.CoroutineScheduler$Worker.executeTask(CoroutineScheduler.kt:820)
    	at kotlinx.coroutines.scheduling.CoroutineScheduler$Worker.runWorker(CoroutineScheduler.kt:717)
    	at kotlinx.coroutines.scheduling.CoroutineScheduler$Worker.run(CoroutineScheduler.kt:704)


WelcomeScreenScreenshotTest > captureWelcomeScreen_360x640 STANDARD_ERROR
    System.logW: A resource was acquired at attached stack trace but never released. See java.io.Closeable for information on avoiding resource leaks.
    java.lang.Throwable: Explicit termination method 'close' not called
    	at dalvik.system.CloseGuard.$$robo$$dalvik_system_CloseGuard$openWithCallSite(CloseGuard.java:288)
    	at dalvik.system.CloseGuard.openWithCallSite(CloseGuard.java)
    	at dalvik.system.CloseGuard.$$robo$$dalvik_system_CloseGuard$open(CloseGuard.java:257)
    	at java.base/jdk.internal.reflect.DirectMethodHandleAccessor.invoke(DirectMethodHandleAccessor.java:103)
    	at java.base/java.lang.reflect.Method.invoke(Method.java:580)
    	at org.robolectric.shadows.ShadowCloseGuard$CloseGuardReflector$$Reflector33.open(Unknown Source)
    	at org.robolectric.shadows.ShadowCloseGuard.open(ShadowCloseGuard.java:38)
    	at dalvik.system.CloseGuard.open(CloseGuard.java)
    	at android.database.sqlite.SQLiteDatabase.$$robo$$android_database_sqlite_SQLiteDatabase$openInner(SQLiteDatabase.java:1192)
    	at android.database.sqlite.SQLiteDatabase.openInner(SQLiteDatabase.java)
    	at android.database.sqlite.SQLiteDatabase.$$robo$$android_database_sqlite_SQLiteDatabase$open(SQLiteDatabase.java:1171)
    	at android.database.sqlite.SQLiteDatabase.open(SQLiteDatabase.java)
    	at android.database.sqlite.SQLiteDatabase.$$robo$$android_database_sqlite_SQLiteDatabase$openDatabase(SQLiteDatabase.java:1035)
    	at android.database.sqlite.SQLiteDatabase.openDatabase(SQLiteDatabase.java)
    	at android.database.sqlite.SQLiteDatabase.$$robo$$android_database_sqlite_SQLiteDatabase$createInMemory(SQLiteDatabase.java:1231)
    	at android.database.sqlite.SQLiteDatabase.createInMemory(SQLiteDatabase.java)
    	at android.database.sqlite.SQLiteOpenHelper.$$robo$$android_database_sqlite_SQLiteOpenHelper$getDatabaseLocked(SQLiteOpenHelper.java:389)
    	at android.database.sqlite.SQLiteOpenHelper.getDatabaseLocked(SQLiteOpenHelper.java)
    	at android.database.sqlite.SQLiteOpenHelper.$$robo$$android_database_sqlite_SQLiteOpenHelper$getWritableDatabase(SQLiteOpenHelper.java:336)
    	at android.database.sqlite.SQLiteOpenHelper.getWritableDatabase(SQLiteOpenHelper.java)
    	at androidx.sqlite.db.framework.FrameworkSQLiteOpenHelper$OpenHelper.getWritableOrReadableDatabase(FrameworkSQLiteOpenHelper.android.kt:224)
    	at androidx.sqlite.db.framework.FrameworkSQLiteOpenHelper$OpenHelper.innerGetDatabase(FrameworkSQLiteOpenHelper.android.kt:167)
    	at androidx.sqlite.db.framework.FrameworkSQLiteOpenHelper$OpenHelper.getSupportDatabase(FrameworkSQLiteOpenHelper.android.kt:141)
    	at androidx.sqlite.db.framework.FrameworkSQLiteOpenHelper.getWritableDatabase(FrameworkSQLiteOpenHelper.android.kt:96)
    	at androidx.room.driver.SupportSQLiteDriver.open(SupportSQLiteDriver.android.kt:26)
    	at androidx.room.driver.SupportSQLiteConnectionPool.getSupportConnection(SupportSQLiteConnectionPool.android.kt:35)
    	at androidx.room.driver.SupportSQLiteConnectionPool.useConnection(SupportSQLiteConnectionPool.android.kt:42)
    	at androidx.room.RoomConnectionManager.useConnection(RoomConnectionManager.android.kt:126)
    	at androidx.room.RoomDatabase.useConnection$room_runtime_release(RoomDatabase.android.kt:588)
    	at androidx.room.util.DBUtil__DBUtil_androidKt$performSuspending$$inlined$compatCoroutineExecute$DBUtil__DBUtil_androidKt$1.invokeSuspend(DBUtil.android.kt:109)
    	at kotlin.coroutines.jvm.internal.BaseContinuationImpl.resumeWith(ContinuationImpl.kt:33)
    	at kotlinx.coroutines.DispatchedTask.run(DispatchedTask.kt:100)
    	at com.example.NavigationAndIndicatorRegressionTest.getLazyViewModel$lambda$0(NavigationAndIndicatorRegressionTest.kt:71)
    	at kotlinx.coroutines.ExecutorCoroutineDispatcherImpl.dispatch(Executors.kt:131)
    	at kotlinx.coroutines.internal.DispatchedContinuationKt.safeDispatch(DispatchedContinuation.kt:254)
    	at kotlinx.coroutines.internal.DispatchedContinuationKt.resumeCancellableWith(DispatchedContinuation.kt:318)
    	at kotlinx.coroutines.intrinsics.CancellableKt.startCoroutineCancellable(Cancellable.kt:26)
    	at kotlinx.coroutines.BuildersKt__Builders_commonKt.withContext(Builders.common.kt:170)
    	at kotlinx.coroutines.BuildersKt.withContext(Unknown Source)
    	at androidx.room.util.DBUtil__DBUtil_androidKt.performSuspending(DBUtil.android.kt:247)
    	at androidx.room.util.DBUtil.performSuspending(Unknown Source)
    	at com.example.data.StrengthDao_Impl.getUserProfile(StrengthDao_Impl.kt:837)
    	at com.example.data.StrengthRepository.getUserProfile(StrengthRepository.kt:36)
    	at com.example.data.AuthRepository$1.invokeSuspend(AuthRepository.kt:62)
    	at kotlin.coroutines.jvm.internal.BaseContinuationImpl.resumeWith(ContinuationImpl.kt:33)
    	at kotlinx.coroutines.DispatchedTask.run(DispatchedTask.kt:100)
    	at kotlinx.coroutines.internal.LimitedDispatcher$Worker.run(LimitedDispatcher.kt:124)
    	at kotlinx.coroutines.scheduling.TaskImpl.run(Tasks.kt:89)
    	at kotlinx.coroutines.scheduling.CoroutineScheduler.runSafely(CoroutineScheduler.kt:586)
    	at kotlinx.coroutines.scheduling.CoroutineScheduler$Worker.executeTask(CoroutineScheduler.kt:820)
    	at kotlinx.coroutines.scheduling.CoroutineScheduler$Worker.runWorker(CoroutineScheduler.kt:717)
    	at kotlinx.coroutines.scheduling.CoroutineScheduler$Worker.run(CoroutineScheduler.kt:704)


WelcomeScreenScreenshotTest > captureWelcomeScreen_360x640 FAILED
    androidx.compose.ui.res.ResourceResolutionException: Error attempting to load resource: res/drawable-nodpi-v4/hv1_banner.png
        at androidx.compose.ui.res.PainterResources_androidKt.loadImageBitmapResource(PainterResources.android.kt:116)
        at androidx.compose.ui.res.PainterResources_androidKt.painterResource(PainterResources.android.kt:75)
        at com.example.ui.screens.WelcomeScreenKt.WelcomeScreen(WelcomeScreen.kt:93)
        at com.example.WelcomeScreenScreenshotTest.setupContent$lambda$4$lambda$3(WelcomeScreenScreenshotTest.kt:60)
        at androidx.compose.runtime.internal.ComposableLambdaImpl.invoke(ComposableLambda.jvm.kt:109)
        at androidx.compose.runtime.internal.ComposableLambdaImpl.invoke(ComposableLambda.jvm.kt:35)
        at androidx.compose.runtime.CompositionLocalKt.CompositionLocalProvider(CompositionLocal.kt:401)
        at androidx.compose.material3.TextKt.ProvideTextStyle(Text.kt:349)
        at androidx.compose.material3.MaterialThemeKt$MaterialTheme$1.invoke(MaterialTheme.kt:69)
        at androidx.compose.material3.MaterialThemeKt$MaterialTheme$1.invoke(MaterialTheme.kt:68)
        at androidx.compose.runtime.internal.ComposableLambdaImpl.invoke(ComposableLambda.jvm.kt:109)
        at androidx.compose.runtime.internal.ComposableLambdaImpl.invoke(ComposableLambda.jvm.kt:35)
        at androidx.compose.runtime.CompositionLocalKt.CompositionLocalProvider(CompositionLocal.kt:380)
        at androidx.compose.material3.MaterialThemeKt.MaterialTheme(MaterialTheme.kt:60)
        at com.example.ui.theme.ThemeKt.HumanV1Theme(Theme.kt:71)
        at com.example.WelcomeScreenScreenshotTest.setupContent$lambda$4(WelcomeScreenScreenshotTest.kt:59)
        at androidx.compose.runtime.internal.ComposableLambdaImpl.invoke(ComposableLambda.jvm.kt:109)
        at androidx.compose.runtime.internal.ComposableLambdaImpl.invoke(ComposableLambda.jvm.kt:35)
        at androidx.compose.ui.platform.ComposeView.Content(ComposeView.android.kt:441)
        at androidx.compose.ui.platform.AbstractComposeView$ensureCompositionCreated$1.invoke(ComposeView.android.kt:259)
        at androidx.compose.ui.platform.AbstractComposeView$ensureCompositionCreated$1.invoke(ComposeView.android.kt:258)
        at androidx.compose.runtime.internal.ComposableLambdaImpl.invoke(ComposableLambda.jvm.kt:109)
        at androidx.compose.runtime.internal.ComposableLambdaImpl.invoke(ComposableLambda.jvm.kt:35)
        at androidx.compose.runtime.CompositionLocalKt.CompositionLocalProvider(CompositionLocal.kt:380)
        at androidx.compose.ui.platform.CompositionLocalsKt.ProvideCommonCompositionLocals(CompositionLocals.kt:216)
        at androidx.compose.ui.platform.AndroidCompositionLocals_androidKt$ProvideAndroidCompositionLocals$3.invoke(AndroidCompositionLocals.android.kt:132)
        at androidx.compose.ui.platform.AndroidCompositionLocals_androidKt$ProvideAndroidCompositionLocals$3.invoke(AndroidCompositionLocals.android.kt:131)
        at androidx.compose.runtime.internal.ComposableLambdaImpl.invoke(ComposableLambda.jvm.kt:109)
        at androidx.compose.runtime.internal.ComposableLambdaImpl.invoke(ComposableLambda.jvm.kt:35)
        at androidx.compose.runtime.CompositionLocalKt.CompositionLocalProvider(CompositionLocal.kt:380)
        at androidx.compose.ui.platform.AndroidCompositionLocals_androidKt.ProvideAndroidCompositionLocals(AndroidCompositionLocals.android.kt:121)
        at androidx.compose.ui.platform.WrappedComposition$setContent$1$1$3.invoke(Wrapper.android.kt:155)
        at androidx.compose.ui.platform.WrappedComposition$setContent$1$1$3.invoke(Wrapper.android.kt:154)
        at androidx.compose.runtime.internal.ComposableLambdaImpl.invoke(ComposableLambda.jvm.kt:109)
        at androidx.compose.runtime.internal.ComposableLambdaImpl.invoke(ComposableLambda.jvm.kt:35)
        at androidx.compose.runtime.CompositionLocalKt.CompositionLocalProvider(CompositionLocal.kt:401)
        at androidx.compose.ui.platform.WrappedComposition$setContent$1$1.invoke(Wrapper.android.kt:154)
        at androidx.compose.ui.platform.WrappedComposition$setContent$1$1.invoke(Wrapper.android.kt:133)
        at androidx.compose.runtime.internal.ComposableLambdaImpl.invoke(ComposableLambda.jvm.kt:109)
        at androidx.compose.runtime.internal.ComposableLambdaImpl.invoke(ComposableLambda.jvm.kt:35)
        at androidx.compose.runtime.ActualJvm_jvmKt.invokeComposable(ActualJvm.jvm.kt:97)
        at androidx.compose.runtime.ComposerImpl.doCompose(Composer.kt:3595)
        at androidx.compose.runtime.ComposerImpl.composeContent$runtime_release(Composer.kt:3522)
        at androidx.compose.runtime.CompositionImpl.composeContent(Composition.kt:743)
        at androidx.compose.runtime.Recomposer.composeInitial$runtime_release(Recomposer.kt:1122)
        at androidx.compose.runtime.CompositionImpl.composeInitial(Composition.kt:649)
        at androidx.compose.runtime.CompositionImpl.setContent(Composition.kt:635)
        at androidx.compose.ui.platform.WrappedComposition$setContent$1.invoke(Wrapper.android.kt:133)
        at androidx.compose.ui.platform.WrappedComposition$setContent$1.invoke(Wrapper.android.kt:124)
        at androidx.compose.ui.platform.AndroidComposeView.setOnViewTreeOwnersAvailable(AndroidComposeView.android.kt:1631)
        at androidx.compose.ui.platform.WrappedComposition.setContent(Wrapper.android.kt:124)
        at androidx.compose.ui.platform.WrappedComposition.onStateChanged(Wrapper.android.kt:180)
        at androidx.lifecycle.LifecycleRegistry$ObserverWithState.dispatchEvent(LifecycleRegistry.jvm.kt:320)
        at androidx.lifecycle.LifecycleRegistry.addObserver(LifecycleRegistry.jvm.kt:198)
        at androidx.compose.ui.platform.WrappedComposition$setContent$1.invoke(Wrapper.android.kt:131)
        at androidx.compose.ui.platform.WrappedComposition$setContent$1.invoke(Wrapper.android.kt:124)
        at androidx.compose.ui.platform.AndroidComposeView.onAttachedToWindow(AndroidComposeView.android.kt:1712)
        at android.view.View.dispatchAttachedToWindow(View.java:23105)
        at android.view.ViewGroup.dispatchAttachedToWindow(ViewGroup.java:3520)
        at android.view.ViewGroup.dispatchAttachedToWindow(ViewGroup.java:3527)
        at android.view.ViewGroup.addViewInner(ViewGroup.java:5332)
        at android.view.ViewGroup.addView(ViewGroup.java:5118)
        at java.base@21.0.11/jdk.internal.reflect.DirectMethodHandleAccessor.invoke(DirectMethodHandleAccessor.java:103)
        at org.robolectric.shadows.ShadowViewGroup$ViewGroupReflector$$Reflector30.addView(Unknown Source)
        at org.robolectric.shadows.ShadowViewGroup.lambda$addView$0(ShadowViewGroup.java:29)
        at org.robolectric.shadows.ShadowViewGroup.addView(ShadowViewGroup.java:33)
        at android.view.ViewGroup.addView(ViewGroup.java)
        at android.view.ViewGroup.addView(ViewGroup.java:5090)
        at com.android.internal.policy.PhoneWindow.setContentView(PhoneWindow.java:613)
        at android.app.Activity.setContentView(Activity.java:3928)
        at androidx.activity.ComponentActivity.setContentView(ComponentActivity.kt:402)
        at androidx.activity.compose.ComponentActivityKt.setContent(ComponentActivity.kt:72)
        at androidx.compose.ui.test.AndroidComposeUiTestEnvironment$AndroidComposeUiTestImpl$setContent$3.invoke(ComposeUiTest.android.kt:489)
        at androidx.compose.ui.test.AndroidComposeUiTestEnvironment$AndroidComposeUiTestImpl$setContent$3.invoke(ComposeUiTest.android.kt:488)
        at androidx.compose.ui.test.AndroidSynchronization_androidKt.runOnUiThread(AndroidSynchronization.android.kt:33)
        at androidx.compose.ui.test.AndroidComposeUiTestEnvironment$AndroidTestOwner.runOnUiThread(ComposeUiTest.android.kt:539)
        at androidx.compose.ui.test.AndroidComposeUiTestEnvironment$AndroidComposeUiTestImpl.runOnUiThread(ComposeUiTest.android.kt:405)
        at androidx.compose.ui.test.AndroidComposeUiTestEnvironment$AndroidComposeUiTestImpl.setContent(ComposeUiTest.android.kt:488)
        at androidx.compose.ui.test.junit4.AndroidComposeTestRule.setContent(AndroidComposeTestRule.android.kt:348)
        at com.example.WelcomeScreenScreenshotTest.setupContent(WelcomeScreenScreenshotTest.kt:58)
        at com.example.WelcomeScreenScreenshotTest.captureWelcomeScreen_360x640(WelcomeScreenScreenshotTest.kt:68)

        Caused by:
        java.lang.NullPointerException: null cannot be cast to non-null type android.graphics.drawable.BitmapDrawable
            at androidx.compose.ui.res.ImageResources_androidKt.imageResource(ImageResources.android.kt:39)
            at androidx.compose.ui.res.PainterResources_androidKt.loadImageBitmapResource(PainterResources.android.kt:114)
            at androidx.compose.ui.res.PainterResources_androidKt.painterResource(PainterResources.android.kt:75)
            at com.example.ui.screens.WelcomeScreenKt.WelcomeScreen(WelcomeScreen.kt:93)
            at com.example.WelcomeScreenScreenshotTest.setupContent$lambda$4$lambda$3(WelcomeScreenScreenshotTest.kt:60)
            at androidx.compose.runtime.internal.ComposableLambdaImpl.invoke(ComposableLambda.jvm.kt:109)
            at androidx.compose.runtime.internal.ComposableLambdaImpl.invoke(ComposableLambda.jvm.kt:35)
            at androidx.compose.runtime.CompositionLocalKt.CompositionLocalProvider(CompositionLocal.kt:401)
            at androidx.compose.material3.TextKt.ProvideTextStyle(Text.kt:349)
            at androidx.compose.material3.MaterialThemeKt$MaterialTheme$1.invoke(MaterialTheme.kt:69)
            at androidx.compose.material3.MaterialThemeKt$MaterialTheme$1.invoke(MaterialTheme.kt:68)
            at androidx.compose.runtime.internal.ComposableLambdaImpl.invoke(ComposableLambda.jvm.kt:109)
            at androidx.compose.runtime.internal.ComposableLambdaImpl.invoke(ComposableLambda.jvm.kt:35)
            at androidx.compose.runtime.CompositionLocalKt.CompositionLocalProvider(CompositionLocal.kt:380)
            at androidx.compose.material3.MaterialThemeKt.MaterialTheme(MaterialTheme.kt:60)
            at com.example.ui.theme.ThemeKt.HumanV1Theme(Theme.kt:71)
            at com.example.WelcomeScreenScreenshotTest.setupContent$lambda$4(WelcomeScreenScreenshotTest.kt:59)
            at androidx.compose.runtime.internal.ComposableLambdaImpl.invoke(ComposableLambda.jvm.kt:109)
            at androidx.compose.runtime.internal.ComposableLambdaImpl.invoke(ComposableLambda.jvm.kt:35)
            at androidx.compose.ui.platform.ComposeView.Content(ComposeView.android.kt:441)
            at androidx.compose.ui.platform.AbstractComposeView$ensureCompositionCreated$1.invoke(ComposeView.android.kt:259)
            at androidx.compose.ui.platform.AbstractComposeView$ensureCompositionCreated$1.invoke(ComposeView.android.kt:258)
            at androidx.compose.runtime.internal.ComposableLambdaImpl.invoke(ComposableLambda.jvm.kt:109)
            at androidx.compose.runtime.internal.ComposableLambdaImpl.invoke(ComposableLambda.jvm.kt:35)
            at androidx.compose.runtime.CompositionLocalKt.CompositionLocalProvider(CompositionLocal.kt:380)
            at androidx.compose.ui.platform.CompositionLocalsKt.ProvideCommonCompositionLocals(CompositionLocals.kt:216)
            at androidx.compose.ui.platform.AndroidCompositionLocals_androidKt$ProvideAndroidCompositionLocals$3.invoke(AndroidCompositionLocals.android.kt:132)
            at androidx.compose.ui.platform.AndroidCompositionLocals_androidKt$ProvideAndroidCompositionLocals$3.invoke(AndroidCompositionLocals.android.kt:131)
            at androidx.compose.runtime.internal.ComposableLambdaImpl.invoke(ComposableLambda.jvm.kt:109)
            at androidx.compose.runtime.internal.ComposableLambdaImpl.invoke(ComposableLambda.jvm.kt:35)
            at androidx.compose.runtime.CompositionLocalKt.CompositionLocalProvider(CompositionLocal.kt:380)
            at androidx.compose.ui.platform.AndroidCompositionLocals_androidKt.ProvideAndroidCompositionLocals(AndroidCompositionLocals.android.kt:121)
            at androidx.compose.ui.platform.WrappedComposition$setContent$1$1$3.invoke(Wrapper.android.kt:155)
            at androidx.compose.ui.platform.WrappedComposition$setContent$1$1$3.invoke(Wrapper.android.kt:154)
            at androidx.compose.runtime.internal.ComposableLambdaImpl.invoke(ComposableLambda.jvm.kt:109)
            at androidx.compose.runtime.internal.ComposableLambdaImpl.invoke(ComposableLambda.jvm.kt:35)
            at androidx.compose.runtime.CompositionLocalKt.CompositionLocalProvider(CompositionLocal.kt:401)
            at androidx.compose.ui.platform.WrappedComposition$setContent$1$1.invoke(Wrapper.android.kt:154)
            at androidx.compose.ui.platform.WrappedComposition$setContent$1$1.invoke(Wrapper.android.kt:133)
            at androidx.compose.runtime.internal.ComposableLambdaImpl.invoke(ComposableLambda.jvm.kt:109)
            at androidx.compose.runtime.internal.ComposableLambdaImpl.invoke(ComposableLambda.jvm.kt:35)
            at androidx.compose.runtime.ActualJvm_jvmKt.invokeComposable(ActualJvm.jvm.kt:97)
            at androidx.compose.runtime.ComposerImpl.doCompose(Composer.kt:3595)
            at androidx.compose.runtime.ComposerImpl.composeContent$runtime_release(Composer.kt:3522)
            at androidx.compose.runtime.CompositionImpl.composeContent(Composition.kt:743)
            at androidx.compose.runtime.Recomposer.composeInitial$runtime_release(Recomposer.kt:1122)
            at androidx.compose.runtime.CompositionImpl.composeInitial(Composition.kt:649)
            at androidx.compose.runtime.CompositionImpl.setContent(Composition.kt:635)
            at androidx.compose.ui.platform.WrappedComposition$setContent$1.invoke(Wrapper.android.kt:133)
            at androidx.compose.ui.platform.WrappedComposition$setContent$1.invoke(Wrapper.android.kt:124)
            at androidx.compose.ui.platform.AndroidComposeView.setOnViewTreeOwnersAvailable(AndroidComposeView.android.kt:1631)
            at androidx.compose.ui.platform.WrappedComposition.setContent(Wrapper.android.kt:124)
            at androidx.compose.ui.platform.WrappedComposition.onStateChanged(Wrapper.android.kt:180)
            at androidx.lifecycle.LifecycleRegistry$ObserverWithState.dispatchEvent(LifecycleRegistry.jvm.kt:320)
            at androidx.lifecycle.LifecycleRegistry.addObserver(LifecycleRegistry.jvm.kt:198)
            at androidx.compose.ui.platform.WrappedComposition$setContent$1.invoke(Wrapper.android.kt:131)
            at androidx.compose.ui.platform.WrappedComposition$setContent$1.invoke(Wrapper.android.kt:124)
            at androidx.compose.ui.platform.AndroidComposeView.onAttachedToWindow(AndroidComposeView.android.kt:1712)
            at android.view.View.$$robo$$android_view_View$dispatchAttachedToWindow(View.java:23105)
            at android.view.View.dispatchAttachedToWindow(View.java)
            at android.view.ViewGroup.$$robo$$android_view_ViewGroup$dispatchAttachedToWindow(ViewGroup.java:3520)
            at android.view.ViewGroup.dispatchAttachedToWindow(ViewGroup.java)
            at android.view.ViewGroup.$$robo$$android_view_ViewGroup$dispatchAttachedToWindow(ViewGroup.java:3527)
            at android.view.ViewGroup.dispatchAttachedToWindow(ViewGroup.java)
            at android.view.ViewGroup.$$robo$$android_view_ViewGroup$addViewInner(ViewGroup.java:5332)
            at android.view.ViewGroup.addViewInner(ViewGroup.java)
            at android.view.ViewGroup.$$robo$$android_view_ViewGroup$addView(ViewGroup.java:5118)
            at java.base/jdk.internal.reflect.DirectMethodHandleAccessor.invoke(DirectMethodHandleAccessor.java:103)
            at java.base/java.lang.reflect.Method.invoke(Method.java:580)
            at org.robolectric.shadows.ShadowViewGroup$ViewGroupReflector$$Reflector30.addView(Unknown Source)
            at org.robolectric.shadows.ShadowViewGroup.lambda$addView$0(ShadowViewGroup.java:29)
            at org.robolectric.shadows.ShadowViewGroup.addView(ShadowViewGroup.java:33)
            at android.view.ViewGroup.addView(ViewGroup.java)
            at android.view.ViewGroup.$$robo$$android_view_ViewGroup$addView(ViewGroup.java:5090)
            at android.view.ViewGroup.addView(ViewGroup.java)
            at com.android.internal.policy.PhoneWindow.$$robo$$com_android_internal_policy_PhoneWindow$setContentView(PhoneWindow.java:613)
            at com.android.internal.policy.PhoneWindow.setContentView(PhoneWindow.java)
            at android.app.Activity.$$robo$$android_app_Activity$setContentView(Activity.java:3928)
            at android.app.Activity.setContentView(Activity.java)
            ... 11 more

WelcomeScreenScreenshotTest > captureWelcomeScreen_360x800 STANDARD_ERROR
    System.logW: A resource was acquired at attached stack trace but never released. See java.io.Closeable for information on avoiding resource leaks.
    java.lang.Throwable: Explicit termination method 'SQLiteConnection.close' not called
    	at dalvik.system.CloseGuard.$$robo$$dalvik_system_CloseGuard$openWithCallSite(CloseGuard.java:288)
    	at dalvik.system.CloseGuard.openWithCallSite(CloseGuard.java)
    	at dalvik.system.CloseGuard.$$robo$$dalvik_system_CloseGuard$open(CloseGuard.java:257)
    	at java.base/jdk.internal.reflect.DirectMethodHandleAccessor.invoke(DirectMethodHandleAccessor.java:103)
    	at java.base/java.lang.reflect.Method.invoke(Method.java:580)
    	at org.robolectric.shadows.ShadowCloseGuard$CloseGuardReflector$$Reflector33.open(Unknown Source)
    	at org.robolectric.shadows.ShadowCloseGuard.open(ShadowCloseGuard.java:38)
    	at dalvik.system.CloseGuard.open(CloseGuard.java)
    	at android.database.sqlite.SQLiteConnection.$$robo$$android_database_sqlite_SQLiteConnection$__constructor__(SQLiteConnection.java:197)
    	at android.database.sqlite.SQLiteConnection.<init>(SQLiteConnection.java:188)
    	at android.database.sqlite.SQLiteConnection.$$robo$$android_database_sqlite_SQLiteConnection$open(SQLiteConnection.java:217)
    	at android.database.sqlite.SQLiteConnection.open(SQLiteConnection.java)
    	at android.database.sqlite.SQLiteConnectionPool.$$robo$$android_database_sqlite_SQLiteConnectionPool$openConnectionLocked(SQLiteConnectionPool.java:542)
    	at android.database.sqlite.SQLiteConnectionPool.openConnectionLocked(SQLiteConnectionPool.java)
    	at android.database.sqlite.SQLiteConnectionPool.$$robo$$android_database_sqlite_SQLiteConnectionPool$open(SQLiteConnectionPool.java:228)
    	at android.database.sqlite.SQLiteConnectionPool.open(SQLiteConnectionPool.java)
    	at android.database.sqlite.SQLiteConnectionPool.$$robo$$android_database_sqlite_SQLiteConnectionPool$open(SQLiteConnectionPool.java:220)
    	at android.database.sqlite.SQLiteConnectionPool.open(SQLiteConnectionPool.java)
    	at android.database.sqlite.SQLiteDatabase.$$robo$$android_database_sqlite_SQLiteDatabase$openInner(SQLiteDatabase.java:1191)
    	at android.database.sqlite.SQLiteDatabase.openInner(SQLiteDatabase.java)
    	at android.database.sqlite.SQLiteDatabase.$$robo$$android_database_sqlite_SQLiteDatabase$open(SQLiteDatabase.java:1171)
    	at android.database.sqlite.SQLiteDatabase.open(SQLiteDatabase.java)
    	at android.database.sqlite.SQLiteDatabase.$$robo$$android_database_sqlite_SQLiteDatabase$openDatabase(SQLiteDatabase.java:1035)
    	at android.database.sqlite.SQLiteDatabase.openDatabase(SQLiteDatabase.java)
    	at android.database.sqlite.SQLiteDatabase.$$robo$$android_database_sqlite_SQLiteDatabase$createInMemory(SQLiteDatabase.java:1231)
    	at android.database.sqlite.SQLiteDatabase.createInMemory(SQLiteDatabase.java)
    	at android.database.sqlite.SQLiteOpenHelper.$$robo$$android_database_sqlite_SQLiteOpenHelper$getDatabaseLocked(SQLiteOpenHelper.java:389)
    	at android.database.sqlite.SQLiteOpenHelper.getDatabaseLocked(SQLiteOpenHelper.java)
    	at android.database.sqlite.SQLiteOpenHelper.$$robo$$android_database_sqlite_SQLiteOpenHelper$getWritableDatabase(SQLiteOpenHelper.java:336)
    	at android.database.sqlite.SQLiteOpenHelper.getWritableDatabase(SQLiteOpenHelper.java)
    	at androidx.sqlite.db.framework.FrameworkSQLiteOpenHelper$OpenHelper.getWritableOrReadableDatabase(FrameworkSQLiteOpenHelper.android.kt:224)
    	at androidx.sqlite.db.framework.FrameworkSQLiteOpenHelper$OpenHelper.innerGetDatabase(FrameworkSQLiteOpenHelper.android.kt:167)
    	at androidx.sqlite.db.framework.FrameworkSQLiteOpenHelper$OpenHelper.getSupportDatabase(FrameworkSQLiteOpenHelper.android.kt:141)
    	at androidx.sqlite.db.framework.FrameworkSQLiteOpenHelper.getWritableDatabase(FrameworkSQLiteOpenHelper.android.kt:96)
    	at androidx.room.driver.SupportSQLiteDriver.open(SupportSQLiteDriver.android.kt:26)
    	at androidx.room.driver.SupportSQLiteConnectionPool.getSupportConnection(SupportSQLiteConnectionPool.android.kt:35)
    	at androidx.room.driver.SupportSQLiteConnectionPool.useConnection(SupportSQLiteConnectionPool.android.kt:42)
    	at androidx.room.RoomConnectionManager.useConnection(RoomConnectionManager.android.kt:126)
    	at androidx.room.RoomDatabase.useConnection$room_runtime_release(RoomDatabase.android.kt:588)
    	at androidx.room.util.DBUtil__DBUtil_androidKt$performSuspending$$inlined$compatCoroutineExecute$DBUtil__DBUtil_androidKt$1.invokeSuspend(DBUtil.android.kt:109)
    	at kotlin.coroutines.jvm.internal.BaseContinuationImpl.resumeWith(ContinuationImpl.kt:33)
    	at kotlinx.coroutines.DispatchedTask.run(DispatchedTask.kt:100)
    	at com.example.NavigationAndIndicatorRegressionTest.getLazyViewModel$lambda$0(NavigationAndIndicatorRegressionTest.kt:71)
    	at kotlinx.coroutines.ExecutorCoroutineDispatcherImpl.dispatch(Executors.kt:131)
    	at kotlinx.coroutines.internal.DispatchedContinuationKt.safeDispatch(DispatchedContinuation.kt:254)
    	at kotlinx.coroutines.internal.DispatchedContinuationKt.resumeCancellableWith(DispatchedContinuation.kt:318)
    	at kotlinx.coroutines.intrinsics.CancellableKt.startCoroutineCancellable(Cancellable.kt:26)
    	at kotlinx.coroutines.BuildersKt__Builders_commonKt.withContext(Builders.common.kt:170)
    	at kotlinx.coroutines.BuildersKt.withContext(Unknown Source)
    	at androidx.room.util.DBUtil__DBUtil_androidKt.performSuspending(DBUtil.android.kt:247)
    	at androidx.room.util.DBUtil.performSuspending(Unknown Source)
    	at com.example.data.StrengthDao_Impl.getUserProfile(StrengthDao_Impl.kt:837)
    	at com.example.data.StrengthRepository.getUserProfile(StrengthRepository.kt:36)
    	at com.example.data.AuthRepository$1.invokeSuspend(AuthRepository.kt:62)
    	at kotlin.coroutines.jvm.internal.BaseContinuationImpl.resumeWith(ContinuationImpl.kt:33)
    	at kotlinx.coroutines.DispatchedTask.run(DispatchedTask.kt:100)
    	at kotlinx.coroutines.internal.LimitedDispatcher$Worker.run(LimitedDispatcher.kt:124)
    	at kotlinx.coroutines.scheduling.TaskImpl.run(Tasks.kt:89)
    	at kotlinx.coroutines.scheduling.CoroutineScheduler.runSafely(CoroutineScheduler.kt:586)
    	at kotlinx.coroutines.scheduling.CoroutineScheduler$Worker.executeTask(CoroutineScheduler.kt:820)
    	at kotlinx.coroutines.scheduling.CoroutineScheduler$Worker.runWorker(CoroutineScheduler.kt:717)
    	at kotlinx.coroutines.scheduling.CoroutineScheduler$Worker.run(CoroutineScheduler.kt:704)

    System.logW: A resource was acquired at attached stack trace but never released. See java.io.Closeable for information on avoiding resource leaks.
    java.lang.Throwable: Explicit termination method 'SQLiteConnectionPool.close' not called
    	at dalvik.system.CloseGuard.$$robo$$dalvik_system_CloseGuard$openWithCallSite(CloseGuard.java:288)
    	at dalvik.system.CloseGuard.openWithCallSite(CloseGuard.java)
    	at dalvik.system.CloseGuard.$$robo$$dalvik_system_CloseGuard$open(CloseGuard.java:257)
    	at java.base/jdk.internal.reflect.DirectMethodHandleAccessor.invoke(DirectMethodHandleAccessor.java:103)
    	at java.base/java.lang.reflect.Method.invoke(Method.java:580)
    	at org.robolectric.shadows.ShadowCloseGuard$CloseGuardReflector$$Reflector33.open(Unknown Source)
    	at org.robolectric.shadows.ShadowCloseGuard.open(ShadowCloseGuard.java:38)
    	at dalvik.system.CloseGuard.open(CloseGuard.java)
    	at android.database.sqlite.SQLiteConnectionPool.$$robo$$android_database_sqlite_SQLiteConnectionPool$open(SQLiteConnectionPool.java:239)
    	at android.database.sqlite.SQLiteConnectionPool.open(SQLiteConnectionPool.java)
    	at android.database.sqlite.SQLiteConnectionPool.$$robo$$android_database_sqlite_SQLiteConnectionPool$open(SQLiteConnectionPool.java:220)
    	at android.database.sqlite.SQLiteConnectionPool.open(SQLiteConnectionPool.java)
    	at android.database.sqlite.SQLiteDatabase.$$robo$$android_database_sqlite_SQLiteDatabase$openInner(SQLiteDatabase.java:1191)
    	at android.database.sqlite.SQLiteDatabase.openInner(SQLiteDatabase.java)
    	at android.database.sqlite.SQLiteDatabase.$$robo$$android_database_sqlite_SQLiteDatabase$open(SQLiteDatabase.java:1171)
    	at android.database.sqlite.SQLiteDatabase.open(SQLiteDatabase.java)
    	at android.database.sqlite.SQLiteDatabase.$$robo$$android_database_sqlite_SQLiteDatabase$openDatabase(SQLiteDatabase.java:1035)
    	at android.database.sqlite.SQLiteDatabase.openDatabase(SQLiteDatabase.java)
    	at android.database.sqlite.SQLiteDatabase.$$robo$$android_database_sqlite_SQLiteDatabase$createInMemory(SQLiteDatabase.java:1231)
    	at android.database.sqlite.SQLiteDatabase.createInMemory(SQLiteDatabase.java)
    	at android.database.sqlite.SQLiteOpenHelper.$$robo$$android_database_sqlite_SQLiteOpenHelper$getDatabaseLocked(SQLiteOpenHelper.java:389)
    	at android.database.sqlite.SQLiteOpenHelper.getDatabaseLocked(SQLiteOpenHelper.java)
    	at android.database.sqlite.SQLiteOpenHelper.$$robo$$android_database_sqlite_SQLiteOpenHelper$getWritableDatabase(SQLiteOpenHelper.java:336)
    	at android.database.sqlite.SQLiteOpenHelper.getWritableDatabase(SQLiteOpenHelper.java)
    	at androidx.sqlite.db.framework.FrameworkSQLiteOpenHelper$OpenHelper.getWritableOrReadableDatabase(FrameworkSQLiteOpenHelper.android.kt:224)
    	at androidx.sqlite.db.framework.FrameworkSQLiteOpenHelper$OpenHelper.innerGetDatabase(FrameworkSQLiteOpenHelper.android.kt:167)
    	at androidx.sqlite.db.framework.FrameworkSQLiteOpenHelper$OpenHelper.getSupportDatabase(FrameworkSQLiteOpenHelper.android.kt:141)
    	at androidx.sqlite.db.framework.FrameworkSQLiteOpenHelper.getWritableDatabase(FrameworkSQLiteOpenHelper.android.kt:96)
    	at androidx.room.driver.SupportSQLiteDriver.open(SupportSQLiteDriver.android.kt:26)
    	at androidx.room.driver.SupportSQLiteConnectionPool.getSupportConnection(SupportSQLiteConnectionPool.android.kt:35)
    	at androidx.room.driver.SupportSQLiteConnectionPool.useConnection(SupportSQLiteConnectionPool.android.kt:42)
    	at androidx.room.RoomConnectionManager.useConnection(RoomConnectionManager.android.kt:126)
    	at androidx.room.RoomDatabase.useConnection$room_runtime_release(RoomDatabase.android.kt:588)
    	at androidx.room.util.DBUtil__DBUtil_androidKt$performSuspending$$inlined$compatCoroutineExecute$DBUtil__DBUtil_androidKt$1.invokeSuspend(DBUtil.android.kt:109)
    	at kotlin.coroutines.jvm.internal.BaseContinuationImpl.resumeWith(ContinuationImpl.kt:33)
    	at kotlinx.coroutines.DispatchedTask.run(DispatchedTask.kt:100)
    	at com.example.NavigationAndIndicatorRegressionTest.getLazyViewModel$lambda$0(NavigationAndIndicatorRegressionTest.kt:71)
    	at kotlinx.coroutines.ExecutorCoroutineDispatcherImpl.dispatch(Executors.kt:131)
    	at kotlinx.coroutines.internal.DispatchedContinuationKt.safeDispatch(DispatchedContinuation.kt:254)
    	at kotlinx.coroutines.internal.DispatchedContinuationKt.resumeCancellableWith(DispatchedContinuation.kt:318)
    	at kotlinx.coroutines.intrinsics.CancellableKt.startCoroutineCancellable(Cancellable.kt:26)
    	at kotlinx.coroutines.BuildersKt__Builders_commonKt.withContext(Builders.common.kt:170)
    	at kotlinx.coroutines.BuildersKt.withContext(Unknown Source)
    	at androidx.room.util.DBUtil__DBUtil_androidKt.performSuspending(DBUtil.android.kt:247)
    	at androidx.room.util.DBUtil.performSuspending(Unknown Source)
    	at com.example.data.StrengthDao_Impl.getUserProfile(StrengthDao_Impl.kt:837)
    	at com.example.data.StrengthRepository.getUserProfile(StrengthRepository.kt:36)
    	at com.example.data.AuthRepository$1.invokeSuspend(AuthRepository.kt:62)
    	at kotlin.coroutines.jvm.internal.BaseContinuationImpl.resumeWith(ContinuationImpl.kt:33)
    	at kotlinx.coroutines.DispatchedTask.run(DispatchedTask.kt:100)
    	at kotlinx.coroutines.internal.LimitedDispatcher$Worker.run(LimitedDispatcher.kt:124)
    	at kotlinx.coroutines.scheduling.TaskImpl.run(Tasks.kt:89)
    	at kotlinx.coroutines.scheduling.CoroutineScheduler.runSafely(CoroutineScheduler.kt:586)
    	at kotlinx.coroutines.scheduling.CoroutineScheduler$Worker.executeTask(CoroutineScheduler.kt:820)
    	at kotlinx.coroutines.scheduling.CoroutineScheduler$Worker.runWorker(CoroutineScheduler.kt:717)
    	at kotlinx.coroutines.scheduling.CoroutineScheduler$Worker.run(CoroutineScheduler.kt:704)

    System.logW: A resource was acquired at attached stack trace but never released. See java.io.Closeable for information on avoiding resource leaks.
    java.lang.Throwable: Explicit termination method 'close' not called
    	at dalvik.system.CloseGuard.$$robo$$dalvik_system_CloseGuard$openWithCallSite(CloseGuard.java:288)
    	at dalvik.system.CloseGuard.openWithCallSite(CloseGuard.java)
    	at dalvik.system.CloseGuard.$$robo$$dalvik_system_CloseGuard$open(CloseGuard.java:257)
    	at java.base/jdk.internal.reflect.DirectMethodHandleAccessor.invoke(DirectMethodHandleAccessor.java:103)
    	at java.base/java.lang.reflect.Method.invoke(Method.java:580)
    	at org.robolectric.shadows.ShadowCloseGuard$CloseGuardReflector$$Reflector33.open(Unknown Source)
    	at org.robolectric.shadows.ShadowCloseGuard.open(ShadowCloseGuard.java:38)
    	at dalvik.system.CloseGuard.open(CloseGuard.java)
    	at android.database.sqlite.SQLiteDatabase.$$robo$$android_database_sqlite_SQLiteDatabase$openInner(SQLiteDatabase.java:1192)
    	at android.database.sqlite.SQLiteDatabase.openInner(SQLiteDatabase.java)
    	at android.database.sqlite.SQLiteDatabase.$$robo$$android_database_sqlite_SQLiteDatabase$open(SQLiteDatabase.java:1171)
    	at android.database.sqlite.SQLiteDatabase.open(SQLiteDatabase.java)
    	at android.database.sqlite.SQLiteDatabase.$$robo$$android_database_sqlite_SQLiteDatabase$openDatabase(SQLiteDatabase.java:1035)
    	at android.database.sqlite.SQLiteDatabase.openDatabase(SQLiteDatabase.java)
    	at android.database.sqlite.SQLiteDatabase.$$robo$$android_database_sqlite_SQLiteDatabase$createInMemory(SQLiteDatabase.java:1231)
    	at android.database.sqlite.SQLiteDatabase.createInMemory(SQLiteDatabase.java)
    	at android.database.sqlite.SQLiteOpenHelper.$$robo$$android_database_sqlite_SQLiteOpenHelper$getDatabaseLocked(SQLiteOpenHelper.java:389)
    	at android.database.sqlite.SQLiteOpenHelper.getDatabaseLocked(SQLiteOpenHelper.java)
    	at android.database.sqlite.SQLiteOpenHelper.$$robo$$android_database_sqlite_SQLiteOpenHelper$getWritableDatabase(SQLiteOpenHelper.java:336)
    	at android.database.sqlite.SQLiteOpenHelper.getWritableDatabase(SQLiteOpenHelper.java)
    	at androidx.sqlite.db.framework.FrameworkSQLiteOpenHelper$OpenHelper.getWritableOrReadableDatabase(FrameworkSQLiteOpenHelper.android.kt:224)
    	at androidx.sqlite.db.framework.FrameworkSQLiteOpenHelper$OpenHelper.innerGetDatabase(FrameworkSQLiteOpenHelper.android.kt:167)
    	at androidx.sqlite.db.framework.FrameworkSQLiteOpenHelper$OpenHelper.getSupportDatabase(FrameworkSQLiteOpenHelper.android.kt:141)
    	at androidx.sqlite.db.framework.FrameworkSQLiteOpenHelper.getWritableDatabase(FrameworkSQLiteOpenHelper.android.kt:96)
    	at androidx.room.driver.SupportSQLiteDriver.open(SupportSQLiteDriver.android.kt:26)
    	at androidx.room.driver.SupportSQLiteConnectionPool.getSupportConnection(SupportSQLiteConnectionPool.android.kt:35)
    	at androidx.room.driver.SupportSQLiteConnectionPool.useConnection(SupportSQLiteConnectionPool.android.kt:42)
    	at androidx.room.RoomConnectionManager.useConnection(RoomConnectionManager.android.kt:126)
    	at androidx.room.RoomDatabase.useConnection$room_runtime_release(RoomDatabase.android.kt:588)
    	at androidx.room.util.DBUtil__DBUtil_androidKt$performSuspending$$inlined$compatCoroutineExecute$DBUtil__DBUtil_androidKt$1.invokeSuspend(DBUtil.android.kt:109)
    	at kotlin.coroutines.jvm.internal.BaseContinuationImpl.resumeWith(ContinuationImpl.kt:33)
    	at kotlinx.coroutines.DispatchedTask.run(DispatchedTask.kt:100)
    	at com.example.NavigationAndIndicatorRegressionTest.getLazyViewModel$lambda$0(NavigationAndIndicatorRegressionTest.kt:71)
    	at kotlinx.coroutines.ExecutorCoroutineDispatcherImpl.dispatch(Executors.kt:131)
    	at kotlinx.coroutines.internal.DispatchedContinuationKt.safeDispatch(DispatchedContinuation.kt:254)
    	at kotlinx.coroutines.internal.DispatchedContinuationKt.resumeCancellableWith(DispatchedContinuation.kt:318)
    	at kotlinx.coroutines.intrinsics.CancellableKt.startCoroutineCancellable(Cancellable.kt:26)
    	at kotlinx.coroutines.BuildersKt__Builders_commonKt.withContext(Builders.common.kt:170)
    	at kotlinx.coroutines.BuildersKt.withContext(Unknown Source)
    	at androidx.room.util.DBUtil__DBUtil_androidKt.performSuspending(DBUtil.android.kt:247)
    	at androidx.room.util.DBUtil.performSuspending(Unknown Source)
    	at com.example.data.StrengthDao_Impl.getUserProfile(StrengthDao_Impl.kt:837)
    	at com.example.data.StrengthRepository.getUserProfile(StrengthRepository.kt:36)
    	at com.example.data.AuthRepository$1.invokeSuspend(AuthRepository.kt:62)
    	at kotlin.coroutines.jvm.internal.BaseContinuationImpl.resumeWith(ContinuationImpl.kt:33)
    	at kotlinx.coroutines.DispatchedTask.run(DispatchedTask.kt:100)
    	at kotlinx.coroutines.internal.LimitedDispatcher$Worker.run(LimitedDispatcher.kt:124)
    	at kotlinx.coroutines.scheduling.TaskImpl.run(Tasks.kt:89)
    	at kotlinx.coroutines.scheduling.CoroutineScheduler.runSafely(CoroutineScheduler.kt:586)
    	at kotlinx.coroutines.scheduling.CoroutineScheduler$Worker.executeTask(CoroutineScheduler.kt:820)
    	at kotlinx.coroutines.scheduling.CoroutineScheduler$Worker.runWorker(CoroutineScheduler.kt:717)
    	at kotlinx.coroutines.scheduling.CoroutineScheduler$Worker.run(CoroutineScheduler.kt:704)


WelcomeScreenScreenshotTest > captureWelcomeScreen_360x800 FAILED
    androidx.compose.ui.res.ResourceResolutionException: Error attempting to load resource: res/drawable-nodpi-v4/hv1_banner.png
        at androidx.compose.ui.res.PainterResources_androidKt.loadImageBitmapResource(PainterResources.android.kt:116)
        at androidx.compose.ui.res.PainterResources_androidKt.painterResource(PainterResources.android.kt:75)
        at com.example.ui.screens.WelcomeScreenKt.WelcomeScreen(WelcomeScreen.kt:93)
        at com.example.WelcomeScreenScreenshotTest.setupContent$lambda$4$lambda$3(WelcomeScreenScreenshotTest.kt:60)
        at androidx.compose.runtime.internal.ComposableLambdaImpl.invoke(ComposableLambda.jvm.kt:109)
        at androidx.compose.runtime.internal.ComposableLambdaImpl.invoke(ComposableLambda.jvm.kt:35)
        at androidx.compose.runtime.CompositionLocalKt.CompositionLocalProvider(CompositionLocal.kt:401)
        at androidx.compose.material3.TextKt.ProvideTextStyle(Text.kt:349)
        at androidx.compose.material3.MaterialThemeKt$MaterialTheme$1.invoke(MaterialTheme.kt:69)
        at androidx.compose.material3.MaterialThemeKt$MaterialTheme$1.invoke(MaterialTheme.kt:68)
        at androidx.compose.runtime.internal.ComposableLambdaImpl.invoke(ComposableLambda.jvm.kt:109)
        at androidx.compose.runtime.internal.ComposableLambdaImpl.invoke(ComposableLambda.jvm.kt:35)
        at androidx.compose.runtime.CompositionLocalKt.CompositionLocalProvider(CompositionLocal.kt:380)
        at androidx.compose.material3.MaterialThemeKt.MaterialTheme(MaterialTheme.kt:60)
        at com.example.ui.theme.ThemeKt.HumanV1Theme(Theme.kt:71)
        at com.example.WelcomeScreenScreenshotTest.setupContent$lambda$4(WelcomeScreenScreenshotTest.kt:59)
        at androidx.compose.runtime.internal.ComposableLambdaImpl.invoke(ComposableLambda.jvm.kt:109)
        at androidx.compose.runtime.internal.ComposableLambdaImpl.invoke(ComposableLambda.jvm.kt:35)
        at androidx.compose.ui.platform.ComposeView.Content(ComposeView.android.kt:441)
        at androidx.compose.ui.platform.AbstractComposeView$ensureCompositionCreated$1.invoke(ComposeView.android.kt:259)
        at androidx.compose.ui.platform.AbstractComposeView$ensureCompositionCreated$1.invoke(ComposeView.android.kt:258)
        at androidx.compose.runtime.internal.ComposableLambdaImpl.invoke(ComposableLambda.jvm.kt:109)
        at androidx.compose.runtime.internal.ComposableLambdaImpl.invoke(ComposableLambda.jvm.kt:35)
        at androidx.compose.runtime.CompositionLocalKt.CompositionLocalProvider(CompositionLocal.kt:380)
        at androidx.compose.ui.platform.CompositionLocalsKt.ProvideCommonCompositionLocals(CompositionLocals.kt:216)
        at androidx.compose.ui.platform.AndroidCompositionLocals_androidKt$ProvideAndroidCompositionLocals$3.invoke(AndroidCompositionLocals.android.kt:132)
        at androidx.compose.ui.platform.AndroidCompositionLocals_androidKt$ProvideAndroidCompositionLocals$3.invoke(AndroidCompositionLocals.android.kt:131)
        at androidx.compose.runtime.internal.ComposableLambdaImpl.invoke(ComposableLambda.jvm.kt:109)
        at androidx.compose.runtime.internal.ComposableLambdaImpl.invoke(ComposableLambda.jvm.kt:35)
        at androidx.compose.runtime.CompositionLocalKt.CompositionLocalProvider(CompositionLocal.kt:380)
        at androidx.compose.ui.platform.AndroidCompositionLocals_androidKt.ProvideAndroidCompositionLocals(AndroidCompositionLocals.android.kt:121)
        at androidx.compose.ui.platform.WrappedComposition$setContent$1$1$3.invoke(Wrapper.android.kt:155)
        at androidx.compose.ui.platform.WrappedComposition$setContent$1$1$3.invoke(Wrapper.android.kt:154)
        at androidx.compose.runtime.internal.ComposableLambdaImpl.invoke(ComposableLambda.jvm.kt:109)
        at androidx.compose.runtime.internal.ComposableLambdaImpl.invoke(ComposableLambda.jvm.kt:35)
        at androidx.compose.runtime.CompositionLocalKt.CompositionLocalProvider(CompositionLocal.kt:401)
        at androidx.compose.ui.platform.WrappedComposition$setContent$1$1.invoke(Wrapper.android.kt:154)
        at androidx.compose.ui.platform.WrappedComposition$setContent$1$1.invoke(Wrapper.android.kt:133)
        at androidx.compose.runtime.internal.ComposableLambdaImpl.invoke(ComposableLambda.jvm.kt:109)
        at androidx.compose.runtime.internal.ComposableLambdaImpl.invoke(ComposableLambda.jvm.kt:35)
        at androidx.compose.runtime.ActualJvm_jvmKt.invokeComposable(ActualJvm.jvm.kt:97)
        at androidx.compose.runtime.ComposerImpl.doCompose(Composer.kt:3595)
        at androidx.compose.runtime.ComposerImpl.composeContent$runtime_release(Composer.kt:3522)
        at androidx.compose.runtime.CompositionImpl.composeContent(Composition.kt:743)
        at androidx.compose.runtime.Recomposer.composeInitial$runtime_release(Recomposer.kt:1122)
        at androidx.compose.runtime.CompositionImpl.composeInitial(Composition.kt:649)
        at androidx.compose.runtime.CompositionImpl.setContent(Composition.kt:635)
        at androidx.compose.ui.platform.WrappedComposition$setContent$1.invoke(Wrapper.android.kt:133)
        at androidx.compose.ui.platform.WrappedComposition$setContent$1.invoke(Wrapper.android.kt:124)
        at androidx.compose.ui.platform.AndroidComposeView.setOnViewTreeOwnersAvailable(AndroidComposeView.android.kt:1631)
        at androidx.compose.ui.platform.WrappedComposition.setContent(Wrapper.android.kt:124)
        at androidx.compose.ui.platform.WrappedComposition.onStateChanged(Wrapper.android.kt:180)
        at androidx.lifecycle.LifecycleRegistry$ObserverWithState.dispatchEvent(LifecycleRegistry.jvm.kt:320)
        at androidx.lifecycle.LifecycleRegistry.addObserver(LifecycleRegistry.jvm.kt:198)
        at androidx.compose.ui.platform.WrappedComposition$setContent$1.invoke(Wrapper.android.kt:131)
        at androidx.compose.ui.platform.WrappedComposition$setContent$1.invoke(Wrapper.android.kt:124)
        at androidx.compose.ui.platform.AndroidComposeView.onAttachedToWindow(AndroidComposeView.android.kt:1712)
        at android.view.View.dispatchAttachedToWindow(View.java:23105)
        at android.view.ViewGroup.dispatchAttachedToWindow(ViewGroup.java:3520)
        at android.view.ViewGroup.dispatchAttachedToWindow(ViewGroup.java:3527)
        at android.view.ViewGroup.addViewInner(ViewGroup.java:5332)
        at android.view.ViewGroup.addView(ViewGroup.java:5118)
        at java.base@21.0.11/jdk.internal.reflect.DirectMethodHandleAccessor.invoke(DirectMethodHandleAccessor.java:103)
        at org.robolectric.shadows.ShadowViewGroup$ViewGroupReflector$$Reflector30.addView(Unknown Source)
        at org.robolectric.shadows.ShadowViewGroup.lambda$addView$0(ShadowViewGroup.java:29)
        at org.robolectric.shadows.ShadowViewGroup.addView(ShadowViewGroup.java:33)
        at android.view.ViewGroup.addView(ViewGroup.java)
        at android.view.ViewGroup.addView(ViewGroup.java:5090)
        at com.android.internal.policy.PhoneWindow.setContentView(PhoneWindow.java:613)
        at android.app.Activity.setContentView(Activity.java:3928)
        at androidx.activity.ComponentActivity.setContentView(ComponentActivity.kt:402)
        at androidx.activity.compose.ComponentActivityKt.setContent(ComponentActivity.kt:72)
        at androidx.compose.ui.test.AndroidComposeUiTestEnvironment$AndroidComposeUiTestImpl$setContent$3.invoke(ComposeUiTest.android.kt:489)
        at androidx.compose.ui.test.AndroidComposeUiTestEnvironment$AndroidComposeUiTestImpl$setContent$3.invoke(ComposeUiTest.android.kt:488)
        at androidx.compose.ui.test.AndroidSynchronization_androidKt.runOnUiThread(AndroidSynchronization.android.kt:33)
        at androidx.compose.ui.test.AndroidComposeUiTestEnvironment$AndroidTestOwner.runOnUiThread(ComposeUiTest.android.kt:539)
        at androidx.compose.ui.test.AndroidComposeUiTestEnvironment$AndroidComposeUiTestImpl.runOnUiThread(ComposeUiTest.android.kt:405)
        at androidx.compose.ui.test.AndroidComposeUiTestEnvironment$AndroidComposeUiTestImpl.setContent(ComposeUiTest.android.kt:488)
        at androidx.compose.ui.test.junit4.AndroidComposeTestRule.setContent(AndroidComposeTestRule.android.kt:348)
        at com.example.WelcomeScreenScreenshotTest.setupContent(WelcomeScreenScreenshotTest.kt:58)
        at com.example.WelcomeScreenScreenshotTest.captureWelcomeScreen_360x800(WelcomeScreenScreenshotTest.kt:77)

        Caused by:
        java.lang.NullPointerException: null cannot be cast to non-null type android.graphics.drawable.BitmapDrawable
            at androidx.compose.ui.res.ImageResources_androidKt.imageResource(ImageResources.android.kt:39)
            at androidx.compose.ui.res.PainterResources_androidKt.loadImageBitmapResource(PainterResources.android.kt:114)
            at androidx.compose.ui.res.PainterResources_androidKt.painterResource(PainterResources.android.kt:75)
            at com.example.ui.screens.WelcomeScreenKt.WelcomeScreen(WelcomeScreen.kt:93)
            at com.example.WelcomeScreenScreenshotTest.setupContent$lambda$4$lambda$3(WelcomeScreenScreenshotTest.kt:60)
            at androidx.compose.runtime.internal.ComposableLambdaImpl.invoke(ComposableLambda.jvm.kt:109)
            at androidx.compose.runtime.internal.ComposableLambdaImpl.invoke(ComposableLambda.jvm.kt:35)
            at androidx.compose.runtime.CompositionLocalKt.CompositionLocalProvider(CompositionLocal.kt:401)
            at androidx.compose.material3.TextKt.ProvideTextStyle(Text.kt:349)
            at androidx.compose.material3.MaterialThemeKt$MaterialTheme$1.invoke(MaterialTheme.kt:69)
            at androidx.compose.material3.MaterialThemeKt$MaterialTheme$1.invoke(MaterialTheme.kt:68)
            at androidx.compose.runtime.internal.ComposableLambdaImpl.invoke(ComposableLambda.jvm.kt:109)
            at androidx.compose.runtime.internal.ComposableLambdaImpl.invoke(ComposableLambda.jvm.kt:35)
            at androidx.compose.runtime.CompositionLocalKt.CompositionLocalProvider(CompositionLocal.kt:380)
            at androidx.compose.material3.MaterialThemeKt.MaterialTheme(MaterialTheme.kt:60)
            at com.example.ui.theme.ThemeKt.HumanV1Theme(Theme.kt:71)
            at com.example.WelcomeScreenScreenshotTest.setupContent$lambda$4(WelcomeScreenScreenshotTest.kt:59)
            at androidx.compose.runtime.internal.ComposableLambdaImpl.invoke(ComposableLambda.jvm.kt:109)
            at androidx.compose.runtime.internal.ComposableLambdaImpl.invoke(ComposableLambda.jvm.kt:35)
            at androidx.compose.ui.platform.ComposeView.Content(ComposeView.android.kt:441)
            at androidx.compose.ui.platform.AbstractComposeView$ensureCompositionCreated$1.invoke(ComposeView.android.kt:259)
            at androidx.compose.ui.platform.AbstractComposeView$ensureCompositionCreated$1.invoke(ComposeView.android.kt:258)
            at androidx.compose.runtime.internal.ComposableLambdaImpl.invoke(ComposableLambda.jvm.kt:109)
            at androidx.compose.runtime.internal.ComposableLambdaImpl.invoke(ComposableLambda.jvm.kt:35)
            at androidx.compose.runtime.CompositionLocalKt.CompositionLocalProvider(CompositionLocal.kt:380)
            at androidx.compose.ui.platform.CompositionLocalsKt.ProvideCommonCompositionLocals(CompositionLocals.kt:216)
            at androidx.compose.ui.platform.AndroidCompositionLocals_androidKt$ProvideAndroidCompositionLocals$3.invoke(AndroidCompositionLocals.android.kt:132)
            at androidx.compose.ui.platform.AndroidCompositionLocals_androidKt$ProvideAndroidCompositionLocals$3.invoke(AndroidCompositionLocals.android.kt:131)
            at androidx.compose.runtime.internal.ComposableLambdaImpl.invoke(ComposableLambda.jvm.kt:109)
            at androidx.compose.runtime.internal.ComposableLambdaImpl.invoke(ComposableLambda.jvm.kt:35)
            at androidx.compose.runtime.CompositionLocalKt.CompositionLocalProvider(CompositionLocal.kt:380)
            at androidx.compose.ui.platform.AndroidCompositionLocals_androidKt.ProvideAndroidCompositionLocals(AndroidCompositionLocals.android.kt:121)
            at androidx.compose.ui.platform.WrappedComposition$setContent$1$1$3.invoke(Wrapper.android.kt:155)
            at androidx.compose.ui.platform.WrappedComposition$setContent$1$1$3.invoke(Wrapper.android.kt:154)
            at androidx.compose.runtime.internal.ComposableLambdaImpl.invoke(ComposableLambda.jvm.kt:109)
            at androidx.compose.runtime.internal.ComposableLambdaImpl.invoke(ComposableLambda.jvm.kt:35)
            at androidx.compose.runtime.CompositionLocalKt.CompositionLocalProvider(CompositionLocal.kt:401)
            at androidx.compose.ui.platform.WrappedComposition$setContent$1$1.invoke(Wrapper.android.kt:154)
            at androidx.compose.ui.platform.WrappedComposition$setContent$1$1.invoke(Wrapper.android.kt:133)
            at androidx.compose.runtime.internal.ComposableLambdaImpl.invoke(ComposableLambda.jvm.kt:109)
            at androidx.compose.runtime.internal.ComposableLambdaImpl.invoke(ComposableLambda.jvm.kt:35)
            at androidx.compose.runtime.ActualJvm_jvmKt.invokeComposable(ActualJvm.jvm.kt:97)
            at androidx.compose.runtime.ComposerImpl.doCompose(Composer.kt:3595)
            at androidx.compose.runtime.ComposerImpl.composeContent$runtime_release(Composer.kt:3522)
            at androidx.compose.runtime.CompositionImpl.composeContent(Composition.kt:743)
            at androidx.compose.runtime.Recomposer.composeInitial$runtime_release(Recomposer.kt:1122)
            at androidx.compose.runtime.CompositionImpl.composeInitial(Composition.kt:649)
            at androidx.compose.runtime.CompositionImpl.setContent(Composition.kt:635)
            at androidx.compose.ui.platform.WrappedComposition$setContent$1.invoke(Wrapper.android.kt:133)
            at androidx.compose.ui.platform.WrappedComposition$setContent$1.invoke(Wrapper.android.kt:124)
            at androidx.compose.ui.platform.AndroidComposeView.setOnViewTreeOwnersAvailable(AndroidComposeView.android.kt:1631)
            at androidx.compose.ui.platform.WrappedComposition.setContent(Wrapper.android.kt:124)
            at androidx.compose.ui.platform.WrappedComposition.onStateChanged(Wrapper.android.kt:180)
            at androidx.lifecycle.LifecycleRegistry$ObserverWithState.dispatchEvent(LifecycleRegistry.jvm.kt:320)
            at androidx.lifecycle.LifecycleRegistry.addObserver(LifecycleRegistry.jvm.kt:198)
            at androidx.compose.ui.platform.WrappedComposition$setContent$1.invoke(Wrapper.android.kt:131)
            at androidx.compose.ui.platform.WrappedComposition$setContent$1.invoke(Wrapper.android.kt:124)
            at androidx.compose.ui.platform.AndroidComposeView.onAttachedToWindow(AndroidComposeView.android.kt:1712)
            at android.view.View.$$robo$$android_view_View$dispatchAttachedToWindow(View.java:23105)
            at android.view.View.dispatchAttachedToWindow(View.java)
            at android.view.ViewGroup.$$robo$$android_view_ViewGroup$dispatchAttachedToWindow(ViewGroup.java:3520)
            at android.view.ViewGroup.dispatchAttachedToWindow(ViewGroup.java)
            at android.view.ViewGroup.$$robo$$android_view_ViewGroup$dispatchAttachedToWindow(ViewGroup.java:3527)
            at android.view.ViewGroup.dispatchAttachedToWindow(ViewGroup.java)
            at android.view.ViewGroup.$$robo$$android_view_ViewGroup$addViewInner(ViewGroup.java:5332)
            at android.view.ViewGroup.addViewInner(ViewGroup.java)
            at android.view.ViewGroup.$$robo$$android_view_ViewGroup$addView(ViewGroup.java:5118)
            at java.base/jdk.internal.reflect.DirectMethodHandleAccessor.invoke(DirectMethodHandleAccessor.java:103)
            at java.base/java.lang.reflect.Method.invoke(Method.java:580)
            at org.robolectric.shadows.ShadowViewGroup$ViewGroupReflector$$Reflector30.addView(Unknown Source)
            at org.robolectric.shadows.ShadowViewGroup.lambda$addView$0(ShadowViewGroup.java:29)
            at org.robolectric.shadows.ShadowViewGroup.addView(ShadowViewGroup.java:33)
            at android.view.ViewGroup.addView(ViewGroup.java)
            at android.view.ViewGroup.$$robo$$android_view_ViewGroup$addView(ViewGroup.java:5090)
            at android.view.ViewGroup.addView(ViewGroup.java)
            at com.android.internal.policy.PhoneWindow.$$robo$$com_android_internal_policy_PhoneWindow$setContentView(PhoneWindow.java:613)
            at com.android.internal.policy.PhoneWindow.setContentView(PhoneWindow.java)
            at android.app.Activity.$$robo$$android_app_Activity$setContentView(Activity.java:3928)
            at android.app.Activity.setContentView(Activity.java)
            ... 11 more

WelcomeScreenScreenshotTest > captureWelcomeScreen_412x915 FAILED
    androidx.compose.ui.res.ResourceResolutionException: Error attempting to load resource: res/drawable-nodpi-v4/hv1_banner.png
        at androidx.compose.ui.res.PainterResources_androidKt.loadImageBitmapResource(PainterResources.android.kt:116)
        at androidx.compose.ui.res.PainterResources_androidKt.painterResource(PainterResources.android.kt:75)
        at com.example.ui.screens.WelcomeScreenKt.WelcomeScreen(WelcomeScreen.kt:93)
        at com.example.WelcomeScreenScreenshotTest.setupContent$lambda$4$lambda$3(WelcomeScreenScreenshotTest.kt:60)
        at androidx.compose.runtime.internal.ComposableLambdaImpl.invoke(ComposableLambda.jvm.kt:109)
        at androidx.compose.runtime.internal.ComposableLambdaImpl.invoke(ComposableLambda.jvm.kt:35)
        at androidx.compose.runtime.CompositionLocalKt.CompositionLocalProvider(CompositionLocal.kt:401)
        at androidx.compose.material3.TextKt.ProvideTextStyle(Text.kt:349)
        at androidx.compose.material3.MaterialThemeKt$MaterialTheme$1.invoke(MaterialTheme.kt:69)
        at androidx.compose.material3.MaterialThemeKt$MaterialTheme$1.invoke(MaterialTheme.kt:68)
        at androidx.compose.runtime.internal.ComposableLambdaImpl.invoke(ComposableLambda.jvm.kt:109)
        at androidx.compose.runtime.internal.ComposableLambdaImpl.invoke(ComposableLambda.jvm.kt:35)
        at androidx.compose.runtime.CompositionLocalKt.CompositionLocalProvider(CompositionLocal.kt:380)
        at androidx.compose.material3.MaterialThemeKt.MaterialTheme(MaterialTheme.kt:60)
        at com.example.ui.theme.ThemeKt.HumanV1Theme(Theme.kt:71)
        at com.example.WelcomeScreenScreenshotTest.setupContent$lambda$4(WelcomeScreenScreenshotTest.kt:59)
        at androidx.compose.runtime.internal.ComposableLambdaImpl.invoke(ComposableLambda.jvm.kt:109)
        at androidx.compose.runtime.internal.ComposableLambdaImpl.invoke(ComposableLambda.jvm.kt:35)
        at androidx.compose.ui.platform.ComposeView.Content(ComposeView.android.kt:441)
        at androidx.compose.ui.platform.AbstractComposeView$ensureCompositionCreated$1.invoke(ComposeView.android.kt:259)
        at androidx.compose.ui.platform.AbstractComposeView$ensureCompositionCreated$1.invoke(ComposeView.android.kt:258)
        at androidx.compose.runtime.internal.ComposableLambdaImpl.invoke(ComposableLambda.jvm.kt:109)
        at androidx.compose.runtime.internal.ComposableLambdaImpl.invoke(ComposableLambda.jvm.kt:35)
        at androidx.compose.runtime.CompositionLocalKt.CompositionLocalProvider(CompositionLocal.kt:380)
        at androidx.compose.ui.platform.CompositionLocalsKt.ProvideCommonCompositionLocals(CompositionLocals.kt:216)
        at androidx.compose.ui.platform.AndroidCompositionLocals_androidKt$ProvideAndroidCompositionLocals$3.invoke(AndroidCompositionLocals.android.kt:132)
        at androidx.compose.ui.platform.AndroidCompositionLocals_androidKt$ProvideAndroidCompositionLocals$3.invoke(AndroidCompositionLocals.android.kt:131)
        at androidx.compose.runtime.internal.ComposableLambdaImpl.invoke(ComposableLambda.jvm.kt:109)
        at androidx.compose.runtime.internal.ComposableLambdaImpl.invoke(ComposableLambda.jvm.kt:35)
        at androidx.compose.runtime.CompositionLocalKt.CompositionLocalProvider(CompositionLocal.kt:380)
        at androidx.compose.ui.platform.AndroidCompositionLocals_androidKt.ProvideAndroidCompositionLocals(AndroidCompositionLocals.android.kt:121)
        at androidx.compose.ui.platform.WrappedComposition$setContent$1$1$3.invoke(Wrapper.android.kt:155)
        at androidx.compose.ui.platform.WrappedComposition$setContent$1$1$3.invoke(Wrapper.android.kt:154)
        at androidx.compose.runtime.internal.ComposableLambdaImpl.invoke(ComposableLambda.jvm.kt:109)
        at androidx.compose.runtime.internal.ComposableLambdaImpl.invoke(ComposableLambda.jvm.kt:35)
        at androidx.compose.runtime.CompositionLocalKt.CompositionLocalProvider(CompositionLocal.kt:401)
        at androidx.compose.ui.platform.WrappedComposition$setContent$1$1.invoke(Wrapper.android.kt:154)
        at androidx.compose.ui.platform.WrappedComposition$setContent$1$1.invoke(Wrapper.android.kt:133)
        at androidx.compose.runtime.internal.ComposableLambdaImpl.invoke(ComposableLambda.jvm.kt:109)
        at androidx.compose.runtime.internal.ComposableLambdaImpl.invoke(ComposableLambda.jvm.kt:35)
        at androidx.compose.runtime.ActualJvm_jvmKt.invokeComposable(ActualJvm.jvm.kt:97)
        at androidx.compose.runtime.ComposerImpl.doCompose(Composer.kt:3595)
        at androidx.compose.runtime.ComposerImpl.composeContent$runtime_release(Composer.kt:3522)
        at androidx.compose.runtime.CompositionImpl.composeContent(Composition.kt:743)
        at androidx.compose.runtime.Recomposer.composeInitial$runtime_release(Recomposer.kt:1122)
        at androidx.compose.runtime.CompositionImpl.composeInitial(Composition.kt:649)
        at androidx.compose.runtime.CompositionImpl.setContent(Composition.kt:635)
        at androidx.compose.ui.platform.WrappedComposition$setContent$1.invoke(Wrapper.android.kt:133)
        at androidx.compose.ui.platform.WrappedComposition$setContent$1.invoke(Wrapper.android.kt:124)
        at androidx.compose.ui.platform.AndroidComposeView.setOnViewTreeOwnersAvailable(AndroidComposeView.android.kt:1631)
        at androidx.compose.ui.platform.WrappedComposition.setContent(Wrapper.android.kt:124)
        at androidx.compose.ui.platform.WrappedComposition.onStateChanged(Wrapper.android.kt:180)
        at androidx.lifecycle.LifecycleRegistry$ObserverWithState.dispatchEvent(LifecycleRegistry.jvm.kt:320)
        at androidx.lifecycle.LifecycleRegistry.addObserver(LifecycleRegistry.jvm.kt:198)
        at androidx.compose.ui.platform.WrappedComposition$setContent$1.invoke(Wrapper.android.kt:131)
        at androidx.compose.ui.platform.WrappedComposition$setContent$1.invoke(Wrapper.android.kt:124)
        at androidx.compose.ui.platform.AndroidComposeView.onAttachedToWindow(AndroidComposeView.android.kt:1712)
        at android.view.View.dispatchAttachedToWindow(View.java:23105)
        at android.view.ViewGroup.dispatchAttachedToWindow(ViewGroup.java:3520)
        at android.view.ViewGroup.dispatchAttachedToWindow(ViewGroup.java:3527)
        at android.view.ViewGroup.addViewInner(ViewGroup.java:5332)
        at android.view.ViewGroup.addView(ViewGroup.java:5118)
        at java.base@21.0.11/jdk.internal.reflect.DirectMethodHandleAccessor.invoke(DirectMethodHandleAccessor.java:103)
        at org.robolectric.shadows.ShadowViewGroup$ViewGroupReflector$$Reflector30.addView(Unknown Source)
        at org.robolectric.shadows.ShadowViewGroup.lambda$addView$0(ShadowViewGroup.java:29)
        at org.robolectric.shadows.ShadowViewGroup.addView(ShadowViewGroup.java:33)
        at android.view.ViewGroup.addView(ViewGroup.java)
        at android.view.ViewGroup.addView(ViewGroup.java:5090)
        at com.android.internal.policy.PhoneWindow.setContentView(PhoneWindow.java:613)
        at android.app.Activity.setContentView(Activity.java:3928)
        at androidx.activity.ComponentActivity.setContentView(ComponentActivity.kt:402)
        at androidx.activity.compose.ComponentActivityKt.setContent(ComponentActivity.kt:72)
        at androidx.compose.ui.test.AndroidComposeUiTestEnvironment$AndroidComposeUiTestImpl$setContent$3.invoke(ComposeUiTest.android.kt:489)
        at androidx.compose.ui.test.AndroidComposeUiTestEnvironment$AndroidComposeUiTestImpl$setContent$3.invoke(ComposeUiTest.android.kt:488)
        at androidx.compose.ui.test.AndroidSynchronization_androidKt.runOnUiThread(AndroidSynchronization.android.kt:33)
        at androidx.compose.ui.test.AndroidComposeUiTestEnvironment$AndroidTestOwner.runOnUiThread(ComposeUiTest.android.kt:539)
        at androidx.compose.ui.test.AndroidComposeUiTestEnvironment$AndroidComposeUiTestImpl.runOnUiThread(ComposeUiTest.android.kt:405)
        at androidx.compose.ui.test.AndroidComposeUiTestEnvironment$AndroidComposeUiTestImpl.setContent(ComposeUiTest.android.kt:488)
        at androidx.compose.ui.test.junit4.AndroidComposeTestRule.setContent(AndroidComposeTestRule.android.kt:348)
        at com.example.WelcomeScreenScreenshotTest.setupContent(WelcomeScreenScreenshotTest.kt:58)
        at com.example.WelcomeScreenScreenshotTest.captureWelcomeScreen_412x915(WelcomeScreenScreenshotTest.kt:86)

        Caused by:
        java.lang.NullPointerException: null cannot be cast to non-null type android.graphics.drawable.BitmapDrawable
            at androidx.compose.ui.res.ImageResources_androidKt.imageResource(ImageResources.android.kt:39)
            at androidx.compose.ui.res.PainterResources_androidKt.loadImageBitmapResource(PainterResources.android.kt:114)
            at androidx.compose.ui.res.PainterResources_androidKt.painterResource(PainterResources.android.kt:75)
            at com.example.ui.screens.WelcomeScreenKt.WelcomeScreen(WelcomeScreen.kt:93)
            at com.example.WelcomeScreenScreenshotTest.setupContent$lambda$4$lambda$3(WelcomeScreenScreenshotTest.kt:60)
            at androidx.compose.runtime.internal.ComposableLambdaImpl.invoke(ComposableLambda.jvm.kt:109)
            at androidx.compose.runtime.internal.ComposableLambdaImpl.invoke(ComposableLambda.jvm.kt:35)
            at androidx.compose.runtime.CompositionLocalKt.CompositionLocalProvider(CompositionLocal.kt:401)
            at androidx.compose.material3.TextKt.ProvideTextStyle(Text.kt:349)
            at androidx.compose.material3.MaterialThemeKt$MaterialTheme$1.invoke(MaterialTheme.kt:69)
            at androidx.compose.material3.MaterialThemeKt$MaterialTheme$1.invoke(MaterialTheme.kt:68)
            at androidx.compose.runtime.internal.ComposableLambdaImpl.invoke(ComposableLambda.jvm.kt:109)
            at androidx.compose.runtime.internal.ComposableLambdaImpl.invoke(ComposableLambda.jvm.kt:35)
            at androidx.compose.runtime.CompositionLocalKt.CompositionLocalProvider(CompositionLocal.kt:380)
            at androidx.compose.material3.MaterialThemeKt.MaterialTheme(MaterialTheme.kt:60)
            at com.example.ui.theme.ThemeKt.HumanV1Theme(Theme.kt:71)
            at com.example.WelcomeScreenScreenshotTest.setupContent$lambda$4(WelcomeScreenScreenshotTest.kt:59)
            at androidx.compose.runtime.internal.ComposableLambdaImpl.invoke(ComposableLambda.jvm.kt:109)
            at androidx.compose.runtime.internal.ComposableLambdaImpl.invoke(ComposableLambda.jvm.kt:35)
            at androidx.compose.ui.platform.ComposeView.Content(ComposeView.android.kt:441)
            at androidx.compose.ui.platform.AbstractComposeView$ensureCompositionCreated$1.invoke(ComposeView.android.kt:259)
            at androidx.compose.ui.platform.AbstractComposeView$ensureCompositionCreated$1.invoke(ComposeView.android.kt:258)
            at androidx.compose.runtime.internal.ComposableLambdaImpl.invoke(ComposableLambda.jvm.kt:109)
            at androidx.compose.runtime.internal.ComposableLambdaImpl.invoke(ComposableLambda.jvm.kt:35)
            at androidx.compose.runtime.CompositionLocalKt.CompositionLocalProvider(CompositionLocal.kt:380)
            at androidx.compose.ui.platform.CompositionLocalsKt.ProvideCommonCompositionLocals(CompositionLocals.kt:216)
            at androidx.compose.ui.platform.AndroidCompositionLocals_androidKt$ProvideAndroidCompositionLocals$3.invoke(AndroidCompositionLocals.android.kt:132)
            at androidx.compose.ui.platform.AndroidCompositionLocals_androidKt$ProvideAndroidCompositionLocals$3.invoke(AndroidCompositionLocals.android.kt:131)
            at androidx.compose.runtime.internal.ComposableLambdaImpl.invoke(ComposableLambda.jvm.kt:109)
            at androidx.compose.runtime.internal.ComposableLambdaImpl.invoke(ComposableLambda.jvm.kt:35)
            at androidx.compose.runtime.CompositionLocalKt.CompositionLocalProvider(CompositionLocal.kt:380)
            at androidx.compose.ui.platform.AndroidCompositionLocals_androidKt.ProvideAndroidCompositionLocals(AndroidCompositionLocals.android.kt:121)
            at androidx.compose.ui.platform.WrappedComposition$setContent$1$1$3.invoke(Wrapper.android.kt:155)
            at androidx.compose.ui.platform.WrappedComposition$setContent$1$1$3.invoke(Wrapper.android.kt:154)
            at androidx.compose.runtime.internal.ComposableLambdaImpl.invoke(ComposableLambda.jvm.kt:109)
            at androidx.compose.runtime.internal.ComposableLambdaImpl.invoke(ComposableLambda.jvm.kt:35)
            at androidx.compose.runtime.CompositionLocalKt.CompositionLocalProvider(CompositionLocal.kt:401)
            at androidx.compose.ui.platform.WrappedComposition$setContent$1$1.invoke(Wrapper.android.kt:154)
            at androidx.compose.ui.platform.WrappedComposition$setContent$1$1.invoke(Wrapper.android.kt:133)
            at androidx.compose.runtime.internal.ComposableLambdaImpl.invoke(ComposableLambda.jvm.kt:109)
            at androidx.compose.runtime.internal.ComposableLambdaImpl.invoke(ComposableLambda.jvm.kt:35)
            at androidx.compose.runtime.ActualJvm_jvmKt.invokeComposable(ActualJvm.jvm.kt:97)
            at androidx.compose.runtime.ComposerImpl.doCompose(Composer.kt:3595)
            at androidx.compose.runtime.ComposerImpl.composeContent$runtime_release(Composer.kt:3522)
            at androidx.compose.runtime.CompositionImpl.composeContent(Composition.kt:743)
            at androidx.compose.runtime.Recomposer.composeInitial$runtime_release(Recomposer.kt:1122)
            at androidx.compose.runtime.CompositionImpl.composeInitial(Composition.kt:649)
            at androidx.compose.runtime.CompositionImpl.setContent(Composition.kt:635)
            at androidx.compose.ui.platform.WrappedComposition$setContent$1.invoke(Wrapper.android.kt:133)
            at androidx.compose.ui.platform.WrappedComposition$setContent$1.invoke(Wrapper.android.kt:124)
            at androidx.compose.ui.platform.AndroidComposeView.setOnViewTreeOwnersAvailable(AndroidComposeView.android.kt:1631)
            at androidx.compose.ui.platform.WrappedComposition.setContent(Wrapper.android.kt:124)
            at androidx.compose.ui.platform.WrappedComposition.onStateChanged(Wrapper.android.kt:180)
            at androidx.lifecycle.LifecycleRegistry$ObserverWithState.dispatchEvent(LifecycleRegistry.jvm.kt:320)
            at androidx.lifecycle.LifecycleRegistry.addObserver(LifecycleRegistry.jvm.kt:198)
            at androidx.compose.ui.platform.WrappedComposition$setContent$1.invoke(Wrapper.android.kt:131)
            at androidx.compose.ui.platform.WrappedComposition$setContent$1.invoke(Wrapper.android.kt:124)
            at androidx.compose.ui.platform.AndroidComposeView.onAttachedToWindow(AndroidComposeView.android.kt:1712)
            at android.view.View.$$robo$$android_view_View$dispatchAttachedToWindow(View.java:23105)
            at android.view.View.dispatchAttachedToWindow(View.java)
            at android.view.ViewGroup.$$robo$$android_view_ViewGroup$dispatchAttachedToWindow(ViewGroup.java:3520)
            at android.view.ViewGroup.dispatchAttachedToWindow(ViewGroup.java)
            at android.view.ViewGroup.$$robo$$android_view_ViewGroup$dispatchAttachedToWindow(ViewGroup.java:3527)
            at android.view.ViewGroup.dispatchAttachedToWindow(ViewGroup.java)
            at android.view.ViewGroup.$$robo$$android_view_ViewGroup$addViewInner(ViewGroup.java:5332)
            at android.view.ViewGroup.addViewInner(ViewGroup.java)
            at android.view.ViewGroup.$$robo$$android_view_ViewGroup$addView(ViewGroup.java:5118)
            at java.base/jdk.internal.reflect.DirectMethodHandleAccessor.invoke(DirectMethodHandleAccessor.java:103)
            at java.base/java.lang.reflect.Method.invoke(Method.java:580)
            at org.robolectric.shadows.ShadowViewGroup$ViewGroupReflector$$Reflector30.addView(Unknown Source)
            at org.robolectric.shadows.ShadowViewGroup.lambda$addView$0(ShadowViewGroup.java:29)
            at org.robolectric.shadows.ShadowViewGroup.addView(ShadowViewGroup.java:33)
            at android.view.ViewGroup.addView(ViewGroup.java)
            at android.view.ViewGroup.$$robo$$android_view_ViewGroup$addView(ViewGroup.java:5090)
            at android.view.ViewGroup.addView(ViewGroup.java)
            at com.android.internal.policy.PhoneWindow.$$robo$$com_android_internal_policy_PhoneWindow$setContentView(PhoneWindow.java:613)
            at com.android.internal.policy.PhoneWindow.setContentView(PhoneWindow.java)
            at android.app.Activity.$$robo$$android_app_Activity$setContentView(Activity.java:3928)
            at android.app.Activity.setContentView(Activity.java)
            ... 11 more

ActiveWorkoutBehavioralTest > testRestTimerNaturalExpiry STANDARD_ERROR
    System.logW: A resource was acquired at attached stack trace but never released. See java.io.Closeable for information on avoiding resource leaks.
    java.lang.Throwable: Explicit termination method 'close' not called
    	at dalvik.system.CloseGuard.$$robo$$dalvik_system_CloseGuard$openWithCallSite(CloseGuard.java:288)
    	at dalvik.system.CloseGuard.openWithCallSite(CloseGuard.java)
    	at dalvik.system.CloseGuard.$$robo$$dalvik_system_CloseGuard$open(CloseGuard.java:257)
    	at java.base/jdk.internal.reflect.DirectMethodHandleAccessor.invoke(DirectMethodHandleAccessor.java:103)
    	at java.base/java.lang.reflect.Method.invoke(Method.java:580)
    	at org.robolectric.shadows.ShadowCloseGuard$CloseGuardReflector$$Reflector33.open(Unknown Source)
    	at org.robolectric.shadows.ShadowCloseGuard.open(ShadowCloseGuard.java:38)
    	at dalvik.system.CloseGuard.open(CloseGuard.java)
    	at android.database.sqlite.SQLiteDatabase.$$robo$$android_database_sqlite_SQLiteDatabase$openInner(SQLiteDatabase.java:1192)
    	at android.database.sqlite.SQLiteDatabase.openInner(SQLiteDatabase.java)
    	at android.database.sqlite.SQLiteDatabase.$$robo$$android_database_sqlite_SQLiteDatabase$open(SQLiteDatabase.java:1171)
    	at android.database.sqlite.SQLiteDatabase.open(SQLiteDatabase.java)
    	at android.database.sqlite.SQLiteDatabase.$$robo$$android_database_sqlite_SQLiteDatabase$openDatabase(SQLiteDatabase.java:1035)
    	at android.database.sqlite.SQLiteDatabase.openDatabase(SQLiteDatabase.java)
    	at android.database.sqlite.SQLiteDatabase.$$robo$$android_database_sqlite_SQLiteDatabase$createInMemory(SQLiteDatabase.java:1231)
    	at android.database.sqlite.SQLiteDatabase.createInMemory(SQLiteDatabase.java)
    	at android.database.sqlite.SQLiteOpenHelper.$$robo$$android_database_sqlite_SQLiteOpenHelper$getDatabaseLocked(SQLiteOpenHelper.java:389)
    	at android.database.sqlite.SQLiteOpenHelper.getDatabaseLocked(SQLiteOpenHelper.java)
    	at android.database.sqlite.SQLiteOpenHelper.$$robo$$android_database_sqlite_SQLiteOpenHelper$getWritableDatabase(SQLiteOpenHelper.java:336)
    	at android.database.sqlite.SQLiteOpenHelper.getWritableDatabase(SQLiteOpenHelper.java)
    	at androidx.sqlite.db.framework.FrameworkSQLiteOpenHelper$OpenHelper.getWritableOrReadableDatabase(FrameworkSQLiteOpenHelper.android.kt:224)
    	at androidx.sqlite.db.framework.FrameworkSQLiteOpenHelper$OpenHelper.innerGetDatabase(FrameworkSQLiteOpenHelper.android.kt:167)
    	at androidx.sqlite.db.framework.FrameworkSQLiteOpenHelper$OpenHelper.getSupportDatabase(FrameworkSQLiteOpenHelper.android.kt:141)
    	at androidx.sqlite.db.framework.FrameworkSQLiteOpenHelper.getWritableDatabase(FrameworkSQLiteOpenHelper.android.kt:96)
    	at androidx.room.driver.SupportSQLiteDriver.open(SupportSQLiteDriver.android.kt:26)
    	at androidx.room.driver.SupportSQLiteConnectionPool.getSupportConnection(SupportSQLiteConnectionPool.android.kt:35)
    	at androidx.room.driver.SupportSQLiteConnectionPool.useConnection(SupportSQLiteConnectionPool.android.kt:42)
    	at androidx.room.RoomConnectionManager.useConnection(RoomConnectionManager.android.kt:126)
    	at androidx.room.RoomDatabase.useConnection$room_runtime_release(RoomDatabase.android.kt:588)
    	at androidx.room.util.DBUtil__DBUtil_androidKt$performSuspending$$inlined$compatCoroutineExecute$DBUtil__DBUtil_androidKt$1.invokeSuspend(DBUtil.android.kt:109)
    	at kotlin.coroutines.jvm.internal.BaseContinuationImpl.resumeWith(ContinuationImpl.kt:33)
    	at kotlinx.coroutines.DispatchedTask.run(DispatchedTask.kt:100)
    	at com.example.NavigationAndIndicatorRegressionTest.getLazyViewModel$lambda$0(NavigationAndIndicatorRegressionTest.kt:71)
    	at kotlinx.coroutines.ExecutorCoroutineDispatcherImpl.dispatch(Executors.kt:131)
    	at kotlinx.coroutines.internal.DispatchedContinuationKt.safeDispatch(DispatchedContinuation.kt:254)
    	at kotlinx.coroutines.internal.DispatchedContinuationKt.resumeCancellableWith(DispatchedContinuation.kt:318)
    	at kotlinx.coroutines.intrinsics.CancellableKt.startCoroutineCancellable(Cancellable.kt:26)
    	at kotlinx.coroutines.BuildersKt__Builders_commonKt.withContext(Builders.common.kt:170)
    	at kotlinx.coroutines.BuildersKt.withContext(Unknown Source)
    	at androidx.room.util.DBUtil__DBUtil_androidKt.performSuspending(DBUtil.android.kt:247)
    	at androidx.room.util.DBUtil.performSuspending(Unknown Source)
    	at com.example.data.StrengthDao_Impl.getUserProfile(StrengthDao_Impl.kt:837)
    	at com.example.data.StrengthRepository.getUserProfile(StrengthRepository.kt:36)
    	at com.example.data.AuthRepository$1.invokeSuspend(AuthRepository.kt:62)
    	at kotlin.coroutines.jvm.internal.BaseContinuationImpl.resumeWith(ContinuationImpl.kt:33)
    	at kotlinx.coroutines.DispatchedTask.run(DispatchedTask.kt:100)
    	at kotlinx.coroutines.internal.LimitedDispatcher$Worker.run(LimitedDispatcher.kt:124)
    	at kotlinx.coroutines.scheduling.TaskImpl.run(Tasks.kt:89)
    	at kotlinx.coroutines.scheduling.CoroutineScheduler.runSafely(CoroutineScheduler.kt:586)
    	at kotlinx.coroutines.scheduling.CoroutineScheduler$Worker.executeTask(CoroutineScheduler.kt:820)
    	at kotlinx.coroutines.scheduling.CoroutineScheduler$Worker.runWorker(CoroutineScheduler.kt:717)
    	at kotlinx.coroutines.scheduling.CoroutineScheduler$Worker.run(CoroutineScheduler.kt:704)


ActiveWorkoutScreenshotTest > long_exercise_name_screenshot STANDARD_ERROR
    System.logW: A resource was acquired at attached stack trace but never released. See java.io.Closeable for information on avoiding resource leaks.
    java.lang.Throwable: Explicit termination method 'SQLiteConnection.close' not called
    	at dalvik.system.CloseGuard.$$robo$$dalvik_system_CloseGuard$openWithCallSite(CloseGuard.java:288)
    	at dalvik.system.CloseGuard.openWithCallSite(CloseGuard.java)
    	at dalvik.system.CloseGuard.$$robo$$dalvik_system_CloseGuard$open(CloseGuard.java:257)
    	at java.base/jdk.internal.reflect.DirectMethodHandleAccessor.invoke(DirectMethodHandleAccessor.java:103)
    	at java.base/java.lang.reflect.Method.invoke(Method.java:580)
    	at org.robolectric.shadows.ShadowCloseGuard$CloseGuardReflector$$Reflector87.open(Unknown Source)
    	at org.robolectric.shadows.ShadowCloseGuard.open(ShadowCloseGuard.java:38)
    	at dalvik.system.CloseGuard.open(CloseGuard.java)
    	at android.database.sqlite.SQLiteConnection.$$robo$$android_database_sqlite_SQLiteConnection$__constructor__(SQLiteConnection.java:197)
    	at android.database.sqlite.SQLiteConnection.<init>(SQLiteConnection.java:188)
    	at android.database.sqlite.SQLiteConnection.$$robo$$android_database_sqlite_SQLiteConnection$open(SQLiteConnection.java:217)
    	at android.database.sqlite.SQLiteConnection.open(SQLiteConnection.java)
    	at android.database.sqlite.SQLiteConnectionPool.$$robo$$android_database_sqlite_SQLiteConnectionPool$openConnectionLocked(SQLiteConnectionPool.java:542)
    	at android.database.sqlite.SQLiteConnectionPool.openConnectionLocked(SQLiteConnectionPool.java)
    	at android.database.sqlite.SQLiteConnectionPool.$$robo$$android_database_sqlite_SQLiteConnectionPool$open(SQLiteConnectionPool.java:228)
    	at android.database.sqlite.SQLiteConnectionPool.open(SQLiteConnectionPool.java)
    	at android.database.sqlite.SQLiteConnectionPool.$$robo$$android_database_sqlite_SQLiteConnectionPool$open(SQLiteConnectionPool.java:220)
    	at android.database.sqlite.SQLiteConnectionPool.open(SQLiteConnectionPool.java)
    	at android.database.sqlite.SQLiteDatabase.$$robo$$android_database_sqlite_SQLiteDatabase$openInner(SQLiteDatabase.java:1191)
    	at android.database.sqlite.SQLiteDatabase.openInner(SQLiteDatabase.java)
    	at android.database.sqlite.SQLiteDatabase.$$robo$$android_database_sqlite_SQLiteDatabase$open(SQLiteDatabase.java:1171)
    	at android.database.sqlite.SQLiteDatabase.open(SQLiteDatabase.java)
    	at android.database.sqlite.SQLiteDatabase.$$robo$$android_database_sqlite_SQLiteDatabase$openDatabase(SQLiteDatabase.java:1035)
    	at android.database.sqlite.SQLiteDatabase.openDatabase(SQLiteDatabase.java)
    	at android.database.sqlite.SQLiteDatabase.$$robo$$android_database_sqlite_SQLiteDatabase$createInMemory(SQLiteDatabase.java:1231)
    	at android.database.sqlite.SQLiteDatabase.createInMemory(SQLiteDatabase.java)
    	at android.database.sqlite.SQLiteOpenHelper.$$robo$$android_database_sqlite_SQLiteOpenHelper$getDatabaseLocked(SQLiteOpenHelper.java:389)
    	at android.database.sqlite.SQLiteOpenHelper.getDatabaseLocked(SQLiteOpenHelper.java)
    	at android.database.sqlite.SQLiteOpenHelper.$$robo$$android_database_sqlite_SQLiteOpenHelper$getWritableDatabase(SQLiteOpenHelper.java:336)
    	at android.database.sqlite.SQLiteOpenHelper.getWritableDatabase(SQLiteOpenHelper.java)
    	at androidx.sqlite.db.framework.FrameworkSQLiteOpenHelper$OpenHelper.getWritableOrReadableDatabase(FrameworkSQLiteOpenHelper.android.kt:224)
    	at androidx.sqlite.db.framework.FrameworkSQLiteOpenHelper$OpenHelper.innerGetDatabase(FrameworkSQLiteOpenHelper.android.kt:167)
    	at androidx.sqlite.db.framework.FrameworkSQLiteOpenHelper$OpenHelper.getSupportDatabase(FrameworkSQLiteOpenHelper.android.kt:141)
    	at androidx.sqlite.db.framework.FrameworkSQLiteOpenHelper.getWritableDatabase(FrameworkSQLiteOpenHelper.android.kt:96)
    	at androidx.room.driver.SupportSQLiteDriver.open(SupportSQLiteDriver.android.kt:26)
    	at androidx.room.driver.SupportSQLiteConnectionPool.getSupportConnection(SupportSQLiteConnectionPool.android.kt:35)
    	at androidx.room.driver.SupportSQLiteConnectionPool.useConnection(SupportSQLiteConnectionPool.android.kt:42)
    	at androidx.room.RoomConnectionManager.useConnection(RoomConnectionManager.android.kt:126)
    	at androidx.room.RoomDatabase.useConnection$room_runtime_release(RoomDatabase.android.kt:588)
    	at androidx.room.util.DBUtil__DBUtil_androidKt$performSuspending$$inlined$compatCoroutineExecute$DBUtil__DBUtil_androidKt$1.invokeSuspend(DBUtil.android.kt:109)
    	at kotlin.coroutines.jvm.internal.BaseContinuationImpl.resumeWith(ContinuationImpl.kt:33)
    	at kotlinx.coroutines.DispatchedTask.run(DispatchedTask.kt:100)
    	at java.base/java.util.concurrent.ThreadPoolExecutor.runWorker(ThreadPoolExecutor.java:1144)
    	at java.base/java.util.concurrent.ThreadPoolExecutor$Worker.run(ThreadPoolExecutor.java:642)
    	at java.base/java.lang.Thread.run(Thread.java:1583)


ExampleRobolectricTest > testWorkoutCompletionSequence_success STANDARD_ERROR
    System.logW: A resource was acquired at attached stack trace but never released. See java.io.Closeable for information on avoiding resource leaks.
    java.lang.Throwable: Explicit termination method 'SQLiteConnection.close' not called
    	at dalvik.system.CloseGuard.$$robo$$dalvik_system_CloseGuard$openWithCallSite(CloseGuard.java:288)
    	at dalvik.system.CloseGuard.openWithCallSite(CloseGuard.java)
    	at dalvik.system.CloseGuard.$$robo$$dalvik_system_CloseGuard$open(CloseGuard.java:257)
    	at java.base/jdk.internal.reflect.DirectMethodHandleAccessor.invoke(DirectMethodHandleAccessor.java:103)
    	at java.base/java.lang.reflect.Method.invoke(Method.java:580)
    	at org.robolectric.shadows.ShadowCloseGuard$CloseGuardReflector$$Reflector87.open(Unknown Source)
    	at org.robolectric.shadows.ShadowCloseGuard.open(ShadowCloseGuard.java:38)
    	at dalvik.system.CloseGuard.open(CloseGuard.java)
    	at android.database.sqlite.SQLiteConnection.$$robo$$android_database_sqlite_SQLiteConnection$__constructor__(SQLiteConnection.java:197)
    	at android.database.sqlite.SQLiteConnection.<init>(SQLiteConnection.java:188)
    	at android.database.sqlite.SQLiteConnection.$$robo$$android_database_sqlite_SQLiteConnection$open(SQLiteConnection.java:217)
    	at android.database.sqlite.SQLiteConnection.open(SQLiteConnection.java)
    	at android.database.sqlite.SQLiteConnectionPool.$$robo$$android_database_sqlite_SQLiteConnectionPool$openConnectionLocked(SQLiteConnectionPool.java:542)
    	at android.database.sqlite.SQLiteConnectionPool.openConnectionLocked(SQLiteConnectionPool.java)
    	at android.database.sqlite.SQLiteConnectionPool.$$robo$$android_database_sqlite_SQLiteConnectionPool$open(SQLiteConnectionPool.java:228)
    	at android.database.sqlite.SQLiteConnectionPool.open(SQLiteConnectionPool.java)
    	at android.database.sqlite.SQLiteConnectionPool.$$robo$$android_database_sqlite_SQLiteConnectionPool$open(SQLiteConnectionPool.java:220)
    	at android.database.sqlite.SQLiteConnectionPool.open(SQLiteConnectionPool.java)
    	at android.database.sqlite.SQLiteDatabase.$$robo$$android_database_sqlite_SQLiteDatabase$openInner(SQLiteDatabase.java:1191)
    	at android.database.sqlite.SQLiteDatabase.openInner(SQLiteDatabase.java)
    	at android.database.sqlite.SQLiteDatabase.$$robo$$android_database_sqlite_SQLiteDatabase$open(SQLiteDatabase.java:1171)
    	at android.database.sqlite.SQLiteDatabase.open(SQLiteDatabase.java)
    	at android.database.sqlite.SQLiteDatabase.$$robo$$android_database_sqlite_SQLiteDatabase$openDatabase(SQLiteDatabase.java:1035)
    	at android.database.sqlite.SQLiteDatabase.openDatabase(SQLiteDatabase.java)
    	at android.database.sqlite.SQLiteDatabase.$$robo$$android_database_sqlite_SQLiteDatabase$createInMemory(SQLiteDatabase.java:1231)
    	at android.database.sqlite.SQLiteDatabase.createInMemory(SQLiteDatabase.java)
    	at android.database.sqlite.SQLiteOpenHelper.$$robo$$android_database_sqlite_SQLiteOpenHelper$getDatabaseLocked(SQLiteOpenHelper.java:389)
    	at android.database.sqlite.SQLiteOpenHelper.getDatabaseLocked(SQLiteOpenHelper.java)
    	at android.database.sqlite.SQLiteOpenHelper.$$robo$$android_database_sqlite_SQLiteOpenHelper$getWritableDatabase(SQLiteOpenHelper.java:336)
    	at android.database.sqlite.SQLiteOpenHelper.getWritableDatabase(SQLiteOpenHelper.java)
    	at androidx.sqlite.db.framework.FrameworkSQLiteOpenHelper$OpenHelper.getWritableOrReadableDatabase(FrameworkSQLiteOpenHelper.android.kt:224)
    	at androidx.sqlite.db.framework.FrameworkSQLiteOpenHelper$OpenHelper.innerGetDatabase(FrameworkSQLiteOpenHelper.android.kt:167)
    	at androidx.sqlite.db.framework.FrameworkSQLiteOpenHelper$OpenHelper.getSupportDatabase(FrameworkSQLiteOpenHelper.android.kt:141)
    	at androidx.sqlite.db.framework.FrameworkSQLiteOpenHelper.getWritableDatabase(FrameworkSQLiteOpenHelper.android.kt:96)
    	at androidx.room.driver.SupportSQLiteDriver.open(SupportSQLiteDriver.android.kt:26)
    	at androidx.room.driver.SupportSQLiteConnectionPool.getSupportConnection(SupportSQLiteConnectionPool.android.kt:35)
    	at androidx.room.driver.SupportSQLiteConnectionPool.useConnection(SupportSQLiteConnectionPool.android.kt:42)
    	at androidx.room.RoomConnectionManager.useConnection(RoomConnectionManager.android.kt:126)
    	at androidx.room.RoomDatabase.useConnection$room_runtime_release(RoomDatabase.android.kt:588)
    	at androidx.room.util.DBUtil__DBUtil_androidKt$performSuspending$$inlined$compatCoroutineExecute$DBUtil__DBUtil_androidKt$1.invokeSuspend(DBUtil.android.kt:109)
    	at kotlin.coroutines.jvm.internal.BaseContinuationImpl.resumeWith(ContinuationImpl.kt:33)
    	at kotlinx.coroutines.DispatchedTask.run(DispatchedTask.kt:100)
    	at java.base/java.util.concurrent.ThreadPoolExecutor.runWorker(ThreadPoolExecutor.java:1144)
    	at java.base/java.util.concurrent.ThreadPoolExecutor$Worker.run(ThreadPoolExecutor.java:642)
    	at java.base/java.lang.Thread.run(Thread.java:1583)


ExampleRobolectricTest > testHumanUserIdGenerator_offlineStableAndDeterministic STANDARD_ERROR
    System.logW: A resource was acquired at attached stack trace but never released. See java.io.Closeable for information on avoiding resource leaks.
    java.lang.Throwable: Explicit termination method 'SQLiteConnection.close' not called
    	at dalvik.system.CloseGuard.$$robo$$dalvik_system_CloseGuard$openWithCallSite(CloseGuard.java:288)
    	at dalvik.system.CloseGuard.openWithCallSite(CloseGuard.java)
    	at dalvik.system.CloseGuard.$$robo$$dalvik_system_CloseGuard$open(CloseGuard.java:257)
    	at java.base/jdk.internal.reflect.DirectMethodHandleAccessor.invoke(DirectMethodHandleAccessor.java:103)
    	at java.base/java.lang.reflect.Method.invoke(Method.java:580)
    	at org.robolectric.shadows.ShadowCloseGuard$CloseGuardReflector$$Reflector87.open(Unknown Source)
    	at org.robolectric.shadows.ShadowCloseGuard.open(ShadowCloseGuard.java:38)
    	at dalvik.system.CloseGuard.open(CloseGuard.java)
    	at android.database.sqlite.SQLiteConnection.$$robo$$android_database_sqlite_SQLiteConnection$__constructor__(SQLiteConnection.java:197)
    	at android.database.sqlite.SQLiteConnection.<init>(SQLiteConnection.java:188)
    	at android.database.sqlite.SQLiteConnection.$$robo$$android_database_sqlite_SQLiteConnection$open(SQLiteConnection.java:217)
    	at android.database.sqlite.SQLiteConnection.open(SQLiteConnection.java)
    	at android.database.sqlite.SQLiteConnectionPool.$$robo$$android_database_sqlite_SQLiteConnectionPool$openConnectionLocked(SQLiteConnectionPool.java:542)
    	at android.database.sqlite.SQLiteConnectionPool.openConnectionLocked(SQLiteConnectionPool.java)
    	at android.database.sqlite.SQLiteConnectionPool.$$robo$$android_database_sqlite_SQLiteConnectionPool$open(SQLiteConnectionPool.java:228)
    	at android.database.sqlite.SQLiteConnectionPool.open(SQLiteConnectionPool.java)
    	at android.database.sqlite.SQLiteConnectionPool.$$robo$$android_database_sqlite_SQLiteConnectionPool$open(SQLiteConnectionPool.java:220)
    	at android.database.sqlite.SQLiteConnectionPool.open(SQLiteConnectionPool.java)
    	at android.database.sqlite.SQLiteDatabase.$$robo$$android_database_sqlite_SQLiteDatabase$openInner(SQLiteDatabase.java:1191)
    	at android.database.sqlite.SQLiteDatabase.openInner(SQLiteDatabase.java)
    	at android.database.sqlite.SQLiteDatabase.$$robo$$android_database_sqlite_SQLiteDatabase$open(SQLiteDatabase.java:1171)
    	at android.database.sqlite.SQLiteDatabase.open(SQLiteDatabase.java)
    	at android.database.sqlite.SQLiteDatabase.$$robo$$android_database_sqlite_SQLiteDatabase$openDatabase(SQLiteDatabase.java:1035)
    	at android.database.sqlite.SQLiteDatabase.openDatabase(SQLiteDatabase.java)
    	at android.database.sqlite.SQLiteDatabase.$$robo$$android_database_sqlite_SQLiteDatabase$createInMemory(SQLiteDatabase.java:1231)
    	at android.database.sqlite.SQLiteDatabase.createInMemory(SQLiteDatabase.java)
    	at android.database.sqlite.SQLiteOpenHelper.$$robo$$android_database_sqlite_SQLiteOpenHelper$getDatabaseLocked(SQLiteOpenHelper.java:389)
    	at android.database.sqlite.SQLiteOpenHelper.getDatabaseLocked(SQLiteOpenHelper.java)
    	at android.database.sqlite.SQLiteOpenHelper.$$robo$$android_database_sqlite_SQLiteOpenHelper$getWritableDatabase(SQLiteOpenHelper.java:336)
    	at android.database.sqlite.SQLiteOpenHelper.getWritableDatabase(SQLiteOpenHelper.java)
    	at androidx.sqlite.db.framework.FrameworkSQLiteOpenHelper$OpenHelper.getWritableOrReadableDatabase(FrameworkSQLiteOpenHelper.android.kt:224)
    	at androidx.sqlite.db.framework.FrameworkSQLiteOpenHelper$OpenHelper.innerGetDatabase(FrameworkSQLiteOpenHelper.android.kt:167)
    	at androidx.sqlite.db.framework.FrameworkSQLiteOpenHelper$OpenHelper.getSupportDatabase(FrameworkSQLiteOpenHelper.android.kt:141)
    	at androidx.sqlite.db.framework.FrameworkSQLiteOpenHelper.getWritableDatabase(FrameworkSQLiteOpenHelper.android.kt:96)
    	at androidx.room.driver.SupportSQLiteDriver.open(SupportSQLiteDriver.android.kt:26)
    	at androidx.room.driver.SupportSQLiteConnectionPool.getSupportConnection(SupportSQLiteConnectionPool.android.kt:35)
    	at androidx.room.driver.SupportSQLiteConnectionPool.useConnection(SupportSQLiteConnectionPool.android.kt:42)
    	at androidx.room.RoomConnectionManager.useConnection(RoomConnectionManager.android.kt:126)
    	at androidx.room.RoomDatabase.useConnection$room_runtime_release(RoomDatabase.android.kt:588)
    	at androidx.room.util.DBUtil__DBUtil_androidKt$performSuspending$$inlined$compatCoroutineExecute$DBUtil__DBUtil_androidKt$1.invokeSuspend(DBUtil.android.kt:109)
    	at kotlin.coroutines.jvm.internal.BaseContinuationImpl.resumeWith(ContinuationImpl.kt:33)
    	at kotlinx.coroutines.DispatchedTask.run(DispatchedTask.kt:100)
    	at java.base/java.util.concurrent.ThreadPoolExecutor.runWorker(ThreadPoolExecutor.java:1144)
    	at java.base/java.util.concurrent.ThreadPoolExecutor$Worker.run(ThreadPoolExecutor.java:642)
    	at java.base/java.lang.Thread.run(Thread.java:1583)


ExampleRobolectricTest > testMainActivityLaunchesWithoutCrashing STANDARD_ERROR
    System.logW: A resource was acquired at attached stack trace but never released. See java.io.Closeable for information on avoiding resource leaks.
    java.lang.Throwable: Explicit termination method 'SQLiteConnection.close' not called
    	at dalvik.system.CloseGuard.$$robo$$dalvik_system_CloseGuard$openWithCallSite(CloseGuard.java:288)
    	at dalvik.system.CloseGuard.openWithCallSite(CloseGuard.java)
    	at dalvik.system.CloseGuard.$$robo$$dalvik_system_CloseGuard$open(CloseGuard.java:257)
    	at java.base/jdk.internal.reflect.DirectMethodHandleAccessor.invoke(DirectMethodHandleAccessor.java:103)
    	at java.base/java.lang.reflect.Method.invoke(Method.java:580)
    	at org.robolectric.shadows.ShadowCloseGuard$CloseGuardReflector$$Reflector87.open(Unknown Source)
    	at org.robolectric.shadows.ShadowCloseGuard.open(ShadowCloseGuard.java:38)
    	at dalvik.system.CloseGuard.open(CloseGuard.java)
    	at android.database.sqlite.SQLiteConnection.$$robo$$android_database_sqlite_SQLiteConnection$__constructor__(SQLiteConnection.java:197)
    	at android.database.sqlite.SQLiteConnection.<init>(SQLiteConnection.java:188)
    	at android.database.sqlite.SQLiteConnection.$$robo$$android_database_sqlite_SQLiteConnection$open(SQLiteConnection.java:217)
    	at android.database.sqlite.SQLiteConnection.open(SQLiteConnection.java)
    	at android.database.sqlite.SQLiteConnectionPool.$$robo$$android_database_sqlite_SQLiteConnectionPool$openConnectionLocked(SQLiteConnectionPool.java:542)
    	at android.database.sqlite.SQLiteConnectionPool.openConnectionLocked(SQLiteConnectionPool.java)
    	at android.database.sqlite.SQLiteConnectionPool.$$robo$$android_database_sqlite_SQLiteConnectionPool$open(SQLiteConnectionPool.java:228)
    	at android.database.sqlite.SQLiteConnectionPool.open(SQLiteConnectionPool.java)
    	at android.database.sqlite.SQLiteConnectionPool.$$robo$$android_database_sqlite_SQLiteConnectionPool$open(SQLiteConnectionPool.java:220)
    	at android.database.sqlite.SQLiteConnectionPool.open(SQLiteConnectionPool.java)
    	at android.database.sqlite.SQLiteDatabase.$$robo$$android_database_sqlite_SQLiteDatabase$openInner(SQLiteDatabase.java:1191)
    	at android.database.sqlite.SQLiteDatabase.openInner(SQLiteDatabase.java)
    	at android.database.sqlite.SQLiteDatabase.$$robo$$android_database_sqlite_SQLiteDatabase$open(SQLiteDatabase.java:1171)
    	at android.database.sqlite.SQLiteDatabase.open(SQLiteDatabase.java)
    	at android.database.sqlite.SQLiteDatabase.$$robo$$android_database_sqlite_SQLiteDatabase$openDatabase(SQLiteDatabase.java:1035)
    	at android.database.sqlite.SQLiteDatabase.openDatabase(SQLiteDatabase.java)
    	at android.database.sqlite.SQLiteDatabase.$$robo$$android_database_sqlite_SQLiteDatabase$createInMemory(SQLiteDatabase.java:1231)
    	at android.database.sqlite.SQLiteDatabase.createInMemory(SQLiteDatabase.java)
    	at android.database.sqlite.SQLiteOpenHelper.$$robo$$android_database_sqlite_SQLiteOpenHelper$getDatabaseLocked(SQLiteOpenHelper.java:389)
    	at android.database.sqlite.SQLiteOpenHelper.getDatabaseLocked(SQLiteOpenHelper.java)
    	at android.database.sqlite.SQLiteOpenHelper.$$robo$$android_database_sqlite_SQLiteOpenHelper$getWritableDatabase(SQLiteOpenHelper.java:336)
    	at android.database.sqlite.SQLiteOpenHelper.getWritableDatabase(SQLiteOpenHelper.java)
    	at androidx.sqlite.db.framework.FrameworkSQLiteOpenHelper$OpenHelper.getWritableOrReadableDatabase(FrameworkSQLiteOpenHelper.android.kt:224)
    	at androidx.sqlite.db.framework.FrameworkSQLiteOpenHelper$OpenHelper.innerGetDatabase(FrameworkSQLiteOpenHelper.android.kt:167)
    	at androidx.sqlite.db.framework.FrameworkSQLiteOpenHelper$OpenHelper.getSupportDatabase(FrameworkSQLiteOpenHelper.android.kt:141)
    	at androidx.sqlite.db.framework.FrameworkSQLiteOpenHelper.getWritableDatabase(FrameworkSQLiteOpenHelper.android.kt:96)
    	at androidx.room.driver.SupportSQLiteDriver.open(SupportSQLiteDriver.android.kt:26)
    	at androidx.room.driver.SupportSQLiteConnectionPool.getSupportConnection(SupportSQLiteConnectionPool.android.kt:35)
    	at androidx.room.driver.SupportSQLiteConnectionPool.useConnection(SupportSQLiteConnectionPool.android.kt:42)
    	at androidx.room.RoomConnectionManager.useConnection(RoomConnectionManager.android.kt:126)
    	at androidx.room.RoomDatabase.useConnection$room_runtime_release(RoomDatabase.android.kt:588)
    	at androidx.room.util.DBUtil__DBUtil_androidKt$performSuspending$$inlined$compatCoroutineExecute$DBUtil__DBUtil_androidKt$1.invokeSuspend(DBUtil.android.kt:109)
    	at kotlin.coroutines.jvm.internal.BaseContinuationImpl.resumeWith(ContinuationImpl.kt:33)
    	at kotlinx.coroutines.DispatchedTask.run(DispatchedTask.kt:100)
    	at java.base/java.util.concurrent.ThreadPoolExecutor.runWorker(ThreadPoolExecutor.java:1144)
    	at java.base/java.util.concurrent.ThreadPoolExecutor$Worker.run(ThreadPoolExecutor.java:642)
    	at java.base/java.lang.Thread.run(Thread.java:1583)


Gradle Test Executor 3 finished executing tests.

> Task :app:testDebugUnitTest

131 tests completed, 4 failed
Generating HTML test report...
Finished generating test html results (0.025 secs) into: /app/applet/app/build/reports/tests/testDebugUnitTest
Finished generating test XML results (0.007 secs) into: /app/applet/app/build/test-results/testDebugUnitTest

> Task :app:testDebugUnitTest FAILED
Resolve mutations for :app:finalizeTestRoborazziDebug (Thread[#351,Execution worker Thread 2,5,main]) started.
:app:finalizeTestRoborazziDebug (Thread[#351,Execution worker Thread 2,5,main]) started.

> Task :app:finalizeTestRoborazziDebug SKIPPED
Roborazzi: roborazziTestFinalizer.onlyIf doesRoborazziRun false
Skipping task ':app:finalizeTestRoborazziDebug' as task onlyIf 'Task satisfies onlyIf spec' is false.
Build 6255702f-f6f3-4b7d-9450-371676265554 is closed

FAILURE: Build failed with an exception.

* What went wrong:
Execution failed for task ':app:testDebugUnitTest'.
> There were failing tests. See the report at: file:///app/applet/app/build/reports/tests/testDebugUnitTest/index.html

* Try:
> Run with --scan to get full insights from a Build Scan (powered by Develocity).

BUILD FAILED in 41s
33 actionable tasks: 1 executed, 32 up-to-date
Configuration cache entry reused.
